Archive member included to satisfy reference by file (symbol)

/Users/mHardenburgh/gcc-arm-none-eabi-9-2019-q4-major/bin/../lib/gcc/arm-none-eabi/9.2.1/../../../../arm-none-eabi/lib/thumb/v7e-m+fp/hard/libstdc++_nano.a(atexit_arm.o)
                              main.o (__aeabi_atexit)
/Users/mHardenburgh/gcc-arm-none-eabi-9-2019-q4-major/bin/../lib/gcc/arm-none-eabi/9.2.1/thumb/v7e-m+fp/hard/libgcc.a(unwind-arm.o)
                              main.o (__aeabi_unwind_cpp_pr0)
/Users/mHardenburgh/gcc-arm-none-eabi-9-2019-q4-major/bin/../lib/gcc/arm-none-eabi/9.2.1/thumb/v7e-m+fp/hard/libgcc.a(libunwind.o)
                              /Users/mHardenburgh/gcc-arm-none-eabi-9-2019-q4-major/bin/../lib/gcc/arm-none-eabi/9.2.1/thumb/v7e-m+fp/hard/libgcc.a(unwind-arm.o) (restore_core_regs)
/Users/mHardenburgh/gcc-arm-none-eabi-9-2019-q4-major/bin/../lib/gcc/arm-none-eabi/9.2.1/thumb/v7e-m+fp/hard/libgcc.a(pr-support.o)
                              /Users/mHardenburgh/gcc-arm-none-eabi-9-2019-q4-major/bin/../lib/gcc/arm-none-eabi/9.2.1/thumb/v7e-m+fp/hard/libgcc.a(unwind-arm.o) (__gnu_unwind_execute)
/Users/mHardenburgh/gcc-arm-none-eabi-9-2019-q4-major/bin/../lib/gcc/arm-none-eabi/9.2.1/../../../../arm-none-eabi/lib/thumb/v7e-m+fp/hard/libg_nano.a(lib_a-abort.o)
                              /Users/mHardenburgh/gcc-arm-none-eabi-9-2019-q4-major/bin/../lib/gcc/arm-none-eabi/9.2.1/thumb/v7e-m+fp/hard/libgcc.a(unwind-arm.o) (abort)
/Users/mHardenburgh/gcc-arm-none-eabi-9-2019-q4-major/bin/../lib/gcc/arm-none-eabi/9.2.1/../../../../arm-none-eabi/lib/thumb/v7e-m+fp/hard/libg_nano.a(lib_a-cxa_atexit.o)
                              /Users/mHardenburgh/gcc-arm-none-eabi-9-2019-q4-major/bin/../lib/gcc/arm-none-eabi/9.2.1/../../../../arm-none-eabi/lib/thumb/v7e-m+fp/hard/libstdc++_nano.a(atexit_arm.o) (__cxa_atexit)
/Users/mHardenburgh/gcc-arm-none-eabi-9-2019-q4-major/bin/../lib/gcc/arm-none-eabi/9.2.1/../../../../arm-none-eabi/lib/thumb/v7e-m+fp/hard/libg_nano.a(lib_a-exit.o)
                              /Users/mHardenburgh/gcc-arm-none-eabi-9-2019-q4-major/bin/../lib/gcc/arm-none-eabi/9.2.1/../../../../arm-none-eabi/lib/thumb/v7e-m+fp/hard/rdimon-crt0.o (exit)
/Users/mHardenburgh/gcc-arm-none-eabi-9-2019-q4-major/bin/../lib/gcc/arm-none-eabi/9.2.1/../../../../arm-none-eabi/lib/thumb/v7e-m+fp/hard/libg_nano.a(lib_a-impure.o)
                              /Users/mHardenburgh/gcc-arm-none-eabi-9-2019-q4-major/bin/../lib/gcc/arm-none-eabi/9.2.1/../../../../arm-none-eabi/lib/thumb/v7e-m+fp/hard/libg_nano.a(lib_a-exit.o) (_global_impure_ptr)
/Users/mHardenburgh/gcc-arm-none-eabi-9-2019-q4-major/bin/../lib/gcc/arm-none-eabi/9.2.1/../../../../arm-none-eabi/lib/thumb/v7e-m+fp/hard/libg_nano.a(lib_a-init.o)
                              /Users/mHardenburgh/gcc-arm-none-eabi-9-2019-q4-major/bin/../lib/gcc/arm-none-eabi/9.2.1/../../../../arm-none-eabi/lib/thumb/v7e-m+fp/hard/rdimon-crt0.o (__libc_init_array)
/Users/mHardenburgh/gcc-arm-none-eabi-9-2019-q4-major/bin/../lib/gcc/arm-none-eabi/9.2.1/../../../../arm-none-eabi/lib/thumb/v7e-m+fp/hard/libg_nano.a(lib_a-malloc.o)
                              register/register.o (malloc)
/Users/mHardenburgh/gcc-arm-none-eabi-9-2019-q4-major/bin/../lib/gcc/arm-none-eabi/9.2.1/../../../../arm-none-eabi/lib/thumb/v7e-m+fp/hard/libg_nano.a(lib_a-memcpy-stub.o)
                              /Users/mHardenburgh/gcc-arm-none-eabi-9-2019-q4-major/bin/../lib/gcc/arm-none-eabi/9.2.1/thumb/v7e-m+fp/hard/libgcc.a(unwind-arm.o) (memcpy)
/Users/mHardenburgh/gcc-arm-none-eabi-9-2019-q4-major/bin/../lib/gcc/arm-none-eabi/9.2.1/../../../../arm-none-eabi/lib/thumb/v7e-m+fp/hard/libg_nano.a(lib_a-memset.o)
                              /Users/mHardenburgh/gcc-arm-none-eabi-9-2019-q4-major/bin/../lib/gcc/arm-none-eabi/9.2.1/../../../../arm-none-eabi/lib/thumb/v7e-m+fp/hard/rdimon-crt0.o (memset)
/Users/mHardenburgh/gcc-arm-none-eabi-9-2019-q4-major/bin/../lib/gcc/arm-none-eabi/9.2.1/../../../../arm-none-eabi/lib/thumb/v7e-m+fp/hard/libg_nano.a(lib_a-nano-freer.o)
                              /Users/mHardenburgh/gcc-arm-none-eabi-9-2019-q4-major/bin/../lib/gcc/arm-none-eabi/9.2.1/../../../../arm-none-eabi/lib/thumb/v7e-m+fp/hard/libg_nano.a(lib_a-malloc.o) (_free_r)
/Users/mHardenburgh/gcc-arm-none-eabi-9-2019-q4-major/bin/../lib/gcc/arm-none-eabi/9.2.1/../../../../arm-none-eabi/lib/thumb/v7e-m+fp/hard/libg_nano.a(lib_a-nano-mallocr.o)
                              /Users/mHardenburgh/gcc-arm-none-eabi-9-2019-q4-major/bin/../lib/gcc/arm-none-eabi/9.2.1/../../../../arm-none-eabi/lib/thumb/v7e-m+fp/hard/libg_nano.a(lib_a-malloc.o) (_malloc_r)
/Users/mHardenburgh/gcc-arm-none-eabi-9-2019-q4-major/bin/../lib/gcc/arm-none-eabi/9.2.1/../../../../arm-none-eabi/lib/thumb/v7e-m+fp/hard/libg_nano.a(lib_a-on_exit_args.o)
[...]
Memory Configuration

Name             Origin             Length             Attributes
FLASH            0x0000000000000000 0x0000000000040000 xr
RAM              0x0000000020000000 0x0000000000008000 xrw
*default*        0x0000000000000000 0xffffffffffffffff

Linker script and memory map

LOAD /Users/mHardenburgh/gcc-arm-none-eabi-9-2019-q4-major/bin/../lib/gcc/arm-none-eabi/9.2.1/thumb/v7e-m+fp/hard/crti.o
LOAD /Users/mHardenburgh/gcc-arm-none-eabi-9-2019-q4-major/bin/../lib/gcc/arm-none-eabi/9.2.1/thumb/v7e-m+fp/hard/crtbegin.o
LOAD /Users/mHardenburgh/gcc-arm-none-eabi-9-2019-q4-major/bin/../lib/gcc/arm-none-eabi/9.2.1/../../../../arm-none-eabi/lib/thumb/v7e-m+fp/hard/rdimon-crt0.o
LOAD startup_ARMCM4.o
LOAD main.o
LOAD register/register.o
LOAD corePeripherals/systick/systick.o
LOAD corePeripherals/nvic/nvic.o
LOAD corePeripherals/sbc/sbc.o
LOAD corePeripherals/mpu/mpu.o
LOAD corePeripherals/fpu/fpu.o
LOAD adc/adc.o
LOAD systemControl/systemControl.o
LOAD gpio/gpio.o
LOAD timer/generalPurposeTimer.o
LOAD pwm/pwm.o
LOAD /Users/mHardenburgh/gcc-arm-none-eabi-9-2019-q4-major/bin/../lib/gcc/arm-none-eabi/9.2.1/../../../../arm-none-eabi/lib/thumb/v7e-m+fp/hard/libstdc++_nano.a
LOAD /Users/mHardenburgh/gcc-arm-none-eabi-9-2019-q4-major/bin/../lib/gcc/arm-none-eabi/9.2.1/../../../../arm-none-eabi/lib/thumb/v7e-m+fp/hard/libm.a
START GROUP
LOAD /Users/mHardenburgh/gcc-arm-none-eabi-9-2019-q4-major/bin/../lib/gcc/arm-none-eabi/9.2.1/thumb/v7e-m+fp/hard/libgcc.a
LOAD /Users/mHardenburgh/gcc-arm-none-eabi-9-2019-q4-major/bin/../lib/gcc/arm-none-eabi/9.2.1/../../../../arm-none-eabi/lib/thumb/v7e-m+fp/hard/libg_nano.a
LOAD /Users/mHardenburgh/gcc-arm-none-eabi-9-2019-q4-major/bin/../lib/gcc/arm-none-eabi/9.2.1/../../../../arm-none-eabi/lib/thumb/v7e-m+fp/hard/libc_nano.a
END GROUP
START GROUP
LOAD /Users/mHardenburgh/gcc-arm-none-eabi-9-2019-q4-major/bin/../lib/gcc/arm-none-eabi/9.2.1/thumb/v7e-m+fp/hard/libgcc.a
LOAD /Users/mHardenburgh/gcc-arm-none-eabi-9-2019-q4-major/bin/../lib/gcc/arm-none-eabi/9.2.1/../../../../arm-none-eabi/lib/thumb/v7e-m+fp/hard/libc_nano.a
LOAD /Users/mHardenburgh/gcc-arm-none-eabi-9-2019-q4-major/bin/../lib/gcc/arm-none-eabi/9.2.1/../../../../arm-none-eabi/lib/thumb/v7e-m+fp/hard/librdimon_nano.a
END GROUP
START GROUP
LOAD /Users/mHardenburgh/gcc-arm-none-eabi-9-2019-q4-major/bin/../lib/gcc/arm-none-eabi/9.2.1/thumb/v7e-m+fp/hard/libgcc.a
LOAD /Users/mHardenburgh/gcc-arm-none-eabi-9-2019-q4-major/bin/../lib/gcc/arm-none-eabi/9.2.1/../../../../arm-none-eabi/lib/thumb/v7e-m+fp/hard/libc_nano.a
LOAD /Users/mHardenburgh/gcc-arm-none-eabi-9-2019-q4-major/bin/../lib/gcc/arm-none-eabi/9.2.1/../../../../arm-none-eabi/lib/thumb/v7e-m+fp/hard/librdimon_nano.a
END GROUP
LOAD /Users/mHardenburgh/gcc-arm-none-eabi-9-2019-q4-major/bin/../lib/gcc/arm-none-eabi/9.2.1/thumb/v7e-m+fp/hard/crtend.o
LOAD /Users/mHardenburgh/gcc-arm-none-eabi-9-2019-q4-major/bin/../lib/gcc/arm-none-eabi/9.2.1/thumb/v7e-m+fp/hard/crtn.o

.text           0x0000000000000000     0x355c
 *(.isr_vector)
 .isr_vector    0x0000000000000000      0x26c startup_ARMCM4.o
                0x0000000000000000                __isr_vector
 *(.text*)
 .text          0x000000000000026c       0x40 /Users/mHardenburgh/gcc-arm-none-eabi-9-2019-q4-major/bin/../lib/gcc/arm-none-eabi/9.2.1/thumb/v7e-m+fp/hard/crtbegin.o
 .text          0x00000000000002ac       0x44 startup_ARMCM4.o
                0x00000000000002ac                Reset_Handler
                0x00000000000002ec                _16_32_Bit_Timer_5B_Handler
                0x00000000000002ec                DebugMon_Handler
                0x00000000000002ec                System_Exception_Handler
                0x00000000000002ec                UART_5_Handler
                0x00000000000002ec                HardFault_Handler
                0x00000000000002ec                I2C_2_Handler
                0x00000000000002ec                _32_64_Bit_Timer_0B_Handler
                0x00000000000002ec                _32_64_Bit_Timer_5B_Handler
                0x00000000000002ec                SysTick_Handler
                0x00000000000002ec                GPIO_Port_D_Handler
                0x00000000000002ec                PWM_1_Generator_1_Handler
                0x00000000000002ec                GPIO_Port_A_Handler
                0x00000000000002ec                PendSV_Handler
                0x00000000000002ec                NMI_Handler
                0x00000000000002ec                PWM_0_Generator_0_Handler
                0x00000000000002ec                Analog_Comparator_1_Handler
                0x00000000000002ec                _16_32_Bit_Timer_3A_Handler
                0x00000000000002ec                ADC_0_Sequence_2_Handler
                0x00000000000002ec                _32_64_Bit_Timer_0A_Handler
                0x00000000000002ec                ADC_0_Sequence_0_Handler
                0x00000000000002ec                UART_1_Handler
                0x00000000000002ec                SSI_0_Handler
                0x00000000000002ec                GPIO_Port_C_Handler
                0x00000000000002ec                ADC_1_Sequence_1_Handler
                0x00000000000002ec                PWM_1_Fault_Handler
                0x00000000000002ec                _16_32_Bit_Timer_0B_Handler
                0x00000000000002ec                I2C_0_Handler
                0x00000000000002ec                UsageFault_Handler
                0x00000000000002ec                System_Control_Handler
                0x00000000000002ec                UART_7_Handler
                0x00000000000002ec                PWM_1_Generator_3_Handler
                0x00000000000002ec                UART_3_Handler
                0x00000000000002ec                _16_32_Bit_Timer_2A_Handler
                0x00000000000002ec                _32_64_Bit_Timer_3B_Handler
                0x00000000000002ec                _16_32_Bit_Timer_5A_Handler
                0x00000000000002ec                _32_64_Bit_Timer_4A_Handler
                0x00000000000002ec                USB_Handler
                0x00000000000002ec                UART_6_Handler
                0x00000000000002ec                ADC_1_Sequence_0_Handler
                0x00000000000002ec                PWM_1_Generator_0_Handler
                0x00000000000002ec                SSI_2_Handler
                0x00000000000002ec                _32_64_Bit_Timer_1A_Handler
                0x00000000000002ec                Analog_Comparator_0_Handler
                0x00000000000002ec                PWM_0_Generator_2_Handler
                0x00000000000002ec                _16_32_Bit_Timer_2B_Handler
                0x00000000000002ec                I2C_1_Handler
                0x00000000000002ec                ADC_1_Sequence_3_Handler
                0x00000000000002ec                _16_32_Bit_Timer_0A_Handler
                0x00000000000002ec                SSI_3_Handler
                0x00000000000002ec                Default_Handler
                0x00000000000002ec                _32_64_Bit_Timer_2A_Handler
                0x00000000000002ec                _32_64_Bit_Timer_4B_Handler
                0x00000000000002ec                PWM_Generator_3_Handler
                0x00000000000002ec                Hibernation_Module_Handler
                0x00000000000002ec                ADC_0_Sequence_1_Handler
                0x00000000000002ec                ADC_0_Sequence_3_Handler
                0x00000000000002ec                _16_32_Bit_Timer_3B_Handler
                0x00000000000002ec                Flash_and_EEPROM_Control_Handler
                0x00000000000002ec                GPIO_Port_E_Handler
                0x00000000000002ec                MemManage_Handler
                0x00000000000002ec                _32_64_Bit_Timer_5A_Handler
                0x00000000000002ec                CAN_0_Handler
                0x00000000000002ec                _32_64_Bit_Timer_2B_Handler
                0x00000000000002ec                SVC_Handler
                0x00000000000002ec                UART_0_Handler
                0x00000000000002ec                QEI_0_Handler
                0x00000000000002ec                _16_32_Bit_Timer_1A_Handler
                0x00000000000002ec                _32_64_Bit_Timer_3A_Handler
                0x00000000000002ec                I2C_3_Handler
                0x00000000000002ec                SSI_1_Handler
                0x00000000000002ec                PWM_1_Generator_2_Handler
                0x00000000000002ec                ADC_1_Sequence_2_Handler
                0x00000000000002ec                PWM_0_Fault_Handler
                0x00000000000002ec                UART_4_Handler
                0x00000000000002ec                QEI_1_Handler
                0x00000000000002ec                uDMA_Error_Handler
                0x00000000000002ec                uDMA_Software_Handler
                0x00000000000002ec                _16_32_Bit_Timer_1B_Handler
                0x00000000000002ec                Watchdog_0_and_1_Handler
                0x00000000000002ec                BusFault_Handler
                0x00000000000002ec                PWM_0_Generator_1_Handler
                0x00000000000002ec                _16_32_Bit_Timer_4A_Handler
                0x00000000000002ec                UART_2_Handler
                0x00000000000002ec                _32_64_Bit_Timer_1B_Handler
                0x00000000000002ec                CAN_1_Handler
                0x00000000000002ec                GPIO_Port_B_Handler
                0x00000000000002ec                _16_32_Bit_Timer_4B_Handler
 .text          0x00000000000002f0      0x2cc main.o
                0x00000000000002f0                __cxa_pure_virtual
                0x00000000000002f6                __gnu_cxx::__verbose_terminate_handler()
                0x00000000000002fc                GPIO_Port_F_Handler
                0x00000000000003a4                pollTest()
                0x00000000000003c8                SystemInit
                0x0000000000000464                main
 .text          0x00000000000005bc      0x1d0 register/register.o
                0x00000000000005bc                Register::Register()
                0x00000000000005bc                Register::Register()
                0x00000000000005d2                Register::~Register()
                0x00000000000005d2                Register::~Register()
                0x00000000000005e8                Register::getRegisterBitFieldStatus(unsigned long volatile*, unsigned long, unsigned long, bitFieldPermission)
                0x000000000000063c                Register::setRegisterBitFieldStatus(unsigned long volatile*, unsigned long, unsigned long, unsigned long, bitFieldPermission)
                0x00000000000006cc                operator new(unsigned int)
                0x00000000000006e4                operator delete(void*)
                0x00000000000006fa                operator new[](unsigned int)
                0x0000000000000712                operator delete[](void*)
                0x0000000000000728                operator new(unsigned int, std::nothrow_t)
                0x0000000000000742                operator delete(void*, std::nothrow_t)
                0x000000000000075a                operator new[](unsigned int, std::nothrow_t)
                0x0000000000000774                operator delete[](void*, std::nothrow_t)
 .text          0x000000000000078c       0xf8 corePeripherals/nvic/nvic.o
                0x000000000000078c                Nvic::Nvic()
                0x000000000000078c                Nvic::Nvic()
                0x00000000000007a2                Nvic::~Nvic()
                0x00000000000007a2                Nvic::~Nvic()
                0x00000000000007b8                Nvic::activateInterrupt(interrupt, unsigned long)
                0x0000000000000834                Nvic::disableInterrupts()
                0x0000000000000852                Nvic::enableInterrupts()
                0x0000000000000870                Nvic::wfi()
 .text          0x0000000000000884      0x818 adc/adc.o
                0x0000000000000884                Adc::Adc()
                0x0000000000000884                Adc::Adc()
                0x000000000000089a                Adc::~Adc()
                0x000000000000089a                Adc::~Adc()
                0x00000000000008b0                Adc::initializeModule(unsigned long, unsigned long, unsigned long, unsigned long)
                0x0000000000000994                Adc::initializeForPolling(unsigned long, unsigned long, unsigned long, unsigned long, void (*)())
                0x00000000000009ce                Adc::initializeForInterrupt(unsigned long, unsigned long, unsigned long, unsigned long, unsigned long)
                0x0000000000000aae                Adc::enableSampleSequencer()
                0x0000000000000ad4                Adc::enableSampleSequencerDc(unsigned long, unsigned long)
                0x0000000000000c2c                Adc::initializeDc(unsigned long, unsigned long, unsigned long, unsigned long, unsigned long)
                0x0000000000000cf8                Adc::pollStatus()
                0x0000000000000d32                Adc::pollDigitalComparator()
                0x0000000000000d6a                Adc::softwareTriger()
                0x0000000000000d92                Adc::getAdcSample()
                0x0000000000000dbe                Adc::clearInterrupt()
                0x0000000000000de6                Adc::getDcInterruptStatus(unsigned long, unsigned long)
                0x0000000000000e12                Adc::clearDcInterrupt(unsigned long, unsigned long)
                0x0000000000000e40                Adc::initialization()
 .text          0x000000000000109c      0x174 systemControl/systemControl.o
                0x000000000000109c                SystemControl::SystemControl()
                0x000000000000109c                SystemControl::SystemControl()
                0x00000000000010b2                SystemControl::~SystemControl()
                0x00000000000010b2                SystemControl::~SystemControl()
                0x00000000000010c8                SystemControl::initializeGPIOHB()
                0x0000000000001138                SystemControl::initializeClock(SYSDIV2)
 .text          0x0000000000001210      0x3bc gpio/gpio.o
                0x0000000000001210                Gpio::Gpio()
                0x0000000000001210                Gpio::Gpio()
                0x000000000000122e                Gpio::~Gpio()
                0x000000000000122e                Gpio::~Gpio()
                0x0000000000001244                Gpio::initialize(unsigned long, direction)
                0x0000000000001478                Gpio::initialize(unsigned long, direction, unsigned long)
                0x0000000000001542                Gpio::interruptClear()
                0x000000000000156c                Gpio::write(unsigned long)
                0x00000000000015a4                Gpio::read()
 .text          0x00000000000015cc      0x33c pwm/pwm.o
                0x00000000000015cc                Pwm::Pwm()
                0x00000000000015cc                Pwm::Pwm()
                0x00000000000015e2                Pwm::~Pwm()
                0x00000000000015e2                Pwm::~Pwm()
                0x00000000000015f8                Pwm::initializeSingle(unsigned long, pwmModule, unsigned long, unsigned long, unsigned long, countDirectionPwm, unsigned long, bool, unsigned long)
                0x00000000000016c6                Pwm::initializePair(unsigned long, pwmModule, unsigned long, unsigned long, unsigned long, countDirectionPwm, unsigned long, unsigned long, bool, unsigned long)
                0x00000000000017b0                Pwm::initialize(pwmModule, unsigned long, countDirectionPwm, bool, unsigned long)
 .text.__aeabi_atexit
                0x0000000000001908        0xa /Users/mHardenburgh/gcc-arm-none-eabi-9-2019-q4-major/bin/../lib/gcc/arm-none-eabi/9.2.1/../../../../arm-none-eabi/lib/thumb/v7e-m+fp/hard/libstdc++_nano.a(atexit_arm.o)
                0x0000000000001908                __aeabi_atexit
 *fill*         0x0000000000001912        0x2 
 .text          0x0000000000001914      0x9b8 /Users/mHardenburgh/gcc-arm-none-eabi-9-2019-q4-major/bin/../lib/gcc/arm-none-eabi/9.2.1/thumb/v7e-m+fp/hard/libgcc.a(unwind-arm.o)
                0x0000000000001bbc                _Unwind_GetCFA
                0x0000000000001bc0                __gnu_Unwind_RaiseException
                0x0000000000001c20                __gnu_Unwind_ForcedUnwind
                0x0000000000001c34                __gnu_Unwind_Resume
                0x0000000000001c78                __gnu_Unwind_Resume_or_Rethrow
                0x0000000000001c88                _Unwind_Complete
                0x0000000000001c8c                _Unwind_DeleteException
                0x0000000000001c98                _Unwind_VRS_Get
                0x0000000000001ce0                _Unwind_VRS_Set
                0x0000000000001d28                __gnu_Unwind_Backtrace
                0x0000000000002048                __aeabi_unwind_cpp_pr0
                0x000000000000204c                __aeabi_unwind_cpp_pr1
                0x0000000000002050                __aeabi_unwind_cpp_pr2
                0x0000000000002054                _Unwind_VRS_Pop
 .text          0x00000000000022cc      0x1ac /Users/mHardenburgh/gcc-arm-none-eabi-9-2019-q4-major/bin/../lib/gcc/arm-none-eabi/9.2.1/thumb/v7e-m+fp/hard/libgcc.a(libunwind.o)
                0x00000000000022cc                __restore_core_regs
                0x00000000000022cc                restore_core_regs
                0x00000000000022e4                __gnu_Unwind_Restore_VFP
                0x00000000000022ec                __gnu_Unwind_Save_VFP
                0x00000000000022f4                __gnu_Unwind_Restore_VFP_D
                0x00000000000022fc                __gnu_Unwind_Save_VFP_D
                0x0000000000002304                __gnu_Unwind_Restore_VFP_D_16_to_31
                0x000000000000230c                __gnu_Unwind_Save_VFP_D_16_to_31
                0x0000000000002314                __gnu_Unwind_Restore_WMMXD
                0x0000000000002358                __gnu_Unwind_Save_WMMXD
                0x000000000000239c                __gnu_Unwind_Restore_WMMXC
                0x00000000000023b0                __gnu_Unwind_Save_WMMXC
                0x00000000000023c4                _Unwind_RaiseException
                0x00000000000023c4                ___Unwind_RaiseException
                0x00000000000023e8                ___Unwind_Resume
                0x00000000000023e8                _Unwind_Resume
                0x000000000000240c                ___Unwind_Resume_or_Rethrow
                0x000000000000240c                _Unwind_Resume_or_Rethrow
                0x0000000000002430                _Unwind_ForcedUnwind
                0x0000000000002430                ___Unwind_ForcedUnwind
                0x0000000000002454                _Unwind_Backtrace
                0x0000000000002454                ___Unwind_Backtrace
 .text          0x0000000000002478      0x340 /Users/mHardenburgh/gcc-arm-none-eabi-9-2019-q4-major/bin/../lib/gcc/arm-none-eabi/9.2.1/thumb/v7e-m+fp/hard/libgcc.a(pr-support.o)
                0x00000000000024d0                __gnu_unwind_execute
                0x000000000000276c                __gnu_unwind_frame
                0x0000000000002798                _Unwind_GetRegionStart
                0x00000000000027a4                _Unwind_GetLanguageSpecificData
 .text.abort    0x00000000000027b8        0xe /Users/mHardenburgh/gcc-arm-none-eabi-9-2019-q4-major/bin/../lib/gcc/arm-none-eabi/9.2.1/../../../../arm-none-eabi/lib/thumb/v7e-m+fp/hard/libg_nano.a(lib_a-abort.o)
                0x00000000000027b8                abort
 *fill*         0x00000000000027c6        0x2 
 .text.__cxa_atexit
                0x00000000000027c8       0x1c /Users/mHardenburgh/gcc-arm-none-eabi-9-2019-q4-major/bin/../lib/gcc/arm-none-eabi/9.2.1/../../../../arm-none-eabi/lib/thumb/v7e-m+fp/hard/libg_nano.a(lib_a-cxa_atexit.o)
                0x00000000000027c8                __cxa_atexit
 .text.malloc   0x00000000000027e4       0x10 /Users/mHardenburgh/gcc-arm-none-eabi-9-2019-q4-major/bin/../lib/gcc/arm-none-eabi/9.2.1/../../../../arm-none-eabi/lib/thumb/v7e-m+fp/hard/libg_nano.a(lib_a-malloc.o)
                0x00000000000027e4                malloc
 .text.free     0x00000000000027f4       0x10 /Users/mHardenburgh/gcc-arm-none-eabi-9-2019-q4-major/bin/../lib/gcc/arm-none-eabi/9.2.1/../../../../arm-none-eabi/lib/thumb/v7e-m+fp/hard/libg_nano.a(lib_a-malloc.o)
                0x00000000000027f4                free
 .text.memcpy   0x0000000000002804       0x1c /Users/mHardenburgh/gcc-arm-none-eabi-9-2019-q4-major/bin/../lib/gcc/arm-none-eabi/9.2.1/../../../../arm-none-eabi/lib/thumb/v7e-m+fp/hard/libg_nano.a(lib_a-memcpy-stub.o)
                0x0000000000002804                memcpy
 .text.memset   0x0000000000002820       0x10 /Users/mHardenburgh/gcc-arm-none-eabi-9-2019-q4-major/bin/../lib/gcc/arm-none-eabi/9.2.1/../../../../arm-none-eabi/lib/thumb/v7e-m+fp/hard/libg_nano.a(lib_a-memset.o)
                0x0000000000002820                memset
 .text._free_r  0x0000000000002830       0xa0 /Users/mHardenburgh/gcc-arm-none-eabi-9-2019-q4-major/bin/../lib/gcc/arm-none-eabi/9.2.1/../../../../arm-none-eabi/lib/thumb/v7e-m+fp/hard/libg_nano.a(lib_a-nano-freer.o)
                0x0000000000002830                _free_r
 .text._malloc_r
                0x00000000000028d0       0xb4 /Users/mHardenburgh/gcc-arm-none-eabi-9-2019-q4-major/bin/../lib/gcc/arm-none-eabi/9.2.1/../../../../arm-none-eabi/lib/thumb/v7e-m+fp/hard/libg_nano.a(lib_a-nano-mallocr.o)
                0x00000000000028d0                _malloc_r
 .text._sbrk_r  0x0000000000002984       0x20 /Users/mHardenburgh/gcc-arm-none-eabi-9-2019-q4-major/bin/../lib/gcc/arm-none-eabi/9.2.1/../../../../arm-none-eabi/lib/thumb/v7e-m+fp/hard/libg_nano.a(lib_a-sbrkr.o)
                0x0000000000002984                _sbrk_r
 .text._raise_r
                0x00000000000029a4       0x50 /Users/mHardenburgh/gcc-arm-none-eabi-9-2019-q4-major/bin/../lib/gcc/arm-none-eabi/9.2.1/../../../../arm-none-eabi/lib/thumb/v7e-m+fp/hard/libg_nano.a(lib_a-signal.o)
                0x00000000000029a4                _raise_r
 .text.raise    0x00000000000029f4       0x10 /Users/mHardenburgh/gcc-arm-none-eabi-9-2019-q4-major/bin/../lib/gcc/arm-none-eabi/9.2.1/../../../../arm-none-eabi/lib/thumb/v7e-m+fp/hard/libg_nano.a(lib_a-signal.o)
                0x00000000000029f4                raise
 .text._kill_r  0x0000000000002a04       0x24 /Users/mHardenburgh/gcc-arm-none-eabi-9-2019-q4-major/bin/../lib/gcc/arm-none-eabi/9.2.1/../../../../arm-none-eabi/lib/thumb/v7e-m+fp/hard/libg_nano.a(lib_a-signalr.o)
                0x0000000000002a04                _kill_r
 .text._getpid_r
                0x0000000000002a28        0x4 /Users/mHardenburgh/gcc-arm-none-eabi-9-2019-q4-major/bin/../lib/gcc/arm-none-eabi/9.2.1/../../../../arm-none-eabi/lib/thumb/v7e-m+fp/hard/libg_nano.a(lib_a-signalr.o)
                0x0000000000002a28                _getpid_r
 .text.__malloc_lock
                0x0000000000002a2c        0xc /Users/mHardenburgh/gcc-arm-none-eabi-9-2019-q4-major/bin/../lib/gcc/arm-none-eabi/9.2.1/../../../../arm-none-eabi/lib/thumb/v7e-m+fp/hard/libg_nano.a(lib_a-mlock.o)
                0x0000000000002a2c                __malloc_lock
 .text.__malloc_unlock
                0x0000000000002a38        0xc /Users/mHardenburgh/gcc-arm-none-eabi-9-2019-q4-major/bin/../lib/gcc/arm-none-eabi/9.2.1/../../../../arm-none-eabi/lib/thumb/v7e-m+fp/hard/libg_nano.a(lib_a-mlock.o)
                0x0000000000002a38                __malloc_unlock
 .text.__retarget_lock_init_recursive
                0x0000000000002a44        0x2 /Users/mHardenburgh/gcc-arm-none-eabi-9-2019-q4-major/bin/../lib/gcc/arm-none-eabi/9.2.1/../../../../arm-none-eabi/lib/thumb/v7e-m+fp/hard/libg_nano.a(lib_a-lock.o)
                0x0000000000002a44                __retarget_lock_init_recursive
 .text.__retarget_lock_acquire_recursive
                0x0000000000002a46        0x2 /Users/mHardenburgh/gcc-arm-none-eabi-9-2019-q4-major/bin/../lib/gcc/arm-none-eabi/9.2.1/../../../../arm-none-eabi/lib/thumb/v7e-m+fp/hard/libg_nano.a(lib_a-lock.o)
                0x0000000000002a46                __retarget_lock_acquire_recursive
 .text.__retarget_lock_release_recursive
                0x0000000000002a48        0x2 /Users/mHardenburgh/gcc-arm-none-eabi-9-2019-q4-major/bin/../lib/gcc/arm-none-eabi/9.2.1/../../../../arm-none-eabi/lib/thumb/v7e-m+fp/hard/libg_nano.a(lib_a-lock.o)
                0x0000000000002a48                __retarget_lock_release_recursive
 *fill*         0x0000000000002a4a        0x2 
 .text.findslot
                0x0000000000002a4c       0x34 /Users/mHardenburgh/gcc-arm-none-eabi-9-2019-q4-major/bin/../lib/gcc/arm-none-eabi/9.2.1/../../../../arm-none-eabi/lib/thumb/v7e-m+fp/hard/librdimon_nano.a(rdimon-syscalls.o)
 .text.checkerror
                0x0000000000002a80       0x20 /Users/mHardenburgh/gcc-arm-none-eabi-9-2019-q4-major/bin/../lib/gcc/arm-none-eabi/9.2.1/../../../../arm-none-eabi/lib/thumb/v7e-m+fp/hard/librdimon_nano.a(rdimon-syscalls.o)
 .text.error    0x0000000000002aa0       0x1c /Users/mHardenburgh/gcc-arm-none-eabi-9-2019-q4-major/bin/../lib/gcc/arm-none-eabi/9.2.1/../../../../arm-none-eabi/lib/thumb/v7e-m+fp/hard/librdimon_nano.a(rdimon-syscalls.o)
 .text._swiread
                0x0000000000002abc       0x20 /Users/mHardenburgh/gcc-arm-none-eabi-9-2019-q4-major/bin/../lib/gcc/arm-none-eabi/9.2.1/../../../../arm-none-eabi/lib/thumb/v7e-m+fp/hard/librdimon_nano.a(rdimon-syscalls.o)
                0x0000000000002abc                _swiread
 .text._read    0x0000000000002adc       0x38 /Users/mHardenburgh/gcc-arm-none-eabi-9-2019-q4-major/bin/../lib/gcc/arm-none-eabi/9.2.1/../../../../arm-none-eabi/lib/thumb/v7e-m+fp/hard/librdimon_nano.a(rdimon-syscalls.o)
                0x0000000000002adc                _read
 .text._swilseek
                0x0000000000002b14       0x78 /Users/mHardenburgh/gcc-arm-none-eabi-9-2019-q4-major/bin/../lib/gcc/arm-none-eabi/9.2.1/../../../../arm-none-eabi/lib/thumb/v7e-m+fp/hard/librdimon_nano.a(rdimon-syscalls.o)
                0x0000000000002b14                _swilseek
 .text._lseek   0x0000000000002b8c        0x4 /Users/mHardenburgh/gcc-arm-none-eabi-9-2019-q4-major/bin/../lib/gcc/arm-none-eabi/9.2.1/../../../../arm-none-eabi/lib/thumb/v7e-m+fp/hard/librdimon_nano.a(rdimon-syscalls.o)
                0x0000000000002b8c                _lseek
 .text._swiwrite
                0x0000000000002b90       0x20 /Users/mHardenburgh/gcc-arm-none-eabi-9-2019-q4-major/bin/../lib/gcc/arm-none-eabi/9.2.1/../../../../arm-none-eabi/lib/thumb/v7e-m+fp/hard/librdimon_nano.a(rdimon-syscalls.o)
                0x0000000000002b90                _swiwrite
 .text._write   0x0000000000002bb0       0x48 /Users/mHardenburgh/gcc-arm-none-eabi-9-2019-q4-major/bin/../lib/gcc/arm-none-eabi/9.2.1/../../../../arm-none-eabi/lib/thumb/v7e-m+fp/hard/librdimon_nano.a(rdimon-syscalls.o)
                0x0000000000002bb0                _write
 .text._swiclose
                0x0000000000002bf8       0x1a /Users/mHardenburgh/gcc-arm-none-eabi-9-2019-q4-major/bin/../lib/gcc/arm-none-eabi/9.2.1/../../../../arm-none-eabi/lib/thumb/v7e-m+fp/hard/librdimon_nano.a(rdimon-syscalls.o)
                0x0000000000002bf8                _swiclose
 *fill*         0x0000000000002c12        0x2 
 .text._close   0x0000000000002c14       0x4c /Users/mHardenburgh/gcc-arm-none-eabi-9-2019-q4-major/bin/../lib/gcc/arm-none-eabi/9.2.1/../../../../arm-none-eabi/lib/thumb/v7e-m+fp/hard/librdimon_nano.a(rdimon-syscalls.o)
                0x0000000000002c14                _close
 .text._getpid  0x0000000000002c60        0x4 /Users/mHardenburgh/gcc-arm-none-eabi-9-2019-q4-major/bin/../lib/gcc/arm-none-eabi/9.2.1/../../../../arm-none-eabi/lib/thumb/v7e-m+fp/hard/librdimon_nano.a(rdimon-syscalls.o)
                0x0000000000002c60                _getpid
 .text._sbrk    0x0000000000002c64       0x48 /Users/mHardenburgh/gcc-arm-none-eabi-9-2019-q4-major/bin/../lib/gcc/arm-none-eabi/9.2.1/../../../../arm-none-eabi/lib/thumb/v7e-m+fp/hard/librdimon_nano.a(rdimon-syscalls.o)
                0x0000000000002c64                _sbrk
 .text._swistat
                0x0000000000002cac       0x42 /Users/mHardenburgh/gcc-arm-none-eabi-9-2019-q4-major/bin/../lib/gcc/arm-none-eabi/9.2.1/../../../../arm-none-eabi/lib/thumb/v7e-m+fp/hard/librdimon_nano.a(rdimon-syscalls.o)
                0x0000000000002cac                _swistat
 .text._stat    0x0000000000002cee       0x3a /Users/mHardenburgh/gcc-arm-none-eabi-9-2019-q4-major/bin/../lib/gcc/arm-none-eabi/9.2.1/../../../../arm-none-eabi/lib/thumb/v7e-m+fp/hard/librdimon_nano.a(rdimon-syscalls.o)
                0x0000000000002cee                _stat
 .text._swiopen
                0x0000000000002d28       0xb4 /Users/mHardenburgh/gcc-arm-none-eabi-9-2019-q4-major/bin/../lib/gcc/arm-none-eabi/9.2.1/../../../../arm-none-eabi/lib/thumb/v7e-m+fp/hard/librdimon_nano.a(rdimon-syscalls.o)
                0x0000000000002d28                _swiopen
 .text._get_semihosting_exts
                0x0000000000002ddc       0xb8 /Users/mHardenburgh/gcc-arm-none-eabi-9-2019-q4-major/bin/../lib/gcc/arm-none-eabi/9.2.1/../../../../arm-none-eabi/lib/thumb/v7e-m+fp/hard/librdimon_nano.a(rdimon-syscalls.o)
                0x0000000000002ddc                _get_semihosting_exts
 .text.initialise_semihosting_exts
                0x0000000000002e94       0x34 /Users/mHardenburgh/gcc-arm-none-eabi-9-2019-q4-major/bin/../lib/gcc/arm-none-eabi/9.2.1/../../../../arm-none-eabi/lib/thumb/v7e-m+fp/hard/librdimon_nano.a(rdimon-syscalls.o)
 .text._has_ext_exit_extended
                0x0000000000002ec8       0x18 /Users/mHardenburgh/gcc-arm-none-eabi-9-2019-q4-major/bin/../lib/gcc/arm-none-eabi/9.2.1/../../../../arm-none-eabi/lib/thumb/v7e-m+fp/hard/librdimon_nano.a(rdimon-syscalls.o)
                0x0000000000002ec8                _has_ext_exit_extended
 .text._exit    0x0000000000002ee0       0x14 /Users/mHardenburgh/gcc-arm-none-eabi-9-2019-q4-major/bin/../lib/gcc/arm-none-eabi/9.2.1/../../../../arm-none-eabi/lib/thumb/v7e-m+fp/hard/librdimon_nano.a(rdimon-_exit.o)
                0x0000000000002ee0                _exit
 .text._kill_shared
                0x0000000000002ef4       0x26 /Users/mHardenburgh/gcc-arm-none-eabi-9-2019-q4-major/bin/../lib/gcc/arm-none-eabi/9.2.1/../../../../arm-none-eabi/lib/thumb/v7e-m+fp/hard/librdimon_nano.a(rdimon-_kill.o)
                0x0000000000002ef4                _kill_shared
 *fill*         0x0000000000002f1a        0x2 
 .text._kill    0x0000000000002f1c       0x18 /Users/mHardenburgh/gcc-arm-none-eabi-9-2019-q4-major/bin/../lib/gcc/arm-none-eabi/9.2.1/../../../../arm-none-eabi/lib/thumb/v7e-m+fp/hard/librdimon_nano.a(rdimon-_kill.o)
                0x0000000000002f1c                _kill
 .text.__errno  0x0000000000002f34        0xc /Users/mHardenburgh/gcc-arm-none-eabi-9-2019-q4-major/bin/../lib/gcc/arm-none-eabi/9.2.1/../../../../arm-none-eabi/lib/thumb/v7e-m+fp/hard/libc_nano.a(lib_a-errno.o)
                0x0000000000002f34                __errno
 .text.std      0x0000000000002f40       0x48 /Users/mHardenburgh/gcc-arm-none-eabi-9-2019-q4-major/bin/../lib/gcc/arm-none-eabi/9.2.1/../../../../arm-none-eabi/lib/thumb/v7e-m+fp/hard/libc_nano.a(lib_a-findfp.o)
 .text._cleanup_r
                0x0000000000002f88        0xc /Users/mHardenburgh/gcc-arm-none-eabi-9-2019-q4-major/bin/../lib/gcc/arm-none-eabi/9.2.1/../../../../arm-none-eabi/lib/thumb/v7e-m+fp/hard/libc_nano.a(lib_a-findfp.o)
                0x0000000000002f88                _cleanup_r
 .text.__sfmoreglue
                0x0000000000002f94       0x2c /Users/mHardenburgh/gcc-arm-none-eabi-9-2019-q4-major/bin/../lib/gcc/arm-none-eabi/9.2.1/../../../../arm-none-eabi/lib/thumb/v7e-m+fp/hard/libc_nano.a(lib_a-findfp.o)
                0x0000000000002f94                __sfmoreglue
 .text.__sfp_lock_acquire
                0x0000000000002fc0        0xc /Users/mHardenburgh/gcc-arm-none-eabi-9-2019-q4-major/bin/../lib/gcc/arm-none-eabi/9.2.1/../../../../arm-none-eabi/lib/thumb/v7e-m+fp/hard/libc_nano.a(lib_a-findfp.o)
                0x0000000000002fc0                __sfp_lock_acquire
 .text.__sfp_lock_release
                0x0000000000002fcc        0xc /Users/mHardenburgh/gcc-arm-none-eabi-9-2019-q4-major/bin/../lib/gcc/arm-none-eabi/9.2.1/../../../../arm-none-eabi/lib/thumb/v7e-m+fp/hard/libc_nano.a(lib_a-findfp.o)
                0x0000000000002fcc                __sfp_lock_release
 .text.__sinit_lock_acquire
                0x0000000000002fd8        0xc /Users/mHardenburgh/gcc-arm-none-eabi-9-2019-q4-major/bin/../lib/gcc/arm-none-eabi/9.2.1/../../../../arm-none-eabi/lib/thumb/v7e-m+fp/hard/libc_nano.a(lib_a-findfp.o)
                0x0000000000002fd8                __sinit_lock_acquire
 .text.__sinit_lock_release
                0x0000000000002fe4        0xc /Users/mHardenburgh/gcc-arm-none-eabi-9-2019-q4-major/bin/../lib/gcc/arm-none-eabi/9.2.1/../../../../arm-none-eabi/lib/thumb/v7e-m+fp/hard/libc_nano.a(lib_a-findfp.o)
                0x0000000000002fe4                __sinit_lock_release
 .text.__sinit  0x0000000000002ff0       0x70 /Users/mHardenburgh/gcc-arm-none-eabi-9-2019-q4-major/bin/../lib/gcc/arm-none-eabi/9.2.1/../../../../arm-none-eabi/lib/thumb/v7e-m+fp/hard/libc_nano.a(lib_a-findfp.o)
                0x0000000000002ff0                __sinit
 .text.__sfp    0x0000000000003060       0x8c /Users/mHardenburgh/gcc-arm-none-eabi-9-2019-q4-major/bin/../lib/gcc/arm-none-eabi/9.2.1/../../../../arm-none-eabi/lib/thumb/v7e-m+fp/hard/libc_nano.a(lib_a-findfp.o)
                0x0000000000003060                __sfp
 .text._fwalk_reent
                0x00000000000030ec       0x3e /Users/mHardenburgh/gcc-arm-none-eabi-9-2019-q4-major/bin/../lib/gcc/arm-none-eabi/9.2.1/../../../../arm-none-eabi/lib/thumb/v7e-m+fp/hard/libc_nano.a(lib_a-fwalk.o)
                0x00000000000030ec                _fwalk_reent
 .text.__sread  0x000000000000312a       0x22 /Users/mHardenburgh/gcc-arm-none-eabi-9-2019-q4-major/bin/../lib/gcc/arm-none-eabi/9.2.1/../../../../arm-none-eabi/lib/thumb/v7e-m+fp/hard/libc_nano.a(lib_a-stdio.o)
                0x000000000000312a                __sread
 .text.__swrite
                0x000000000000314c       0x38 /Users/mHardenburgh/gcc-arm-none-eabi-9-2019-q4-major/bin/../lib/gcc/arm-none-eabi/9.2.1/../../../../arm-none-eabi/lib/thumb/v7e-m+fp/hard/libc_nano.a(lib_a-stdio.o)
                0x000000000000314c                __swrite
 .text.__sseek  0x0000000000003184       0x24 /Users/mHardenburgh/gcc-arm-none-eabi-9-2019-q4-major/bin/../lib/gcc/arm-none-eabi/9.2.1/../../../../arm-none-eabi/lib/thumb/v7e-m+fp/hard/libc_nano.a(lib_a-stdio.o)
                0x0000000000003184                __sseek
 .text.__sclose
                0x00000000000031a8        0x8 /Users/mHardenburgh/gcc-arm-none-eabi-9-2019-q4-major/bin/../lib/gcc/arm-none-eabi/9.2.1/../../../../arm-none-eabi/lib/thumb/v7e-m+fp/hard/libc_nano.a(lib_a-stdio.o)
                0x00000000000031a8                __sclose
 .text          0x00000000000031b0       0x10 /Users/mHardenburgh/gcc-arm-none-eabi-9-2019-q4-major/bin/../lib/gcc/arm-none-eabi/9.2.1/../../../../arm-none-eabi/lib/thumb/v7e-m+fp/hard/libc_nano.a(lib_a-strlen.o)
                0x00000000000031b0                strlen
 .text._write_r
                0x00000000000031c0       0x24 /Users/mHardenburgh/gcc-arm-none-eabi-9-2019-q4-major/bin/../lib/gcc/arm-none-eabi/9.2.1/../../../../arm-none-eabi/lib/thumb/v7e-m+fp/hard/libc_nano.a(lib_a-writer.o)
                0x00000000000031c0                _write_r
 .text._close_r
                0x00000000000031e4       0x20 /Users/mHardenburgh/gcc-arm-none-eabi-9-2019-q4-major/bin/../lib/gcc/arm-none-eabi/9.2.1/../../../../arm-none-eabi/lib/thumb/v7e-m+fp/hard/libc_nano.a(lib_a-closer.o)
                0x00000000000031e4                _close_r
 .text.__sflush_r
                0x0000000000003204      0x10c /Users/mHardenburgh/gcc-arm-none-eabi-9-2019-q4-major/bin/../lib/gcc/arm-none-eabi/9.2.1/../../../../arm-none-eabi/lib/thumb/v7e-m+fp/hard/libc_nano.a(lib_a-fflush.o)
                0x0000000000003204                __sflush_r
 .text._fflush_r
                0x0000000000003310       0x78 /Users/mHardenburgh/gcc-arm-none-eabi-9-2019-q4-major/bin/../lib/gcc/arm-none-eabi/9.2.1/../../../../arm-none-eabi/lib/thumb/v7e-m+fp/hard/libc_nano.a(lib_a-fflush.o)
                0x0000000000003310                _fflush_r
 .text._lseek_r
                0x0000000000003388       0x24 /Users/mHardenburgh/gcc-arm-none-eabi-9-2019-q4-major/bin/../lib/gcc/arm-none-eabi/9.2.1/../../../../arm-none-eabi/lib/thumb/v7e-m+fp/hard/libc_nano.a(lib_a-lseekr.o)
                0x0000000000003388                _lseek_r
 .text._read_r  0x00000000000033ac       0x24 /Users/mHardenburgh/gcc-arm-none-eabi-9-2019-q4-major/bin/../lib/gcc/arm-none-eabi/9.2.1/../../../../arm-none-eabi/lib/thumb/v7e-m+fp/hard/libc_nano.a(lib_a-readr.o)
                0x00000000000033ac                _read_r
 *(.init)
 .init          0x00000000000033d0        0x4 /Users/mHardenburgh/gcc-arm-none-eabi-9-2019-q4-major/bin/../lib/gcc/arm-none-eabi/9.2.1/thumb/v7e-m+fp/hard/crti.o
                0x00000000000033d0                _init
 .init          0x00000000000033d4        0x8 /Users/mHardenburgh/gcc-arm-none-eabi-9-2019-q4-major/bin/../lib/gcc/arm-none-eabi/9.2.1/thumb/v7e-m+fp/hard/crtn.o
 *(.fini)
 .fini          0x00000000000033dc        0x4 /Users/mHardenburgh/gcc-arm-none-eabi-9-2019-q4-major/bin/../lib/gcc/arm-none-eabi/9.2.1/thumb/v7e-m+fp/hard/crti.o
                0x00000000000033dc                _fini
 .fini          0x00000000000033e0        0x8 /Users/mHardenburgh/gcc-arm-none-eabi-9-2019-q4-major/bin/../lib/gcc/arm-none-eabi/9.2.1/thumb/v7e-m+fp/hard/crtn.o
 *crtbegin.o(.ctors)
 *crtbegin?.o(.ctors)
 *(EXCLUDE_FILE(*crtend.o *crtend?.o) .ctors)
 *(SORT_BY_NAME(.ctors.*))
 *(.ctors)
 *crtbegin.o(.dtors)
 *crtbegin?.o(.dtors)
 *(EXCLUDE_FILE(*crtend.o *crtend?.o) .dtors)
 *(SORT_BY_NAME(.dtors.*))
 *(.dtors)
 *(.rodata*)
 .rodata        0x00000000000033e8       0xf4 corePeripherals/nvic/nvic.o
                0x00000000000033ec                Nvic::ENn_OFFSET
                0x0000000000003400                Nvic::DISn_OFFSET
                0x0000000000003414                Nvic::PENDn_OFFSET
                0x0000000000003428                Nvic::UNPENDn_OFFSET
                0x000000000000343c                Nvic::ACTIVEn_OFFSET
                0x0000000000003450                Nvic::PRIn_OFFSET
 .rodata._global_impure_ptr
                0x00000000000034dc        0x4 /Users/mHardenburgh/gcc-arm-none-eabi-9-2019-q4-major/bin/../lib/gcc/arm-none-eabi/9.2.1/../../../../arm-none-eabi/lib/thumb/v7e-m+fp/hard/libg_nano.a(lib_a-impure.o)
                0x00000000000034dc                _global_impure_ptr
 .rodata._get_semihosting_exts.str1.1
                0x00000000000034e0       0x16 /Users/mHardenburgh/gcc-arm-none-eabi-9-2019-q4-major/bin/../lib/gcc/arm-none-eabi/9.2.1/../../../../arm-none-eabi/lib/thumb/v7e-m+fp/hard/librdimon_nano.a(rdimon-syscalls.o)
 *fill*         0x00000000000034f6        0x2 
 .rodata.__sf_fake_stderr
                0x00000000000034f8       0x20 /Users/mHardenburgh/gcc-arm-none-eabi-9-2019-q4-major/bin/../lib/gcc/arm-none-eabi/9.2.1/../../../../arm-none-eabi/lib/thumb/v7e-m+fp/hard/libc_nano.a(lib_a-findfp.o)
                0x00000000000034f8                __sf_fake_stderr
 .rodata.__sf_fake_stdin
                0x0000000000003518       0x20 /Users/mHardenburgh/gcc-arm-none-eabi-9-2019-q4-major/bin/../lib/gcc/arm-none-eabi/9.2.1/../../../../arm-none-eabi/lib/thumb/v7e-m+fp/hard/libc_nano.a(lib_a-findfp.o)
                0x0000000000003518                __sf_fake_stdin
 .rodata.__sf_fake_stdout
                0x0000000000003538       0x20 /Users/mHardenburgh/gcc-arm-none-eabi-9-2019-q4-major/bin/../lib/gcc/arm-none-eabi/9.2.1/../../../../arm-none-eabi/lib/thumb/v7e-m+fp/hard/libc_nano.a(lib_a-findfp.o)
                0x0000000000003538                __sf_fake_stdout
 *(.eh_frame*)
 .eh_frame      0x0000000000003558        0x0 /Users/mHardenburgh/gcc-arm-none-eabi-9-2019-q4-major/bin/../lib/gcc/arm-none-eabi/9.2.1/thumb/v7e-m+fp/hard/crtbegin.o
 .eh_frame      0x0000000000003558        0x4 /Users/mHardenburgh/gcc-arm-none-eabi-9-2019-q4-major/bin/../lib/gcc/arm-none-eabi/9.2.1/thumb/v7e-m+fp/hard/crtend.o

.glue_7         0x000000000000355c        0x0
 .glue_7        0x000000000000355c        0x0 linker stubs

.glue_7t        0x000000000000355c        0x0
 .glue_7t       0x000000000000355c        0x0 linker stubs

.vfp11_veneer   0x000000000000355c        0x0
 .vfp11_veneer  0x000000000000355c        0x0 linker stubs

.v4_bx          0x000000000000355c        0x0
 .v4_bx         0x000000000000355c        0x0 linker stubs

.iplt           0x000000000000355c        0x0
 .iplt          0x000000000000355c        0x0 /Users/mHardenburgh/gcc-arm-none-eabi-9-2019-q4-major/bin/../lib/gcc/arm-none-eabi/9.2.1/thumb/v7e-m+fp/hard/crtbegin.o

.ARM.extab      0x000000000000355c      0x138
 *(.ARM.extab* .gnu.linkonce.armextab.*)
 .ARM.extab     0x000000000000355c        0xc corePeripherals/nvic/nvic.o
 .ARM.extab     0x0000000000003568       0xa8 adc/adc.o
 .ARM.extab     0x0000000000003610        0xc systemControl/systemControl.o
 .ARM.extab     0x000000000000361c       0x3c gpio/gpio.o
 .ARM.extab     0x0000000000003658       0x24 pwm/pwm.o
 .ARM.extab     0x000000000000367c       0x18 /Users/mHardenburgh/gcc-arm-none-eabi-9-2019-q4-major/bin/../lib/gcc/arm-none-eabi/9.2.1/thumb/v7e-m+fp/hard/libgcc.a(pr-support.o)
                0x0000000000003694                __exidx_start = .

.ARM.exidx      0x0000000000003694      0x1b8
 *(.ARM.exidx* .gnu.linkonce.armexidx.*)
 .ARM.exidx     0x0000000000003694       0x18 main.o
                                         0x40 (size before relaxing)
 .ARM.exidx     0x00000000000036ac        0x0 register/register.o
                                         0x60 (size before relaxing)
 .ARM.exidx     0x00000000000036ac       0x10 corePeripherals/nvic/nvic.o
                                         0x30 (size before relaxing)
 .ARM.exidx     0x00000000000036bc       0x70 adc/adc.o
                                         0x80 (size before relaxing)
 .ARM.exidx     0x000000000000372c       0x18 systemControl/systemControl.o
                                         0x20 (size before relaxing)
 .ARM.exidx     0x0000000000003744       0x30 gpio/gpio.o
                                         0x38 (size before relaxing)
 .ARM.exidx     0x0000000000003774       0x28 pwm/pwm.o
 .ARM.exidx     0x000000000000379c       0x78 /Users/mHardenburgh/gcc-arm-none-eabi-9-2019-q4-major/bin/../lib/gcc/arm-none-eabi/9.2.1/thumb/v7e-m+fp/hard/libgcc.a(unwind-arm.o)
                                         0xd8 (size before relaxing)
 .ARM.exidx     0x0000000000003814       0x38 /Users/mHardenburgh/gcc-arm-none-eabi-9-2019-q4-major/bin/../lib/gcc/arm-none-eabi/9.2.1/thumb/v7e-m+fp/hard/libgcc.a(pr-support.o)
                0x000000000000384c                __exidx_end = .
                0x000000000000384c                __etext = ALIGN (0x4)

.rel.dyn        0x000000000000384c        0x0
 .rel.iplt      0x000000000000384c        0x0 /Users/mHardenburgh/gcc-arm-none-eabi-9-2019-q4-major/bin/../lib/gcc/arm-none-eabi/9.2.1/thumb/v7e-m+fp/hard/crtbegin.o

.data           0x0000000020000000       0x88 load address 0x000000000000384c
                0x0000000020000000                __data_start__ = .
 *(vtable)
 *(.data*)
 .data          0x0000000020000000        0x4 /Users/mHardenburgh/gcc-arm-none-eabi-9-2019-q4-major/bin/../lib/gcc/arm-none-eabi/9.2.1/thumb/v7e-m+fp/hard/crtbegin.o
                0x0000000020000000                __dso_handle
 .data          0x0000000020000004        0x8 main.o
                0x0000000020000004                readme
                0x0000000020000008                sequencerPriority
 .data._impure_ptr
                0x000000002000000c        0x4 /Users/mHardenburgh/gcc-arm-none-eabi-9-2019-q4-major/bin/../lib/gcc/arm-none-eabi/9.2.1/../../../../arm-none-eabi/lib/thumb/v7e-m+fp/hard/libg_nano.a(lib_a-impure.o)
                0x000000002000000c                _impure_ptr
 .data.impure_data
                0x0000000020000010       0x60 /Users/mHardenburgh/gcc-arm-none-eabi-9-2019-q4-major/bin/../lib/gcc/arm-none-eabi/9.2.1/../../../../arm-none-eabi/lib/thumb/v7e-m+fp/hard/libg_nano.a(lib_a-impure.o)
 .data.__heap_limit
                0x0000000020000070        0x4 /Users/mHardenburgh/gcc-arm-none-eabi-9-2019-q4-major/bin/../lib/gcc/arm-none-eabi/9.2.1/../../../../arm-none-eabi/lib/thumb/v7e-m+fp/hard/librdimon_nano.a(rdimon-syscalls.o)
                0x0000000020000070                __heap_limit
 .data.supports_ext_exit_extended
                0x0000000020000074        0x4 /Users/mHardenburgh/gcc-arm-none-eabi-9-2019-q4-major/bin/../lib/gcc/arm-none-eabi/9.2.1/../../../../arm-none-eabi/lib/thumb/v7e-m+fp/hard/librdimon_nano.a(rdimon-syscalls.o)
 .data.supports_ext_stdout_stderr
                0x0000000020000078        0x4 /Users/mHardenburgh/gcc-arm-none-eabi-9-2019-q4-major/bin/../lib/gcc/arm-none-eabi/9.2.1/../../../../arm-none-eabi/lib/thumb/v7e-m+fp/hard/librdimon_nano.a(rdimon-syscalls.o)
                0x000000002000007c                . = ALIGN (0x4)
                0x000000002000007c                PROVIDE (__preinit_array_start = .)
 *(.preinit_array)
                0x000000002000007c                PROVIDE (__preinit_array_end = .)
                0x000000002000007c                . = ALIGN (0x4)
                0x000000002000007c                PROVIDE (__init_array_start = .)
 *(SORT_BY_NAME(.init_array.*))
 *(.init_array)
 .init_array    0x000000002000007c        0x4 /Users/mHardenburgh/gcc-arm-none-eabi-9-2019-q4-major/bin/../lib/gcc/arm-none-eabi/9.2.1/thumb/v7e-m+fp/hard/crtbegin.o
 .init_array    0x0000000020000080        0x4 main.o
                0x0000000020000084                PROVIDE (__init_array_end = .)
                0x0000000020000084                . = ALIGN (0x4)
                [!provide]                        PROVIDE (__fini_array_start = .)
 *(SORT_BY_NAME(.fini_array.*))
 *(.fini_array)
 .fini_array    0x0000000020000084        0x4 /Users/mHardenburgh/gcc-arm-none-eabi-9-2019-q4-major/bin/../lib/gcc/arm-none-eabi/9.2.1/thumb/v7e-m+fp/hard/crtbegin.o
                [!provide]                        PROVIDE (__fini_array_end = .)
 *(.jcr*)
                0x0000000020000088                . = ALIGN (0x4)
                0x0000000020000088                __data_end__ = .

.igot.plt       0x0000000020000088        0x0 load address 0x00000000000038d4
 .igot.plt      0x0000000020000088        0x0 /Users/mHardenburgh/gcc-arm-none-eabi-9-2019-q4-major/bin/../lib/gcc/arm-none-eabi/9.2.1/thumb/v7e-m+fp/hard/crtbegin.o

.bss            0x0000000020000088      0x190 load address 0x00000000000038d4
                0x0000000020000088                . = ALIGN (0x4)
                0x0000000020000088                __bss_start__ = .
 *(.bss*)
 .bss           0x0000000020000088       0x1c /Users/mHardenburgh/gcc-arm-none-eabi-9-2019-q4-major/bin/../lib/gcc/arm-none-eabi/9.2.1/thumb/v7e-m+fp/hard/crtbegin.o
 .bss           0x00000000200000a4       0xb8 main.o
                0x00000000200000a4                greenLed
                0x00000000200000bc                blueLed
                0x00000000200000d4                redLed
                0x00000000200000ec                swtich1
                0x0000000020000104                swtich2
                0x000000002000011c                adcPin
                0x0000000020000134                greenPwm
                0x000000002000013c                testAdc
 .bss.__malloc_free_list
                0x000000002000015c        0x4 /Users/mHardenburgh/gcc-arm-none-eabi-9-2019-q4-major/bin/../lib/gcc/arm-none-eabi/9.2.1/../../../../arm-none-eabi/lib/thumb/v7e-m+fp/hard/libg_nano.a(lib_a-nano-mallocr.o)
                0x000000002000015c                __malloc_free_list
 .bss.__malloc_sbrk_start
                0x0000000020000160        0x4 /Users/mHardenburgh/gcc-arm-none-eabi-9-2019-q4-major/bin/../lib/gcc/arm-none-eabi/9.2.1/../../../../arm-none-eabi/lib/thumb/v7e-m+fp/hard/libg_nano.a(lib_a-nano-mallocr.o)
                0x0000000020000160                __malloc_sbrk_start
 .bss.heap_end.7702
                0x0000000020000164        0x4 /Users/mHardenburgh/gcc-arm-none-eabi-9-2019-q4-major/bin/../lib/gcc/arm-none-eabi/9.2.1/../../../../arm-none-eabi/lib/thumb/v7e-m+fp/hard/librdimon_nano.a(rdimon-syscalls.o)
 .bss.openfiles
                0x0000000020000168       0xa0 /Users/mHardenburgh/gcc-arm-none-eabi-9-2019-q4-major/bin/../lib/gcc/arm-none-eabi/9.2.1/../../../../arm-none-eabi/lib/thumb/v7e-m+fp/hard/librdimon_nano.a(rdimon-syscalls.o)
 *(COMMON)
 COMMON         0x0000000020000208        0x4 /Users/mHardenburgh/gcc-arm-none-eabi-9-2019-q4-major/bin/../lib/gcc/arm-none-eabi/9.2.1/../../../../arm-none-eabi/lib/thumb/v7e-m+fp/hard/libg_nano.a(lib_a-reent.o)
                0x0000000020000208                errno
 COMMON         0x000000002000020c        0x9 /Users/mHardenburgh/gcc-arm-none-eabi-9-2019-q4-major/bin/../lib/gcc/arm-none-eabi/9.2.1/../../../../arm-none-eabi/lib/thumb/v7e-m+fp/hard/libg_nano.a(lib_a-lock.o)
                0x000000002000020c                __lock___atexit_recursive_mutex
                0x000000002000020d                __lock___arc4random_mutex
                0x000000002000020e                __lock___env_recursive_mutex
                0x000000002000020f                __lock___sinit_recursive_mutex
                0x0000000020000210                __lock___malloc_recursive_mutex
                0x0000000020000211                __lock___at_quick_exit_mutex
                0x0000000020000212                __lock___dd_hash_mutex
                0x0000000020000213                __lock___tz_mutex
                0x0000000020000214                __lock___sfp_recursive_mutex
                0x0000000020000218                . = ALIGN (0x4)
 *fill*         0x0000000020000215        0x3 
                0x0000000020000218                __bss_end__ = .

.heap           0x0000000020000218        0x0
                0x0000000020000218                __end__ = .
                0x0000000020000218                PROVIDE (end = .)
 *(.heap*)
 .heap          0x0000000020000218        0x0 startup_ARMCM4.o
                0x0000000020000218                __HeapLimit = .

.stack_dummy    0x0000000020000218      0x400
 *(.stack*)
 .stack         0x0000000020000218      0x400 startup_ARMCM4.o
                0x0000000020008000                __StackTop = (ORIGIN (RAM) + LENGTH (RAM))
                0x0000000020007c00                __StackLimit = (__StackTop - SIZEOF (.stack_dummy))
                [!provide]                        PROVIDE (__stack = __StackTop)
                0x0000000000000001                ASSERT ((__StackLimit >= __HeapLimit), region RAM overflowed with stack)
OUTPUT(main.elf elf32-littlearm)

.ARM.attributes
                0x0000000000000000       0x30
 .ARM.attributes
                0x0000000000000000       0x1e /Users/mHardenburgh/gcc-arm-none-eabi-9-2019-q4-major/bin/../lib/gcc/arm-none-eabi/9.2.1/thumb/v7e-m+fp/hard/crti.o
 .ARM.attributes
                0x000000000000001e       0x34 /Users/mHardenburgh/gcc-arm-none-eabi-9-2019-q4-major/bin/../lib/gcc/arm-none-eabi/9.2.1/thumb/v7e-m+fp/hard/crtbegin.o
 .ARM.attributes
                0x0000000000000052       0x20 startup_ARMCM4.o
 .ARM.attributes
                0x0000000000000072       0x34 main.o
 .ARM.attributes
                0x00000000000000a6       0x34 register/register.o
 .ARM.attributes
                0x00000000000000da       0x34 corePeripherals/nvic/nvic.o
 .ARM.attributes
                0x000000000000010e       0x34 adc/adc.o
 .ARM.attributes
                0x0000000000000142       0x34 systemControl/systemControl.o
 .ARM.attributes
                0x0000000000000176       0x34 gpio/gpio.o
 .ARM.attributes
                0x00000000000001aa       0x34 pwm/pwm.o
 .ARM.attributes
                0x00000000000001de       0x34 /Users/mHardenburgh/gcc-arm-none-eabi-9-2019-q4-major/bin/../lib/gcc/arm-none-eabi/9.2.1/../../../../arm-none-eabi/lib/thumb/v7e-m+fp/hard/libstdc++_nano.a(atexit_arm.o)
 .ARM.attributes
                0x0000000000000212       0x34 /Users/mHardenburgh/gcc-arm-none-eabi-9-2019-q4-major/bin/../lib/gcc/arm-none-eabi/9.2.1/../../../../arm-none-eabi/lib/thumb/v7e-m+fp/hard/libg_nano.a(lib_a-cxa_atexit.o)
 .ARM.attributes
                0x0000000000000246       0x32 /Users/mHardenburgh/gcc-arm-none-eabi-9-2019-q4-major/bin/../lib/gcc/arm-none-eabi/9.2.1/../../../../arm-none-eabi/lib/thumb/v7e-m+fp/hard/libg_nano.a(lib_a-impure.o)
 .ARM.attributes
                0x0000000000000278       0x34 /Users/mHardenburgh/gcc-arm-none-eabi-9-2019-q4-major/bin/../lib/gcc/arm-none-eabi/9.2.1/../../../../arm-none-eabi/lib/thumb/v7e-m+fp/hard/libg_nano.a(lib_a-malloc.o)
 .ARM.attributes
                0x00000000000002ac       0x34 /Users/mHardenburgh/gcc-arm-none-eabi-9-2019-q4-major/bin/../lib/gcc/arm-none-eabi/9.2.1/../../../../arm-none-eabi/lib/thumb/v7e-m+fp/hard/libg_nano.a(lib_a-nano-freer.o)
 .ARM.attributes
                0x00000000000002e0       0x34 /Users/mHardenburgh/gcc-arm-none-eabi-9-2019-q4-major/bin/../lib/gcc/arm-none-eabi/9.2.1/../../../../arm-none-eabi/lib/thumb/v7e-m+fp/hard/libg_nano.a(lib_a-nano-mallocr.o)
 .ARM.attributes
                0x0000000000000314       0x34 /Users/mHardenburgh/gcc-arm-none-eabi-9-2019-q4-major/bin/../lib/gcc/arm-none-eabi/9.2.1/../../../../arm-none-eabi/lib/thumb/v7e-m+fp/hard/libg_nano.a(lib_a-sbrkr.o)
 .ARM.attributes
                0x0000000000000348       0x34 /Users/mHardenburgh/gcc-arm-none-eabi-9-2019-q4-major/bin/../lib/gcc/arm-none-eabi/9.2.1/../../../../arm-none-eabi/lib/thumb/v7e-m+fp/hard/libg_nano.a(lib_a-mlock.o)
 .ARM.attributes
                0x000000000000037c       0x34 /Users/mHardenburgh/gcc-arm-none-eabi-9-2019-q4-major/bin/../lib/gcc/arm-none-eabi/9.2.1/../../../../arm-none-eabi/lib/thumb/v7e-m+fp/hard/libg_nano.a(lib_a-reent.o)
 .ARM.attributes
                0x00000000000003b0       0x34 /Users/mHardenburgh/gcc-arm-none-eabi-9-2019-q4-major/bin/../lib/gcc/arm-none-eabi/9.2.1/../../../../arm-none-eabi/lib/thumb/v7e-m+fp/hard/libg_nano.a(lib_a-lock.o)
 .ARM.attributes
                0x00000000000003e4       0x34 /Users/mHardenburgh/gcc-arm-none-eabi-9-2019-q4-major/bin/../lib/gcc/arm-none-eabi/9.2.1/../../../../arm-none-eabi/lib/thumb/v7e-m+fp/hard/librdimon_nano.a(rdimon-syscalls.o)
 .ARM.attributes
                0x0000000000000418       0x34 /Users/mHardenburgh/gcc-arm-none-eabi-9-2019-q4-major/bin/../lib/gcc/arm-none-eabi/9.2.1/../../../../arm-none-eabi/lib/thumb/v7e-m+fp/hard/libc_nano.a(lib_a-errno.o)
 .ARM.attributes
                0x000000000000044c       0x34 /Users/mHardenburgh/gcc-arm-none-eabi-9-2019-q4-major/bin/../lib/gcc/arm-none-eabi/9.2.1/../../../../arm-none-eabi/lib/thumb/v7e-m+fp/hard/libc_nano.a(lib_a-findfp.o)
 .ARM.attributes
                0x0000000000000480       0x32 /Users/mHardenburgh/gcc-arm-none-eabi-9-2019-q4-major/bin/../lib/gcc/arm-none-eabi/9.2.1/thumb/v7e-m+fp/hard/crtend.o
 .ARM.attributes
                0x00000000000004b2       0x1e /Users/mHardenburgh/gcc-arm-none-eabi-9-2019-q4-major/bin/../lib/gcc/arm-none-eabi/9.2.1/thumb/v7e-m+fp/hard/crtn.o

.comment        0x0000000000000000       0x79
 .comment       0x0000000000000000       0x79 main.o
                                         0x7a (size before relaxing)
 .comment       0x0000000000000079       0x7a register/register.o
 .comment       0x0000000000000079       0x7a corePeripherals/nvic/nvic.o
 .comment       0x0000000000000079       0x7a adc/adc.o
 .comment       0x0000000000000079       0x7a systemControl/systemControl.o
 .comment       0x0000000000000079       0x7a gpio/gpio.o
 .comment       0x0000000000000079       0x7a pwm/pwm.o

.debug_line     0x0000000000000000     0x2690
 .debug_line    0x0000000000000000       0x60 startup_ARMCM4.o
 .debug_line    0x0000000000000060      0x4d3 main.o
 .debug_line    0x0000000000000533      0x452 register/register.o
 .debug_line    0x0000000000000985      0x443 corePeripherals/nvic/nvic.o
 .debug_line    0x0000000000000dc8      0x9b8 adc/adc.o
 .debug_line    0x0000000000001780      0x41f systemControl/systemControl.o
 .debug_line    0x0000000000001b9f      0x5b7 gpio/gpio.o
 .debug_line    0x0000000000002156      0x53a pwm/pwm.o

.debug_info     0x0000000000000000     0xeb1c
 .debug_info    0x0000000000000000       0x26 startup_ARMCM4.o
 .debug_info    0x0000000000000026     0x2fc7 main.o
 .debug_info    0x0000000000002fed     0x1ab1 register/register.o
 .debug_info    0x0000000000004a9e     0x1f0b corePeripherals/nvic/nvic.o
 .debug_info    0x00000000000069a9     0x24ea adc/adc.o
 .debug_info    0x0000000000008e93     0x1d3b systemControl/systemControl.o
 .debug_info    0x000000000000abce     0x1f0f gpio/gpio.o
 .debug_info    0x000000000000cadd     0x203f pwm/pwm.o

.debug_abbrev   0x0000000000000000     0x277a
 .debug_abbrev  0x0000000000000000       0x14 startup_ARMCM4.o
 .debug_abbrev  0x0000000000000014      0x621 main.o
 .debug_abbrev  0x0000000000000635      0x54f register/register.o
 .debug_abbrev  0x0000000000000b84      0x593 corePeripherals/nvic/nvic.o
 .debug_abbrev  0x0000000000001117      0x635 adc/adc.o
 .debug_abbrev  0x000000000000174c      0x540 systemControl/systemControl.o
 .debug_abbrev  0x0000000000001c8c      0x55c gpio/gpio.o
 .debug_abbrev  0x00000000000021e8      0x592 pwm/pwm.o

.debug_aranges  0x0000000000000000      0x100
 .debug_aranges
                0x0000000000000000       0x20 startup_ARMCM4.o
 .debug_aranges
                0x0000000000000020       0x20 main.o
 .debug_aranges
                0x0000000000000040       0x20 register/register.o
 .debug_aranges
                0x0000000000000060       0x20 corePeripherals/nvic/nvic.o
 .debug_aranges
                0x0000000000000080       0x20 adc/adc.o
 .debug_aranges
                0x00000000000000a0       0x20 systemControl/systemControl.o
 .debug_aranges
                0x00000000000000c0       0x20 gpio/gpio.o
 .debug_aranges
                0x00000000000000e0       0x20 pwm/pwm.o

.debug_str      0x0000000000000000     0x3972
 .debug_str     0x0000000000000000       0x48 startup_ARMCM4.o
 .debug_str     0x0000000000000048     0x2698 main.o
                                       0x28fa (size before relaxing)
 .debug_str     0x00000000000026e0      0x201 register/register.o
                                       0x107f (size before relaxing)
 .debug_str     0x00000000000028e1      0xc59 corePeripherals/nvic/nvic.o
                                       0x1b44 (size before relaxing)
 .debug_str     0x000000000000353a       0x9c adc/adc.o
                                       0x1e4b (size before relaxing)
 .debug_str     0x00000000000035d6      0x2ee systemControl/systemControl.o
                                       0x1630 (size before relaxing)
 .debug_str     0x00000000000038c4       0x28 gpio/gpio.o
                                       0x1a8e (size before relaxing)
 .debug_str     0x00000000000038ec       0x86 pwm/pwm.o
                                       0x169c (size before relaxing)

.debug_frame    0x0000000000000000     0x1030
 .debug_frame   0x0000000000000000       0xfc main.o
 .debug_frame   0x00000000000000fc      0x1d0 register/register.o
 .debug_frame   0x00000000000002cc       0xf4 corePeripherals/nvic/nvic.o
 .debug_frame   0x00000000000003c0      0x26c adc/adc.o
 .debug_frame   0x000000000000062c       0xac systemControl/systemControl.o
 .debug_frame   0x00000000000006d8      0x11c gpio/gpio.o
 .debug_frame   0x00000000000007f4       0xd8 pwm/pwm.o
 .debug_frame   0x00000000000008cc       0x20 /Users/mHardenburgh/gcc-arm-none-eabi-9-2019-q4-major/bin/../lib/gcc/arm-none-eabi/9.2.1/../../../../arm-none-eabi/lib/thumb/v7e-m+fp/hard/libstdc++_nano.a(atexit_arm.o)
 .debug_frame   0x00000000000008ec       0x28 /Users/mHardenburgh/gcc-arm-none-eabi-9-2019-q4-major/bin/../lib/gcc/arm-none-eabi/9.2.1/../../../../arm-none-eabi/lib/thumb/v7e-m+fp/hard/libg_nano.a(lib_a-cxa_atexit.o)
 .debug_frame   0x0000000000000914       0x30 /Users/mHardenburgh/gcc-arm-none-eabi-9-2019-q4-major/bin/../lib/gcc/arm-none-eabi/9.2.1/../../../../arm-none-eabi/lib/thumb/v7e-m+fp/hard/libg_nano.a(lib_a-malloc.o)
 .debug_frame   0x0000000000000944       0x38 /Users/mHardenburgh/gcc-arm-none-eabi-9-2019-q4-major/bin/../lib/gcc/arm-none-eabi/9.2.1/../../../../arm-none-eabi/lib/thumb/v7e-m+fp/hard/libg_nano.a(lib_a-nano-freer.o)
 .debug_frame   0x000000000000097c       0x30 /Users/mHardenburgh/gcc-arm-none-eabi-9-2019-q4-major/bin/../lib/gcc/arm-none-eabi/9.2.1/../../../../arm-none-eabi/lib/thumb/v7e-m+fp/hard/libg_nano.a(lib_a-nano-mallocr.o)
 .debug_frame   0x00000000000009ac       0x2c /Users/mHardenburgh/gcc-arm-none-eabi-9-2019-q4-major/bin/../lib/gcc/arm-none-eabi/9.2.1/../../../../arm-none-eabi/lib/thumb/v7e-m+fp/hard/libg_nano.a(lib_a-sbrkr.o)
 .debug_frame   0x00000000000009d8       0x30 /Users/mHardenburgh/gcc-arm-none-eabi-9-2019-q4-major/bin/../lib/gcc/arm-none-eabi/9.2.1/../../../../arm-none-eabi/lib/thumb/v7e-m+fp/hard/libg_nano.a(lib_a-mlock.o)
 .debug_frame   0x0000000000000a08       0x5c /Users/mHardenburgh/gcc-arm-none-eabi-9-2019-q4-major/bin/../lib/gcc/arm-none-eabi/9.2.1/../../../../arm-none-eabi/lib/thumb/v7e-m+fp/hard/libg_nano.a(lib_a-reent.o)
 .debug_frame   0x0000000000000a64       0xb0 /Users/mHardenburgh/gcc-arm-none-eabi-9-2019-q4-major/bin/../lib/gcc/arm-none-eabi/9.2.1/../../../../arm-none-eabi/lib/thumb/v7e-m+fp/hard/libg_nano.a(lib_a-lock.o)
 .debug_frame   0x0000000000000b14      0x3b0 /Users/mHardenburgh/gcc-arm-none-eabi-9-2019-q4-major/bin/../lib/gcc/arm-none-eabi/9.2.1/../../../../arm-none-eabi/lib/thumb/v7e-m+fp/hard/librdimon_nano.a(rdimon-syscalls.o)
 .debug_frame   0x0000000000000ec4       0x20 /Users/mHardenburgh/gcc-arm-none-eabi-9-2019-q4-major/bin/../lib/gcc/arm-none-eabi/9.2.1/../../../../arm-none-eabi/lib/thumb/v7e-m+fp/hard/libc_nano.a(lib_a-errno.o)
 .debug_frame   0x0000000000000ee4      0x14c /Users/mHardenburgh/gcc-arm-none-eabi-9-2019-q4-major/bin/../lib/gcc/arm-none-eabi/9.2.1/../../../../arm-none-eabi/lib/thumb/v7e-m+fp/hard/libc_nano.a(lib_a-findfp.o)

.debug_ranges   0x0000000000000000       0x18
 .debug_ranges  0x0000000000000000       0x18 register/register.o
