
Discarded input sections

 .data          0x0000000000000000        0x0 startup_ARMCM4.o
 .bss           0x0000000000000000        0x0 startup_ARMCM4.o
 .data          0x0000000000000000        0x0 main.o
 .bss           0x0000000000000000        0x0 main.o
 .data          0x0000000000000000        0x0 register.o
 .bss           0x0000000000000000        0x0 register.o
 .text          0x0000000000000000       0xf0 systick.o
 .data          0x0000000000000000        0x0 systick.o
 .bss           0x0000000000000000        0x0 systick.o
 .rodata        0x0000000000000000       0x24 systick.o
 .debug_info    0x0000000000000000      0x685 systick.o
 .debug_abbrev  0x0000000000000000      0x1b0 systick.o
 .debug_aranges
                0x0000000000000000       0x20 systick.o
 .debug_line    0x0000000000000000      0x2b5 systick.o
 .debug_str     0x0000000000000000      0x5e8 systick.o
 .comment       0x0000000000000000       0x77 systick.o
 .debug_frame   0x0000000000000000       0x58 systick.o
 .ARM.attributes
                0x0000000000000000       0x34 systick.o
 .text          0x0000000000000000      0xbe8 nvic.o
 .data          0x0000000000000000        0x0 nvic.o
 .bss           0x0000000000000000        0x0 nvic.o
 .rodata        0x0000000000000000       0x18 nvic.o
 .debug_info    0x0000000000000000      0xcb7 nvic.o
 .debug_abbrev  0x0000000000000000      0x290 nvic.o
 .debug_aranges
                0x0000000000000000       0x20 nvic.o
 .debug_line    0x0000000000000000      0x298 nvic.o
 .debug_str     0x0000000000000000      0xef5 nvic.o
 .comment       0x0000000000000000       0x77 nvic.o
 .debug_frame   0x0000000000000000       0xf0 nvic.o
 .ARM.attributes
                0x0000000000000000       0x34 nvic.o
 .text          0x0000000000000000      0x7b0 sbc.o
 .data          0x0000000000000000        0x0 sbc.o
 .bss           0x0000000000000000        0x0 sbc.o
 .rodata        0x0000000000000000      0x300 sbc.o
 .debug_info    0x0000000000000000      0xaa7 sbc.o
 .debug_abbrev  0x0000000000000000      0x205 sbc.o
 .debug_aranges
                0x0000000000000000       0x20 sbc.o
 .debug_line    0x0000000000000000      0x1f7 sbc.o
 .debug_str     0x0000000000000000      0x9c7 sbc.o
 .comment       0x0000000000000000       0x77 sbc.o
 .debug_frame   0x0000000000000000       0x5c sbc.o
 .ARM.attributes
                0x0000000000000000       0x34 sbc.o
 .text          0x0000000000000000      0x2d4 mpu.o
 .data          0x0000000000000000        0x0 mpu.o
 .bss           0x0000000000000000        0x0 mpu.o
 .rodata        0x0000000000000000       0xb4 mpu.o
 .debug_info    0x0000000000000000     0x2d3b mpu.o
 .debug_abbrev  0x0000000000000000      0x3d1 mpu.o
 .debug_aranges
                0x0000000000000000       0x20 mpu.o
 .debug_line    0x0000000000000000      0x351 mpu.o
 .debug_str     0x0000000000000000     0x13db mpu.o
 .comment       0x0000000000000000       0x77 mpu.o
 .debug_frame   0x0000000000000000       0x5c mpu.o
 .ARM.attributes
                0x0000000000000000       0x34 mpu.o
 .text          0x0000000000000000      0x1b0 fpu.o
 .data          0x0000000000000000        0x0 fpu.o
 .bss           0x0000000000000000        0x0 fpu.o
 .rodata        0x0000000000000000       0xa8 fpu.o
 .debug_info    0x0000000000000000      0x714 fpu.o
 .debug_abbrev  0x0000000000000000      0x1dc fpu.o
 .debug_aranges
                0x0000000000000000       0x20 fpu.o
 .debug_line    0x0000000000000000      0x2a8 fpu.o
 .debug_str     0x0000000000000000      0x614 fpu.o
 .comment       0x0000000000000000       0x77 fpu.o
 .debug_frame   0x0000000000000000       0x58 fpu.o
 .ARM.attributes
                0x0000000000000000       0x34 fpu.o
 .data          0x0000000000000000        0x0 systemControl.o
 .bss           0x0000000000000000        0x0 systemControl.o
 .text          0x0000000000000000      0x8f8 systemClock.o
 .data          0x0000000000000000        0x0 systemClock.o
 .bss           0x0000000000000000        0x0 systemClock.o
 .rodata        0x0000000000000000      0x180 systemClock.o
 .debug_info    0x0000000000000000     0x10ec systemClock.o
 .debug_abbrev  0x0000000000000000      0x24c systemClock.o
 .debug_aranges
                0x0000000000000000       0x20 systemClock.o
 .debug_line    0x0000000000000000      0x2fc systemClock.o
 .debug_str     0x0000000000000000      0xe09 systemClock.o
 .comment       0x0000000000000000       0x77 systemClock.o
 .debug_frame   0x0000000000000000       0xac systemClock.o
 .ARM.attributes
                0x0000000000000000       0x34 systemClock.o
 .data          0x0000000000000000        0x0 gpioControl.o
 .bss           0x0000000000000000        0x0 gpioControl.o
 .data          0x0000000000000000        0x0 gpio.o
 .bss           0x0000000000000000        0x0 gpio.o

Memory Configuration

Name             Origin             Length             Attributes
FLASH            0x0000000000000000 0x0000000000040000 xr
RAM              0x0000000020000000 0x0000000000008000 xrw
*default*        0x0000000000000000 0xffffffffffffffff

Linker script and memory map


.text           0x0000000000000000     0x5338
 *(.isr_vector)
 .isr_vector    0x0000000000000000      0x26c startup_ARMCM4.o
                0x0000000000000000                __isr_vector
 *(.text*)
 .text          0x000000000000026c       0x40 startup_ARMCM4.o
                0x000000000000026c                Reset_Handler
                0x00000000000002a8                GPIO_Port_B_Handler
                0x00000000000002a8                _16_32_Bit_Timer_5B_Handler
                0x00000000000002a8                DebugMon_Handler
                0x00000000000002a8                System_Exception_Handler
                0x00000000000002a8                UART_5_Handler
                0x00000000000002a8                HardFault_Handler
                0x00000000000002a8                I2C_2_Handler
                0x00000000000002a8                _32_64_Bit_Timer_0B_Handler
                0x00000000000002a8                _32_64_Bit_Timer_5B_Handler
                0x00000000000002a8                SysTick_Handler
                0x00000000000002a8                GPIO_Port_D_Handler
                0x00000000000002a8                PWM_1_Generator_1_Handler
                0x00000000000002a8                GPIO_Port_A_Handler
                0x00000000000002a8                PendSV_Handler
                0x00000000000002a8                NMI_Handler
                0x00000000000002a8                PWM_0_Generator_0_Handler
                0x00000000000002a8                Analog_Comparator_1_Handler
                0x00000000000002a8                _16_32_Bit_Timer_3A_Handler
                0x00000000000002a8                ADC_0_Sequence_2_Handler
                0x00000000000002a8                _32_64_Bit_Timer_0A_Handler
                0x00000000000002a8                ADC_0_Sequence_0_Handler
                0x00000000000002a8                UART_1_Handler
                0x00000000000002a8                SSI_0_Handler
                0x00000000000002a8                GPIO_Port_C_Handler
                0x00000000000002a8                ADC_1_Sequence_1_Handler
                0x00000000000002a8                PWM_1_Fault_Handler
                0x00000000000002a8                _16_32_Bit_Timer_0B_Handler
                0x00000000000002a8                I2C_0_Handler
                0x00000000000002a8                UsageFault_Handler
                0x00000000000002a8                System_Control_Handler
                0x00000000000002a8                UART_7_Handler
                0x00000000000002a8                PWM_1_Generator_3_Handler
                0x00000000000002a8                UART_3_Handler
                0x00000000000002a8                _16_32_Bit_Timer_2A_Handler
                0x00000000000002a8                _32_64_Bit_Timer_3B_Handler
                0x00000000000002a8                _16_32_Bit_Timer_5A_Handler
                0x00000000000002a8                _32_64_Bit_Timer_4A_Handler
                0x00000000000002a8                USB_Handler
                0x00000000000002a8                UART_6_Handler
                0x00000000000002a8                ADC_1_Sequence_0_Handler
                0x00000000000002a8                PWM_1_Generator_0_Handler
                0x00000000000002a8                SSI_2_Handler
                0x00000000000002a8                _32_64_Bit_Timer_1A_Handler
                0x00000000000002a8                Analog_Comparator_0_Handler
                0x00000000000002a8                PWM_0_Generator_2_Handler
                0x00000000000002a8                _16_32_Bit_Timer_2B_Handler
                0x00000000000002a8                I2C_1_Handler
                0x00000000000002a8                ADC_1_Sequence_3_Handler
                0x00000000000002a8                _16_32_Bit_Timer_0A_Handler
                0x00000000000002a8                SSI_3_Handler
                0x00000000000002a8                Default_Handler
                0x00000000000002a8                _32_64_Bit_Timer_2A_Handler
                0x00000000000002a8                _32_64_Bit_Timer_4B_Handler
                0x00000000000002a8                PWM_Generator_3_Handler
                0x00000000000002a8                Hibernation_Module_Handler
                0x00000000000002a8                ADC_0_Sequence_1_Handler
                0x00000000000002a8                ADC_0_Sequence_3_Handler
                0x00000000000002a8                _16_32_Bit_Timer_3B_Handler
                0x00000000000002a8                Flash_and_EEPROM_Control_Handler
                0x00000000000002a8                GPIO_Port_E_Handler
                0x00000000000002a8                MemManage_Handler
                0x00000000000002a8                _32_64_Bit_Timer_5A_Handler
                0x00000000000002a8                CAN_0_Handler
                0x00000000000002a8                _32_64_Bit_Timer_2B_Handler
                0x00000000000002a8                SVC_Handler
                0x00000000000002a8                UART_0_Handler
                0x00000000000002a8                QEI_0_Handler
                0x00000000000002a8                _16_32_Bit_Timer_1A_Handler
                0x00000000000002a8                _32_64_Bit_Timer_3A_Handler
                0x00000000000002a8                I2C_3_Handler
                0x00000000000002a8                SSI_1_Handler
                0x00000000000002a8                PWM_1_Generator_2_Handler
                0x00000000000002a8                ADC_1_Sequence_2_Handler
                0x00000000000002a8                GPIO_Port_F_Handler
                0x00000000000002a8                PWM_0_Fault_Handler
                0x00000000000002a8                UART_4_Handler
                0x00000000000002a8                QEI_1_Handler
                0x00000000000002a8                uDMA_Error_Handler
                0x00000000000002a8                uDMA_Software_Handler
                0x00000000000002a8                _16_32_Bit_Timer_1B_Handler
                0x00000000000002a8                Watchdog_0_and_1_Handler
                0x00000000000002a8                BusFault_Handler
                0x00000000000002a8                PWM_0_Generator_1_Handler
                0x00000000000002a8                _16_32_Bit_Timer_4A_Handler
                0x00000000000002a8                UART_2_Handler
                0x00000000000002a8                _32_64_Bit_Timer_1B_Handler
                0x00000000000002a8                CAN_1_Handler
                0x00000000000002a8                _16_32_Bit_Timer_4B_Handler
 .text          0x00000000000002ac       0x48 main.o
                0x00000000000002ac                main
 .text          0x00000000000002f4      0x130 register.o
                0x00000000000002f4                Register::Register()
                0x00000000000002f4                Register::Register()
                0x000000000000030a                Register::Register(unsigned long volatile*)
                0x000000000000030a                Register::Register(unsigned long volatile*)
                0x0000000000000328                Register::~Register()
                0x0000000000000328                Register::~Register()
                0x000000000000033e                Register::getRegisterBitFieldStatus(registerBitField)
                0x0000000000000394                Register::setRegisterBitFieldStatus(registerBitField, unsigned long)
 .text          0x0000000000000424      0xad4 systemControl.o
                0x0000000000000424                SystemControl::SystemControl()
                0x0000000000000424                SystemControl::SystemControl()
                0x0000000000000d54                SystemControl::~SystemControl()
                0x0000000000000d54                SystemControl::~SystemControl()
 .text          0x0000000000000ef8     0x37f0 gpioControl.o
                0x0000000000000ef8                GpioControl::GpioControl()
                0x0000000000000ef8                GpioControl::GpioControl()
                0x00000000000037a4                GpioControl::~GpioControl()
                0x00000000000037a4                GpioControl::~GpioControl()
 .text          0x00000000000046e8      0x8e4 gpio.o
                0x00000000000046e8                Gpio::Gpio()
                0x00000000000046e8                Gpio::Gpio()
                0x00000000000049d4                Gpio::Gpio(GPIO_Port_Pins, direction)
                0x00000000000049d4                Gpio::Gpio(GPIO_Port_Pins, direction)
                0x0000000000004e3c                Gpio::~Gpio()
                0x0000000000004e3c                Gpio::~Gpio()
                0x0000000000004f52                Gpio::gpioWrite(setORClear)
                0x0000000000004fb4                Gpio::gpioRead()
 *(.init)
 *(.fini)
 *crtbegin.o(.ctors)
 *crtbegin?.o(.ctors)
 *(EXCLUDE_FILE(*crtend.o *crtend?.o) .ctors)
 *(SORT_BY_NAME(.ctors.*))
 *(.ctors)
 *crtbegin.o(.dtors)
 *crtbegin?.o(.dtors)
 *(EXCLUDE_FILE(*crtend.o *crtend?.o) .dtors)
 *(SORT_BY_NAME(.dtors.*))
 *(.dtors)
 *(.rodata*)
 .rodata        0x0000000000004fcc      0x21c systemControl.o
 .rodata        0x00000000000051e8      0x150 gpioControl.o
 *(.eh_frame*)

.glue_7         0x0000000000005338        0x0
 .glue_7        0x0000000000005338        0x0 linker stubs

.glue_7t        0x0000000000005338        0x0
 .glue_7t       0x0000000000005338        0x0 linker stubs

.vfp11_veneer   0x0000000000005338        0x0
 .vfp11_veneer  0x0000000000005338        0x0 linker stubs

.v4_bx          0x0000000000005338        0x0
 .v4_bx         0x0000000000005338        0x0 linker stubs

.iplt           0x0000000000005338        0x0
 .iplt          0x0000000000005338        0x0 startup_ARMCM4.o

.rel.dyn        0x0000000000005338        0x0
 .rel.iplt      0x0000000000005338        0x0 startup_ARMCM4.o

.ARM.extab
 *(.ARM.extab* .gnu.linkonce.armextab.*)
                0x0000000000005338                __exidx_start = .

.ARM.exidx
 *(.ARM.exidx* .gnu.linkonce.armexidx.*)
                0x0000000000005338                __exidx_end = .
                0x0000000000005338                __etext = ALIGN (0x4)

.data           0x0000000020000000        0x0 load address 0x0000000000005338
                0x0000000020000000                __data_start__ = .
 *(vtable)
 *(.data*)
                0x0000000020000000                . = ALIGN (0x4)
                [!provide]                        PROVIDE (__preinit_array_start = .)
 *(.preinit_array)
                [!provide]                        PROVIDE (__preinit_array_end = .)
                0x0000000020000000                . = ALIGN (0x4)
                [!provide]                        PROVIDE (__init_array_start = .)
 *(SORT_BY_NAME(.init_array.*))
 *(.init_array)
                [!provide]                        PROVIDE (__init_array_end = .)
                0x0000000020000000                . = ALIGN (0x4)
                [!provide]                        PROVIDE (__fini_array_start = .)
 *(SORT_BY_NAME(.fini_array.*))
 *(.fini_array)
                [!provide]                        PROVIDE (__fini_array_end = .)
 *(.jcr)
                0x0000000020000000                . = ALIGN (0x4)
                0x0000000020000000                __data_end__ = .

.igot.plt       0x0000000020000000        0x0
 .igot.plt      0x0000000020000000        0x0 startup_ARMCM4.o

.bss            0x0000000020000000        0x0
                0x0000000020000000                . = ALIGN (0x4)
                0x0000000020000000                __bss_start__ = .
 *(.bss*)
 *(COMMON)
                0x0000000020000000                . = ALIGN (0x4)
                0x0000000020000000                __bss_end__ = .

.heap           0x0000000020000000        0x0
                0x0000000020000000                __end__ = .
                [!provide]                        PROVIDE (end = .)
 *(.heap*)
 .heap          0x0000000020000000        0x0 startup_ARMCM4.o
                0x0000000020000000                __HeapLimit = .

.stack_dummy    0x0000000020000000      0x400
 *(.stack*)
 .stack         0x0000000020000000      0x400 startup_ARMCM4.o
                0x0000000020008000                __StackTop = (ORIGIN (RAM) + LENGTH (RAM))
                0x0000000020007c00                __StackLimit = (__StackTop - SIZEOF (.stack_dummy))
                [!provide]                        PROVIDE (__stack = __StackTop)
                0x0000000000000001                ASSERT ((__StackLimit >= __HeapLimit), region RAM overflowed with stack)
LOAD startup_ARMCM4.o
LOAD main.o
LOAD register.o
LOAD systick.o
LOAD nvic.o
LOAD sbc.o
LOAD mpu.o
LOAD fpu.o
LOAD systemControl.o
LOAD systemClock.o
LOAD gpioControl.o
LOAD gpio.o
OUTPUT(main.elf elf32-littlearm)

.ARM.attributes
                0x0000000000000000       0x30
 .ARM.attributes
                0x0000000000000000       0x20 startup_ARMCM4.o
 .ARM.attributes
                0x0000000000000020       0x34 main.o
 .ARM.attributes
                0x0000000000000054       0x34 register.o
 .ARM.attributes
                0x0000000000000088       0x34 systemControl.o
 .ARM.attributes
                0x00000000000000bc       0x34 gpioControl.o
 .ARM.attributes
                0x00000000000000f0       0x34 gpio.o

.comment        0x0000000000000000       0x76
 .comment       0x0000000000000000       0x76 main.o
                                         0x77 (size before relaxing)
 .comment       0x0000000000000076       0x77 register.o
 .comment       0x0000000000000076       0x77 systemControl.o
 .comment       0x0000000000000076       0x77 gpioControl.o
 .comment       0x0000000000000076       0x77 gpio.o

.debug_line     0x0000000000000000     0x12e4
 .debug_line    0x0000000000000000       0x61 startup_ARMCM4.o
 .debug_line    0x0000000000000061      0x326 main.o
 .debug_line    0x0000000000000387      0x329 register.o
 .debug_line    0x00000000000006b0      0x2b8 systemControl.o
 .debug_line    0x0000000000000968      0x602 gpioControl.o
 .debug_line    0x0000000000000f6a      0x37a gpio.o

.debug_info     0x0000000000000000     0x94a6
 .debug_info    0x0000000000000000       0x26 startup_ARMCM4.o
 .debug_info    0x0000000000000026     0x373d main.o
 .debug_info    0x0000000000003763      0x6bc register.o
 .debug_info    0x0000000000003e1f      0xc58 systemControl.o
 .debug_info    0x0000000000004a77     0x22cc gpioControl.o
 .debug_info    0x0000000000006d43     0x2763 gpio.o

.debug_abbrev   0x0000000000000000      0xbdc
 .debug_abbrev  0x0000000000000000       0x14 startup_ARMCM4.o
 .debug_abbrev  0x0000000000000014      0x2ca main.o
 .debug_abbrev  0x00000000000002de      0x218 register.o
 .debug_abbrev  0x00000000000004f6      0x1f6 systemControl.o
 .debug_abbrev  0x00000000000006ec      0x224 gpioControl.o
 .debug_abbrev  0x0000000000000910      0x2cc gpio.o

.debug_aranges  0x0000000000000000       0xc0
 .debug_aranges
                0x0000000000000000       0x20 startup_ARMCM4.o
 .debug_aranges
                0x0000000000000020       0x20 main.o
 .debug_aranges
                0x0000000000000040       0x20 register.o
 .debug_aranges
                0x0000000000000060       0x20 systemControl.o
 .debug_aranges
                0x0000000000000080       0x20 gpioControl.o
 .debug_aranges
                0x00000000000000a0       0x20 gpio.o

.debug_str      0x0000000000000000     0x38c8
 .debug_str     0x0000000000000000       0x3d startup_ARMCM4.o
 .debug_str     0x000000000000003d     0x368a main.o
                                       0x3a1c (size before relaxing)
 .debug_str     0x00000000000036c7      0x115 register.o
                                        0x556 (size before relaxing)
 .debug_str     0x00000000000037dc       0x4e systemControl.o
                                        0xa25 (size before relaxing)
 .debug_str     0x000000000000382a       0x3f gpioControl.o
                                       0x2442 (size before relaxing)
 .debug_str     0x0000000000003869       0x5f gpio.o
                                       0x2653 (size before relaxing)

.debug_frame    0x0000000000000000      0x29c
 .debug_frame   0x0000000000000000       0x34 main.o
 .debug_frame   0x0000000000000034       0xd8 register.o
 .debug_frame   0x000000000000010c       0x5c systemControl.o
 .debug_frame   0x0000000000000168       0x60 gpioControl.o
 .debug_frame   0x00000000000001c8       0xd4 gpio.o

.debug_ranges   0x0000000000000000       0x18
 .debug_ranges  0x0000000000000000       0x18 register.o
