Archive member included to satisfy reference by file (symbol)

/home/mhardenburgh/gcc-arm-none-eabi-8-2019-q3-update/bin/../lib/gcc/arm-none-eabi/8.3.1/../../../../arm-none-eabi/lib/thumb/v7e-m+fp/hard/libstdc++_nano.a(atexit_arm.o)
                              main.o (__aeabi_atexit)
/home/mhardenburgh/gcc-arm-none-eabi-8-2019-q3-update/bin/../lib/gcc/arm-none-eabi/8.3.1/thumb/v7e-m+fp/hard/libgcc.a(unwind-arm.o)
                              main.o (__aeabi_unwind_cpp_pr0)
/home/mhardenburgh/gcc-arm-none-eabi-8-2019-q3-update/bin/../lib/gcc/arm-none-eabi/8.3.1/thumb/v7e-m+fp/hard/libgcc.a(libunwind.o)
                              /home/mhardenburgh/gcc-arm-none-eabi-8-2019-q3-update/bin/../lib/gcc/arm-none-eabi/8.3.1/thumb/v7e-m+fp/hard/libgcc.a(unwind-arm.o) (restore_core_regs)
/home/mhardenburgh/gcc-arm-none-eabi-8-2019-q3-update/bin/../lib/gcc/arm-none-eabi/8.3.1/thumb/v7e-m+fp/hard/libgcc.a(pr-support.o)
                              /home/mhardenburgh/gcc-arm-none-eabi-8-2019-q3-update/bin/../lib/gcc/arm-none-eabi/8.3.1/thumb/v7e-m+fp/hard/libgcc.a(unwind-arm.o) (__gnu_unwind_execute)
/home/mhardenburgh/gcc-arm-none-eabi-8-2019-q3-update/bin/../lib/gcc/arm-none-eabi/8.3.1/../../../../arm-none-eabi/lib/thumb/v7e-m+fp/hard/libg_nano.a(lib_a-abort.o)
                              /home/mhardenburgh/gcc-arm-none-eabi-8-2019-q3-update/bin/../lib/gcc/arm-none-eabi/8.3.1/thumb/v7e-m+fp/hard/libgcc.a(unwind-arm.o) (abort)
/home/mhardenburgh/gcc-arm-none-eabi-8-2019-q3-update/bin/../lib/gcc/arm-none-eabi/8.3.1/../../../../arm-none-eabi/lib/thumb/v7e-m+fp/hard/libg_nano.a(lib_a-cxa_atexit.o)
                              /home/mhardenburgh/gcc-arm-none-eabi-8-2019-q3-update/bin/../lib/gcc/arm-none-eabi/8.3.1/../../../../arm-none-eabi/lib/thumb/v7e-m+fp/hard/libstdc++_nano.a(atexit_arm.o) (__cxa_atexit)
/home/mhardenburgh/gcc-arm-none-eabi-8-2019-q3-update/bin/../lib/gcc/arm-none-eabi/8.3.1/../../../../arm-none-eabi/lib/thumb/v7e-m+fp/hard/libg_nano.a(lib_a-exit.o)
                              /home/mhardenburgh/gcc-arm-none-eabi-8-2019-q3-update/bin/../lib/gcc/arm-none-eabi/8.3.1/../../../../arm-none-eabi/lib/thumb/v7e-m+fp/hard/rdimon-crt0.o (exit)
/home/mhardenburgh/gcc-arm-none-eabi-8-2019-q3-update/bin/../lib/gcc/arm-none-eabi/8.3.1/../../../../arm-none-eabi/lib/thumb/v7e-m+fp/hard/libg_nano.a(lib_a-impure.o)
                              /home/mhardenburgh/gcc-arm-none-eabi-8-2019-q3-update/bin/../lib/gcc/arm-none-eabi/8.3.1/../../../../arm-none-eabi/lib/thumb/v7e-m+fp/hard/libg_nano.a(lib_a-exit.o) (_global_impure_ptr)
/home/mhardenburgh/gcc-arm-none-eabi-8-2019-q3-update/bin/../lib/gcc/arm-none-eabi/8.3.1/../../../../arm-none-eabi/lib/thumb/v7e-m+fp/hard/libg_nano.a(lib_a-init.o)
                              /home/mhardenburgh/gcc-arm-none-eabi-8-2019-q3-update/bin/../lib/gcc/arm-none-eabi/8.3.1/../../../../arm-none-eabi/lib/thumb/v7e-m+fp/hard/rdimon-crt0.o (__libc_init_array)
/home/mhardenburgh/gcc-arm-none-eabi-8-2019-q3-update/bin/../lib/gcc/arm-none-eabi/8.3.1/../../../../arm-none-eabi/lib/thumb/v7e-m+fp/hard/libg_nano.a(lib_a-malloc.o)
                              register/register.o (malloc)
/home/mhardenburgh/gcc-arm-none-eabi-8-2019-q3-update/bin/../lib/gcc/arm-none-eabi/8.3.1/../../../../arm-none-eabi/lib/thumb/v7e-m+fp/hard/libg_nano.a(lib_a-memcpy-stub.o)
                              /home/mhardenburgh/gcc-arm-none-eabi-8-2019-q3-update/bin/../lib/gcc/arm-none-eabi/8.3.1/thumb/v7e-m+fp/hard/libgcc.a(unwind-arm.o) (memcpy)
/home/mhardenburgh/gcc-arm-none-eabi-8-2019-q3-update/bin/../lib/gcc/arm-none-eabi/8.3.1/../../../../arm-none-eabi/lib/thumb/v7e-m+fp/hard/libg_nano.a(lib_a-memset.o)
                              /home/mhardenburgh/gcc-arm-none-eabi-8-2019-q3-update/bin/../lib/gcc/arm-none-eabi/8.3.1/../../../../arm-none-eabi/lib/thumb/v7e-m+fp/hard/rdimon-crt0.o (memset)
/home/mhardenburgh/gcc-arm-none-eabi-8-2019-q3-update/bin/../lib/gcc/arm-none-eabi/8.3.1/../../../../arm-none-eabi/lib/thumb/v7e-m+fp/hard/libg_nano.a(lib_a-nano-freer.o)
                              /home/mhardenburgh/gcc-arm-none-eabi-8-2019-q3-update/bin/../lib/gcc/arm-none-eabi/8.3.1/../../../../arm-none-eabi/lib/thumb/v7e-m+fp/hard/libg_nano.a(lib_a-malloc.o) (_free_r)
/home/mhardenburgh/gcc-arm-none-eabi-8-2019-q3-update/bin/../lib/gcc/arm-none-eabi/8.3.1/../../../../arm-none-eabi/lib/thumb/v7e-m+fp/hard/libg_nano.a(lib_a-nano-mallocr.o)
                              /home/mhardenburgh/gcc-arm-none-eabi-8-2019-q3-update/bin/../lib/gcc/arm-none-eabi/8.3.1/../../../../arm-none-eabi/lib/thumb/v7e-m+fp/hard/libg_nano.a(lib_a-malloc.o) (_malloc_r)
/home/mhardenburgh/gcc-arm-none-eabi-8-2019-q3-update/bin/../lib/gcc/arm-none-eabi/8.3.1/../../../../arm-none-eabi/lib/thumb/v7e-m+fp/hard/libg_nano.a(lib_a-on_exit_args.o)
[...]
Memory Configuration

Name             Origin             Length             Attributes
FLASH            0x0000000000000000 0x0000000000040000 xr
RAM              0x0000000020000000 0x0000000000008000 xrw
*default*        0x0000000000000000 0xffffffffffffffff

Linker script and memory map

LOAD /home/mhardenburgh/gcc-arm-none-eabi-8-2019-q3-update/bin/../lib/gcc/arm-none-eabi/8.3.1/thumb/v7e-m+fp/hard/crti.o
LOAD /home/mhardenburgh/gcc-arm-none-eabi-8-2019-q3-update/bin/../lib/gcc/arm-none-eabi/8.3.1/thumb/v7e-m+fp/hard/crtbegin.o
LOAD /home/mhardenburgh/gcc-arm-none-eabi-8-2019-q3-update/bin/../lib/gcc/arm-none-eabi/8.3.1/../../../../arm-none-eabi/lib/thumb/v7e-m+fp/hard/rdimon-crt0.o
LOAD startup_ARMCM4.o
LOAD main.o
LOAD register/register.o
LOAD corePeripherals/systick/systick.o
LOAD corePeripherals/nvic/nvic.o
LOAD corePeripherals/sbc/sbc.o
LOAD corePeripherals/mpu/mpu.o
LOAD corePeripherals/fpu/fpu.o
LOAD systemControl/systemControl.o
LOAD gpio/gpio.o
LOAD timer/generalPurposeTimer.o
LOAD pwm/pwm.o
LOAD /home/mhardenburgh/gcc-arm-none-eabi-8-2019-q3-update/bin/../lib/gcc/arm-none-eabi/8.3.1/../../../../arm-none-eabi/lib/thumb/v7e-m+fp/hard/libstdc++_nano.a
LOAD /home/mhardenburgh/gcc-arm-none-eabi-8-2019-q3-update/bin/../lib/gcc/arm-none-eabi/8.3.1/../../../../arm-none-eabi/lib/thumb/v7e-m+fp/hard/libm.a
START GROUP
LOAD /home/mhardenburgh/gcc-arm-none-eabi-8-2019-q3-update/bin/../lib/gcc/arm-none-eabi/8.3.1/thumb/v7e-m+fp/hard/libgcc.a
LOAD /home/mhardenburgh/gcc-arm-none-eabi-8-2019-q3-update/bin/../lib/gcc/arm-none-eabi/8.3.1/../../../../arm-none-eabi/lib/thumb/v7e-m+fp/hard/libg_nano.a
LOAD /home/mhardenburgh/gcc-arm-none-eabi-8-2019-q3-update/bin/../lib/gcc/arm-none-eabi/8.3.1/../../../../arm-none-eabi/lib/thumb/v7e-m+fp/hard/libc_nano.a
END GROUP
START GROUP
LOAD /home/mhardenburgh/gcc-arm-none-eabi-8-2019-q3-update/bin/../lib/gcc/arm-none-eabi/8.3.1/thumb/v7e-m+fp/hard/libgcc.a
LOAD /home/mhardenburgh/gcc-arm-none-eabi-8-2019-q3-update/bin/../lib/gcc/arm-none-eabi/8.3.1/../../../../arm-none-eabi/lib/thumb/v7e-m+fp/hard/libc_nano.a
LOAD /home/mhardenburgh/gcc-arm-none-eabi-8-2019-q3-update/bin/../lib/gcc/arm-none-eabi/8.3.1/../../../../arm-none-eabi/lib/thumb/v7e-m+fp/hard/librdimon_nano.a
END GROUP
START GROUP
LOAD /home/mhardenburgh/gcc-arm-none-eabi-8-2019-q3-update/bin/../lib/gcc/arm-none-eabi/8.3.1/thumb/v7e-m+fp/hard/libgcc.a
LOAD /home/mhardenburgh/gcc-arm-none-eabi-8-2019-q3-update/bin/../lib/gcc/arm-none-eabi/8.3.1/../../../../arm-none-eabi/lib/thumb/v7e-m+fp/hard/libc_nano.a
LOAD /home/mhardenburgh/gcc-arm-none-eabi-8-2019-q3-update/bin/../lib/gcc/arm-none-eabi/8.3.1/../../../../arm-none-eabi/lib/thumb/v7e-m+fp/hard/librdimon_nano.a
END GROUP
LOAD /home/mhardenburgh/gcc-arm-none-eabi-8-2019-q3-update/bin/../lib/gcc/arm-none-eabi/8.3.1/thumb/v7e-m+fp/hard/crtend.o
LOAD /home/mhardenburgh/gcc-arm-none-eabi-8-2019-q3-update/bin/../lib/gcc/arm-none-eabi/8.3.1/thumb/v7e-m+fp/hard/crtn.o

.text           0x0000000000000000     0x2d0c
 *(.isr_vector)
 .isr_vector    0x0000000000000000      0x26c startup_ARMCM4.o
                0x0000000000000000                __isr_vector
 *(.text*)
 .text          0x000000000000026c       0x40 /home/mhardenburgh/gcc-arm-none-eabi-8-2019-q3-update/bin/../lib/gcc/arm-none-eabi/8.3.1/thumb/v7e-m+fp/hard/crtbegin.o
 .text          0x00000000000002ac       0x44 startup_ARMCM4.o
                0x00000000000002ac                Reset_Handler
                0x00000000000002ec                GPIO_Port_B_Handler
                0x00000000000002ec                _16_32_Bit_Timer_5B_Handler
                0x00000000000002ec                DebugMon_Handler
                0x00000000000002ec                System_Exception_Handler
                0x00000000000002ec                UART_5_Handler
                0x00000000000002ec                HardFault_Handler
                0x00000000000002ec                I2C_2_Handler
                0x00000000000002ec                _32_64_Bit_Timer_0B_Handler
                0x00000000000002ec                _32_64_Bit_Timer_5B_Handler
                0x00000000000002ec                SysTick_Handler
                0x00000000000002ec                GPIO_Port_D_Handler
                0x00000000000002ec                PWM_1_Generator_1_Handler
                0x00000000000002ec                GPIO_Port_A_Handler
                0x00000000000002ec                PendSV_Handler
                0x00000000000002ec                NMI_Handler
                0x00000000000002ec                PWM_0_Generator_0_Handler
                0x00000000000002ec                Analog_Comparator_1_Handler
                0x00000000000002ec                _16_32_Bit_Timer_3A_Handler
                0x00000000000002ec                ADC_0_Sequence_2_Handler
                0x00000000000002ec                _32_64_Bit_Timer_0A_Handler
                0x00000000000002ec                ADC_0_Sequence_0_Handler
                0x00000000000002ec                UART_1_Handler
                0x00000000000002ec                SSI_0_Handler
                0x00000000000002ec                GPIO_Port_C_Handler
                0x00000000000002ec                ADC_1_Sequence_1_Handler
                0x00000000000002ec                PWM_1_Fault_Handler
                0x00000000000002ec                _16_32_Bit_Timer_0B_Handler
                0x00000000000002ec                I2C_0_Handler
                0x00000000000002ec                UsageFault_Handler
                0x00000000000002ec                System_Control_Handler
                0x00000000000002ec                UART_7_Handler
                0x00000000000002ec                PWM_1_Generator_3_Handler
                0x00000000000002ec                UART_3_Handler
                0x00000000000002ec                _16_32_Bit_Timer_2A_Handler
                0x00000000000002ec                _32_64_Bit_Timer_3B_Handler
                0x00000000000002ec                _16_32_Bit_Timer_5A_Handler
                0x00000000000002ec                _32_64_Bit_Timer_4A_Handler
                0x00000000000002ec                USB_Handler
                0x00000000000002ec                UART_6_Handler
                0x00000000000002ec                ADC_1_Sequence_0_Handler
                0x00000000000002ec                PWM_1_Generator_0_Handler
                0x00000000000002ec                SSI_2_Handler
                0x00000000000002ec                _32_64_Bit_Timer_1A_Handler
                0x00000000000002ec                Analog_Comparator_0_Handler
                0x00000000000002ec                PWM_0_Generator_2_Handler
                0x00000000000002ec                _16_32_Bit_Timer_2B_Handler
                0x00000000000002ec                I2C_1_Handler
                0x00000000000002ec                ADC_1_Sequence_3_Handler
                0x00000000000002ec                _16_32_Bit_Timer_0A_Handler
                0x00000000000002ec                SSI_3_Handler
                0x00000000000002ec                Default_Handler
                0x00000000000002ec                _32_64_Bit_Timer_2A_Handler
                0x00000000000002ec                _32_64_Bit_Timer_4B_Handler
                0x00000000000002ec                PWM_Generator_3_Handler
                0x00000000000002ec                Hibernation_Module_Handler
                0x00000000000002ec                ADC_0_Sequence_1_Handler
                0x00000000000002ec                ADC_0_Sequence_3_Handler
                0x00000000000002ec                _16_32_Bit_Timer_3B_Handler
                0x00000000000002ec                Flash_and_EEPROM_Control_Handler
                0x00000000000002ec                GPIO_Port_E_Handler
                0x00000000000002ec                MemManage_Handler
                0x00000000000002ec                _32_64_Bit_Timer_5A_Handler
                0x00000000000002ec                CAN_0_Handler
                0x00000000000002ec                _32_64_Bit_Timer_2B_Handler
                0x00000000000002ec                SVC_Handler
                0x00000000000002ec                UART_0_Handler
                0x00000000000002ec                QEI_0_Handler
                0x00000000000002ec                _16_32_Bit_Timer_1A_Handler
                0x00000000000002ec                _32_64_Bit_Timer_3A_Handler
                0x00000000000002ec                I2C_3_Handler
                0x00000000000002ec                SSI_1_Handler
                0x00000000000002ec                PWM_1_Generator_2_Handler
                0x00000000000002ec                ADC_1_Sequence_2_Handler
                0x00000000000002ec                PWM_0_Fault_Handler
                0x00000000000002ec                UART_4_Handler
                0x00000000000002ec                QEI_1_Handler
                0x00000000000002ec                uDMA_Error_Handler
                0x00000000000002ec                uDMA_Software_Handler
                0x00000000000002ec                _16_32_Bit_Timer_1B_Handler
                0x00000000000002ec                Watchdog_0_and_1_Handler
                0x00000000000002ec                BusFault_Handler
                0x00000000000002ec                PWM_0_Generator_1_Handler
                0x00000000000002ec                _16_32_Bit_Timer_4A_Handler
                0x00000000000002ec                UART_2_Handler
                0x00000000000002ec                _32_64_Bit_Timer_1B_Handler
                0x00000000000002ec                CAN_1_Handler
                0x00000000000002ec                _16_32_Bit_Timer_4B_Handler
 .text          0x00000000000002f0      0x230 main.o
                0x00000000000002f0                __cxa_pure_virtual
                0x00000000000002f6                __gnu_cxx::__verbose_terminate_handler()
                0x00000000000002fc                GPIO_Port_F_Handler
                0x00000000000003a4                SystemInit
                0x0000000000000418                main
 .text          0x0000000000000520      0x1d0 register/register.o
                0x0000000000000520                Register::Register()
                0x0000000000000520                Register::Register()
                0x0000000000000536                Register::~Register()
                0x0000000000000536                Register::~Register()
                0x000000000000054c                Register::getRegisterBitFieldStatus(unsigned long volatile*, unsigned long, unsigned long, bitFieldPermission)
                0x00000000000005a0                Register::setRegisterBitFieldStatus(unsigned long volatile*, unsigned long, unsigned long, unsigned long, bitFieldPermission)
                0x0000000000000630                operator new(unsigned int)
                0x0000000000000648                operator delete(void*)
                0x000000000000065e                operator new[](unsigned int)
                0x0000000000000676                operator delete[](void*)
                0x000000000000068c                operator new(unsigned int, std::nothrow_t)
                0x00000000000006a6                operator delete(void*, std::nothrow_t)
                0x00000000000006be                operator new[](unsigned int, std::nothrow_t)
                0x00000000000006d8                operator delete[](void*, std::nothrow_t)
 .text          0x00000000000006f0       0xf8 corePeripherals/nvic/nvic.o
                0x00000000000006f0                Nvic::Nvic()
                0x00000000000006f0                Nvic::Nvic()
                0x0000000000000706                Nvic::~Nvic()
                0x0000000000000706                Nvic::~Nvic()
                0x000000000000071c                Nvic::activateInterrupt(interrupt, unsigned long)
                0x0000000000000798                Nvic::disableInterrupts()
                0x00000000000007b6                Nvic::enableInterrupts()
                0x00000000000007d4                Nvic::wfi()
 .text          0x00000000000007e8      0x174 systemControl/systemControl.o
                0x00000000000007e8                SystemControl::SystemControl()
                0x00000000000007e8                SystemControl::SystemControl()
                0x00000000000007fe                SystemControl::~SystemControl()
                0x00000000000007fe                SystemControl::~SystemControl()
                0x0000000000000814                SystemControl::initializeGPIOHB()
                0x0000000000000884                SystemControl::initializeClock(SYSDIV2)
 .text          0x000000000000095c      0x3c0 gpio/gpio.o
                0x000000000000095c                Gpio::Gpio()
                0x000000000000095c                Gpio::Gpio()
                0x000000000000097a                Gpio::~Gpio()
                0x000000000000097a                Gpio::~Gpio()
                0x0000000000000990                Gpio::initialize(unsigned long, direction)
                0x0000000000000bc4                Gpio::initialize(unsigned long, direction, unsigned long)
                0x0000000000000c8e                Gpio::interruptClear()
                0x0000000000000cb8                Gpio::write(setORClear)
                0x0000000000000cf2                Gpio::read()
 .text          0x0000000000000d1c      0x360 pwm/pwm.o
                0x0000000000000d1c                Pwm::Pwm()
                0x0000000000000d1c                Pwm::Pwm()
                0x0000000000000d32                Pwm::~Pwm()
                0x0000000000000d32                Pwm::~Pwm()
                0x0000000000000d48                Pwm::initializeSingle(unsigned long, pwmModule, unsigned long, unsigned long, unsigned long, countDirectionPwm, unsigned long, bool, unsigned long)
                0x0000000000000e1e                Pwm::initializePair(unsigned long, pwmModule, unsigned long, unsigned long, unsigned long, countDirectionPwm, unsigned long, unsigned long, bool, unsigned long)
                0x0000000000000f1c                Pwm::initialize(unsigned long, pwmModule, unsigned long, countDirectionPwm, bool, unsigned long)
 .text.__aeabi_atexit
                0x000000000000107c        0xa /home/mhardenburgh/gcc-arm-none-eabi-8-2019-q3-update/bin/../lib/gcc/arm-none-eabi/8.3.1/../../../../arm-none-eabi/lib/thumb/v7e-m+fp/hard/libstdc++_nano.a(atexit_arm.o)
                0x000000000000107c                __aeabi_atexit
 *fill*         0x0000000000001086        0x2 
 .text          0x0000000000001088      0x9e0 /home/mhardenburgh/gcc-arm-none-eabi-8-2019-q3-update/bin/../lib/gcc/arm-none-eabi/8.3.1/thumb/v7e-m+fp/hard/libgcc.a(unwind-arm.o)
                0x0000000000001340                _Unwind_GetCFA
                0x0000000000001344                __gnu_Unwind_RaiseException
                0x00000000000013a4                __gnu_Unwind_ForcedUnwind
                0x00000000000013b8                __gnu_Unwind_Resume
                0x00000000000013fc                __gnu_Unwind_Resume_or_Rethrow
                0x000000000000140c                _Unwind_Complete
                0x0000000000001410                _Unwind_DeleteException
                0x000000000000141c                _Unwind_VRS_Get
                0x0000000000001460                _Unwind_VRS_Set
                0x00000000000014a4                __gnu_Unwind_Backtrace
                0x00000000000017dc                __aeabi_unwind_cpp_pr0
                0x00000000000017e0                __aeabi_unwind_cpp_pr1
                0x00000000000017e4                __aeabi_unwind_cpp_pr2
                0x00000000000017e8                _Unwind_VRS_Pop
 .text          0x0000000000001a68      0x1ac /home/mhardenburgh/gcc-arm-none-eabi-8-2019-q3-update/bin/../lib/gcc/arm-none-eabi/8.3.1/thumb/v7e-m+fp/hard/libgcc.a(libunwind.o)
                0x0000000000001a68                __restore_core_regs
                0x0000000000001a68                restore_core_regs
                0x0000000000001a80                __gnu_Unwind_Restore_VFP
                0x0000000000001a88                __gnu_Unwind_Save_VFP
                0x0000000000001a90                __gnu_Unwind_Restore_VFP_D
                0x0000000000001a98                __gnu_Unwind_Save_VFP_D
                0x0000000000001aa0                __gnu_Unwind_Restore_VFP_D_16_to_31
                0x0000000000001aa8                __gnu_Unwind_Save_VFP_D_16_to_31
                0x0000000000001ab0                __gnu_Unwind_Restore_WMMXD
                0x0000000000001af4                __gnu_Unwind_Save_WMMXD
                0x0000000000001b38                __gnu_Unwind_Restore_WMMXC
                0x0000000000001b4c                __gnu_Unwind_Save_WMMXC
                0x0000000000001b60                ___Unwind_RaiseException
                0x0000000000001b60                _Unwind_RaiseException
                0x0000000000001b84                ___Unwind_Resume
                0x0000000000001b84                _Unwind_Resume
                0x0000000000001ba8                _Unwind_Resume_or_Rethrow
                0x0000000000001ba8                ___Unwind_Resume_or_Rethrow
                0x0000000000001bcc                ___Unwind_ForcedUnwind
                0x0000000000001bcc                _Unwind_ForcedUnwind
                0x0000000000001bf0                _Unwind_Backtrace
                0x0000000000001bf0                ___Unwind_Backtrace
 .text          0x0000000000001c14      0x368 /home/mhardenburgh/gcc-arm-none-eabi-8-2019-q3-update/bin/../lib/gcc/arm-none-eabi/8.3.1/thumb/v7e-m+fp/hard/libgcc.a(pr-support.o)
                0x0000000000001c6c                __gnu_unwind_execute
                0x0000000000001f34                __gnu_unwind_frame
                0x0000000000001f5c                _Unwind_GetRegionStart
                0x0000000000001f68                _Unwind_GetLanguageSpecificData
 .text.abort    0x0000000000001f7c        0xe /home/mhardenburgh/gcc-arm-none-eabi-8-2019-q3-update/bin/../lib/gcc/arm-none-eabi/8.3.1/../../../../arm-none-eabi/lib/thumb/v7e-m+fp/hard/libg_nano.a(lib_a-abort.o)
                0x0000000000001f7c                abort
 *fill*         0x0000000000001f8a        0x2 
 .text.__cxa_atexit
                0x0000000000001f8c       0x1c /home/mhardenburgh/gcc-arm-none-eabi-8-2019-q3-update/bin/../lib/gcc/arm-none-eabi/8.3.1/../../../../arm-none-eabi/lib/thumb/v7e-m+fp/hard/libg_nano.a(lib_a-cxa_atexit.o)
                0x0000000000001f8c                __cxa_atexit
 .text.malloc   0x0000000000001fa8       0x10 /home/mhardenburgh/gcc-arm-none-eabi-8-2019-q3-update/bin/../lib/gcc/arm-none-eabi/8.3.1/../../../../arm-none-eabi/lib/thumb/v7e-m+fp/hard/libg_nano.a(lib_a-malloc.o)
                0x0000000000001fa8                malloc
 .text.free     0x0000000000001fb8       0x10 /home/mhardenburgh/gcc-arm-none-eabi-8-2019-q3-update/bin/../lib/gcc/arm-none-eabi/8.3.1/../../../../arm-none-eabi/lib/thumb/v7e-m+fp/hard/libg_nano.a(lib_a-malloc.o)
                0x0000000000001fb8                free
 .text.memcpy   0x0000000000001fc8       0x1c /home/mhardenburgh/gcc-arm-none-eabi-8-2019-q3-update/bin/../lib/gcc/arm-none-eabi/8.3.1/../../../../arm-none-eabi/lib/thumb/v7e-m+fp/hard/libg_nano.a(lib_a-memcpy-stub.o)
                0x0000000000001fc8                memcpy
 .text.memset   0x0000000000001fe4       0x10 /home/mhardenburgh/gcc-arm-none-eabi-8-2019-q3-update/bin/../lib/gcc/arm-none-eabi/8.3.1/../../../../arm-none-eabi/lib/thumb/v7e-m+fp/hard/libg_nano.a(lib_a-memset.o)
                0x0000000000001fe4                memset
 .text._free_r  0x0000000000001ff4       0x9c /home/mhardenburgh/gcc-arm-none-eabi-8-2019-q3-update/bin/../lib/gcc/arm-none-eabi/8.3.1/../../../../arm-none-eabi/lib/thumb/v7e-m+fp/hard/libg_nano.a(lib_a-nano-freer.o)
                0x0000000000001ff4                _free_r
 .text._malloc_r
                0x0000000000002090       0xb4 /home/mhardenburgh/gcc-arm-none-eabi-8-2019-q3-update/bin/../lib/gcc/arm-none-eabi/8.3.1/../../../../arm-none-eabi/lib/thumb/v7e-m+fp/hard/libg_nano.a(lib_a-nano-mallocr.o)
                0x0000000000002090                _malloc_r
 .text._sbrk_r  0x0000000000002144       0x20 /home/mhardenburgh/gcc-arm-none-eabi-8-2019-q3-update/bin/../lib/gcc/arm-none-eabi/8.3.1/../../../../arm-none-eabi/lib/thumb/v7e-m+fp/hard/libg_nano.a(lib_a-sbrkr.o)
                0x0000000000002144                _sbrk_r
 .text._raise_r
                0x0000000000002164       0x50 /home/mhardenburgh/gcc-arm-none-eabi-8-2019-q3-update/bin/../lib/gcc/arm-none-eabi/8.3.1/../../../../arm-none-eabi/lib/thumb/v7e-m+fp/hard/libg_nano.a(lib_a-signal.o)
                0x0000000000002164                _raise_r
 .text.raise    0x00000000000021b4       0x10 /home/mhardenburgh/gcc-arm-none-eabi-8-2019-q3-update/bin/../lib/gcc/arm-none-eabi/8.3.1/../../../../arm-none-eabi/lib/thumb/v7e-m+fp/hard/libg_nano.a(lib_a-signal.o)
                0x00000000000021b4                raise
 .text._kill_r  0x00000000000021c4       0x24 /home/mhardenburgh/gcc-arm-none-eabi-8-2019-q3-update/bin/../lib/gcc/arm-none-eabi/8.3.1/../../../../arm-none-eabi/lib/thumb/v7e-m+fp/hard/libg_nano.a(lib_a-signalr.o)
                0x00000000000021c4                _kill_r
 .text._getpid_r
                0x00000000000021e8        0x4 /home/mhardenburgh/gcc-arm-none-eabi-8-2019-q3-update/bin/../lib/gcc/arm-none-eabi/8.3.1/../../../../arm-none-eabi/lib/thumb/v7e-m+fp/hard/libg_nano.a(lib_a-signalr.o)
                0x00000000000021e8                _getpid_r
 .text.__malloc_lock
                0x00000000000021ec        0xc /home/mhardenburgh/gcc-arm-none-eabi-8-2019-q3-update/bin/../lib/gcc/arm-none-eabi/8.3.1/../../../../arm-none-eabi/lib/thumb/v7e-m+fp/hard/libg_nano.a(lib_a-mlock.o)
                0x00000000000021ec                __malloc_lock
 .text.__malloc_unlock
                0x00000000000021f8        0xc /home/mhardenburgh/gcc-arm-none-eabi-8-2019-q3-update/bin/../lib/gcc/arm-none-eabi/8.3.1/../../../../arm-none-eabi/lib/thumb/v7e-m+fp/hard/libg_nano.a(lib_a-mlock.o)
                0x00000000000021f8                __malloc_unlock
 .text.__retarget_lock_init_recursive
                0x0000000000002204        0x2 /home/mhardenburgh/gcc-arm-none-eabi-8-2019-q3-update/bin/../lib/gcc/arm-none-eabi/8.3.1/../../../../arm-none-eabi/lib/thumb/v7e-m+fp/hard/libg_nano.a(lib_a-lock.o)
                0x0000000000002204                __retarget_lock_init_recursive
 .text.__retarget_lock_acquire_recursive
                0x0000000000002206        0x2 /home/mhardenburgh/gcc-arm-none-eabi-8-2019-q3-update/bin/../lib/gcc/arm-none-eabi/8.3.1/../../../../arm-none-eabi/lib/thumb/v7e-m+fp/hard/libg_nano.a(lib_a-lock.o)
                0x0000000000002206                __retarget_lock_acquire_recursive
 .text.__retarget_lock_release_recursive
                0x0000000000002208        0x2 /home/mhardenburgh/gcc-arm-none-eabi-8-2019-q3-update/bin/../lib/gcc/arm-none-eabi/8.3.1/../../../../arm-none-eabi/lib/thumb/v7e-m+fp/hard/libg_nano.a(lib_a-lock.o)
                0x0000000000002208                __retarget_lock_release_recursive
 *fill*         0x000000000000220a        0x2 
 .text.findslot
                0x000000000000220c       0x34 /home/mhardenburgh/gcc-arm-none-eabi-8-2019-q3-update/bin/../lib/gcc/arm-none-eabi/8.3.1/../../../../arm-none-eabi/lib/thumb/v7e-m+fp/hard/librdimon_nano.a(rdimon-syscalls.o)
 .text.checkerror
                0x0000000000002240       0x20 /home/mhardenburgh/gcc-arm-none-eabi-8-2019-q3-update/bin/../lib/gcc/arm-none-eabi/8.3.1/../../../../arm-none-eabi/lib/thumb/v7e-m+fp/hard/librdimon_nano.a(rdimon-syscalls.o)
 .text.error    0x0000000000002260       0x1c /home/mhardenburgh/gcc-arm-none-eabi-8-2019-q3-update/bin/../lib/gcc/arm-none-eabi/8.3.1/../../../../arm-none-eabi/lib/thumb/v7e-m+fp/hard/librdimon_nano.a(rdimon-syscalls.o)
 .text._swiread
                0x000000000000227c       0x20 /home/mhardenburgh/gcc-arm-none-eabi-8-2019-q3-update/bin/../lib/gcc/arm-none-eabi/8.3.1/../../../../arm-none-eabi/lib/thumb/v7e-m+fp/hard/librdimon_nano.a(rdimon-syscalls.o)
                0x000000000000227c                _swiread
 .text._read    0x000000000000229c       0x34 /home/mhardenburgh/gcc-arm-none-eabi-8-2019-q3-update/bin/../lib/gcc/arm-none-eabi/8.3.1/../../../../arm-none-eabi/lib/thumb/v7e-m+fp/hard/librdimon_nano.a(rdimon-syscalls.o)
                0x000000000000229c                _read
 .text._swilseek
                0x00000000000022d0       0x78 /home/mhardenburgh/gcc-arm-none-eabi-8-2019-q3-update/bin/../lib/gcc/arm-none-eabi/8.3.1/../../../../arm-none-eabi/lib/thumb/v7e-m+fp/hard/librdimon_nano.a(rdimon-syscalls.o)
                0x00000000000022d0                _swilseek
 .text._lseek   0x0000000000002348        0x4 /home/mhardenburgh/gcc-arm-none-eabi-8-2019-q3-update/bin/../lib/gcc/arm-none-eabi/8.3.1/../../../../arm-none-eabi/lib/thumb/v7e-m+fp/hard/librdimon_nano.a(rdimon-syscalls.o)
                0x0000000000002348                _lseek
 .text._swiwrite
                0x000000000000234c       0x20 /home/mhardenburgh/gcc-arm-none-eabi-8-2019-q3-update/bin/../lib/gcc/arm-none-eabi/8.3.1/../../../../arm-none-eabi/lib/thumb/v7e-m+fp/hard/librdimon_nano.a(rdimon-syscalls.o)
                0x000000000000234c                _swiwrite
 .text._write   0x000000000000236c       0x40 /home/mhardenburgh/gcc-arm-none-eabi-8-2019-q3-update/bin/../lib/gcc/arm-none-eabi/8.3.1/../../../../arm-none-eabi/lib/thumb/v7e-m+fp/hard/librdimon_nano.a(rdimon-syscalls.o)
                0x000000000000236c                _write
 .text._swiclose
                0x00000000000023ac       0x1a /home/mhardenburgh/gcc-arm-none-eabi-8-2019-q3-update/bin/../lib/gcc/arm-none-eabi/8.3.1/../../../../arm-none-eabi/lib/thumb/v7e-m+fp/hard/librdimon_nano.a(rdimon-syscalls.o)
                0x00000000000023ac                _swiclose
 *fill*         0x00000000000023c6        0x2 
 .text._close   0x00000000000023c8       0x4c /home/mhardenburgh/gcc-arm-none-eabi-8-2019-q3-update/bin/../lib/gcc/arm-none-eabi/8.3.1/../../../../arm-none-eabi/lib/thumb/v7e-m+fp/hard/librdimon_nano.a(rdimon-syscalls.o)
                0x00000000000023c8                _close
 .text._getpid  0x0000000000002414        0x4 /home/mhardenburgh/gcc-arm-none-eabi-8-2019-q3-update/bin/../lib/gcc/arm-none-eabi/8.3.1/../../../../arm-none-eabi/lib/thumb/v7e-m+fp/hard/librdimon_nano.a(rdimon-syscalls.o)
                0x0000000000002414                _getpid
 .text._sbrk    0x0000000000002418       0x48 /home/mhardenburgh/gcc-arm-none-eabi-8-2019-q3-update/bin/../lib/gcc/arm-none-eabi/8.3.1/../../../../arm-none-eabi/lib/thumb/v7e-m+fp/hard/librdimon_nano.a(rdimon-syscalls.o)
                0x0000000000002418                _sbrk
 .text._swistat
                0x0000000000002460       0x42 /home/mhardenburgh/gcc-arm-none-eabi-8-2019-q3-update/bin/../lib/gcc/arm-none-eabi/8.3.1/../../../../arm-none-eabi/lib/thumb/v7e-m+fp/hard/librdimon_nano.a(rdimon-syscalls.o)
                0x0000000000002460                _swistat
 .text._stat    0x00000000000024a2       0x3a /home/mhardenburgh/gcc-arm-none-eabi-8-2019-q3-update/bin/../lib/gcc/arm-none-eabi/8.3.1/../../../../arm-none-eabi/lib/thumb/v7e-m+fp/hard/librdimon_nano.a(rdimon-syscalls.o)
                0x00000000000024a2                _stat
 .text._swiopen
                0x00000000000024dc       0xb4 /home/mhardenburgh/gcc-arm-none-eabi-8-2019-q3-update/bin/../lib/gcc/arm-none-eabi/8.3.1/../../../../arm-none-eabi/lib/thumb/v7e-m+fp/hard/librdimon_nano.a(rdimon-syscalls.o)
                0x00000000000024dc                _swiopen
 .text._get_semihosting_exts
                0x0000000000002590       0xb4 /home/mhardenburgh/gcc-arm-none-eabi-8-2019-q3-update/bin/../lib/gcc/arm-none-eabi/8.3.1/../../../../arm-none-eabi/lib/thumb/v7e-m+fp/hard/librdimon_nano.a(rdimon-syscalls.o)
                0x0000000000002590                _get_semihosting_exts
 .text.initialise_semihosting_exts
                0x0000000000002644       0x34 /home/mhardenburgh/gcc-arm-none-eabi-8-2019-q3-update/bin/../lib/gcc/arm-none-eabi/8.3.1/../../../../arm-none-eabi/lib/thumb/v7e-m+fp/hard/librdimon_nano.a(rdimon-syscalls.o)
 .text._has_ext_exit_extended
                0x0000000000002678       0x18 /home/mhardenburgh/gcc-arm-none-eabi-8-2019-q3-update/bin/../lib/gcc/arm-none-eabi/8.3.1/../../../../arm-none-eabi/lib/thumb/v7e-m+fp/hard/librdimon_nano.a(rdimon-syscalls.o)
                0x0000000000002678                _has_ext_exit_extended
 .text._exit    0x0000000000002690       0x14 /home/mhardenburgh/gcc-arm-none-eabi-8-2019-q3-update/bin/../lib/gcc/arm-none-eabi/8.3.1/../../../../arm-none-eabi/lib/thumb/v7e-m+fp/hard/librdimon_nano.a(rdimon-_exit.o)
                0x0000000000002690                _exit
 .text._kill_shared
                0x00000000000026a4       0x26 /home/mhardenburgh/gcc-arm-none-eabi-8-2019-q3-update/bin/../lib/gcc/arm-none-eabi/8.3.1/../../../../arm-none-eabi/lib/thumb/v7e-m+fp/hard/librdimon_nano.a(rdimon-_kill.o)
                0x00000000000026a4                _kill_shared
 *fill*         0x00000000000026ca        0x2 
 .text._kill    0x00000000000026cc       0x18 /home/mhardenburgh/gcc-arm-none-eabi-8-2019-q3-update/bin/../lib/gcc/arm-none-eabi/8.3.1/../../../../arm-none-eabi/lib/thumb/v7e-m+fp/hard/librdimon_nano.a(rdimon-_kill.o)
                0x00000000000026cc                _kill
 .text.__errno  0x00000000000026e4        0xc /home/mhardenburgh/gcc-arm-none-eabi-8-2019-q3-update/bin/../lib/gcc/arm-none-eabi/8.3.1/../../../../arm-none-eabi/lib/thumb/v7e-m+fp/hard/libc_nano.a(lib_a-errno.o)
                0x00000000000026e4                __errno
 .text.std      0x00000000000026f0       0x48 /home/mhardenburgh/gcc-arm-none-eabi-8-2019-q3-update/bin/../lib/gcc/arm-none-eabi/8.3.1/../../../../arm-none-eabi/lib/thumb/v7e-m+fp/hard/libc_nano.a(lib_a-findfp.o)
 .text._cleanup_r
                0x0000000000002738        0xc /home/mhardenburgh/gcc-arm-none-eabi-8-2019-q3-update/bin/../lib/gcc/arm-none-eabi/8.3.1/../../../../arm-none-eabi/lib/thumb/v7e-m+fp/hard/libc_nano.a(lib_a-findfp.o)
                0x0000000000002738                _cleanup_r
 .text.__sfmoreglue
                0x0000000000002744       0x2c /home/mhardenburgh/gcc-arm-none-eabi-8-2019-q3-update/bin/../lib/gcc/arm-none-eabi/8.3.1/../../../../arm-none-eabi/lib/thumb/v7e-m+fp/hard/libc_nano.a(lib_a-findfp.o)
                0x0000000000002744                __sfmoreglue
 .text.__sfp_lock_acquire
                0x0000000000002770        0xc /home/mhardenburgh/gcc-arm-none-eabi-8-2019-q3-update/bin/../lib/gcc/arm-none-eabi/8.3.1/../../../../arm-none-eabi/lib/thumb/v7e-m+fp/hard/libc_nano.a(lib_a-findfp.o)
                0x0000000000002770                __sfp_lock_acquire
 .text.__sfp_lock_release
                0x000000000000277c        0xc /home/mhardenburgh/gcc-arm-none-eabi-8-2019-q3-update/bin/../lib/gcc/arm-none-eabi/8.3.1/../../../../arm-none-eabi/lib/thumb/v7e-m+fp/hard/libc_nano.a(lib_a-findfp.o)
                0x000000000000277c                __sfp_lock_release
 .text.__sinit_lock_acquire
                0x0000000000002788        0xc /home/mhardenburgh/gcc-arm-none-eabi-8-2019-q3-update/bin/../lib/gcc/arm-none-eabi/8.3.1/../../../../arm-none-eabi/lib/thumb/v7e-m+fp/hard/libc_nano.a(lib_a-findfp.o)
                0x0000000000002788                __sinit_lock_acquire
 .text.__sinit_lock_release
                0x0000000000002794        0xc /home/mhardenburgh/gcc-arm-none-eabi-8-2019-q3-update/bin/../lib/gcc/arm-none-eabi/8.3.1/../../../../arm-none-eabi/lib/thumb/v7e-m+fp/hard/libc_nano.a(lib_a-findfp.o)
                0x0000000000002794                __sinit_lock_release
 .text.__sinit  0x00000000000027a0       0x70 /home/mhardenburgh/gcc-arm-none-eabi-8-2019-q3-update/bin/../lib/gcc/arm-none-eabi/8.3.1/../../../../arm-none-eabi/lib/thumb/v7e-m+fp/hard/libc_nano.a(lib_a-findfp.o)
                0x00000000000027a0                __sinit
 .text.__sfp    0x0000000000002810       0x8c /home/mhardenburgh/gcc-arm-none-eabi-8-2019-q3-update/bin/../lib/gcc/arm-none-eabi/8.3.1/../../../../arm-none-eabi/lib/thumb/v7e-m+fp/hard/libc_nano.a(lib_a-findfp.o)
                0x0000000000002810                __sfp
 .text._fwalk_reent
                0x000000000000289c       0x3c /home/mhardenburgh/gcc-arm-none-eabi-8-2019-q3-update/bin/../lib/gcc/arm-none-eabi/8.3.1/../../../../arm-none-eabi/lib/thumb/v7e-m+fp/hard/libc_nano.a(lib_a-fwalk.o)
                0x000000000000289c                _fwalk_reent
 .text.__sread  0x00000000000028d8       0x22 /home/mhardenburgh/gcc-arm-none-eabi-8-2019-q3-update/bin/../lib/gcc/arm-none-eabi/8.3.1/../../../../arm-none-eabi/lib/thumb/v7e-m+fp/hard/libc_nano.a(lib_a-stdio.o)
                0x00000000000028d8                __sread
 .text.__swrite
                0x00000000000028fa       0x38 /home/mhardenburgh/gcc-arm-none-eabi-8-2019-q3-update/bin/../lib/gcc/arm-none-eabi/8.3.1/../../../../arm-none-eabi/lib/thumb/v7e-m+fp/hard/libc_nano.a(lib_a-stdio.o)
                0x00000000000028fa                __swrite
 .text.__sseek  0x0000000000002932       0x24 /home/mhardenburgh/gcc-arm-none-eabi-8-2019-q3-update/bin/../lib/gcc/arm-none-eabi/8.3.1/../../../../arm-none-eabi/lib/thumb/v7e-m+fp/hard/libc_nano.a(lib_a-stdio.o)
                0x0000000000002932                __sseek
 .text.__sclose
                0x0000000000002956        0x8 /home/mhardenburgh/gcc-arm-none-eabi-8-2019-q3-update/bin/../lib/gcc/arm-none-eabi/8.3.1/../../../../arm-none-eabi/lib/thumb/v7e-m+fp/hard/libc_nano.a(lib_a-stdio.o)
                0x0000000000002956                __sclose
 .text          0x000000000000295e       0x10 /home/mhardenburgh/gcc-arm-none-eabi-8-2019-q3-update/bin/../lib/gcc/arm-none-eabi/8.3.1/../../../../arm-none-eabi/lib/thumb/v7e-m+fp/hard/libc_nano.a(lib_a-strlen.o)
                0x000000000000295e                strlen
 *fill*         0x000000000000296e        0x2 
 .text._write_r
                0x0000000000002970       0x24 /home/mhardenburgh/gcc-arm-none-eabi-8-2019-q3-update/bin/../lib/gcc/arm-none-eabi/8.3.1/../../../../arm-none-eabi/lib/thumb/v7e-m+fp/hard/libc_nano.a(lib_a-writer.o)
                0x0000000000002970                _write_r
 .text._close_r
                0x0000000000002994       0x20 /home/mhardenburgh/gcc-arm-none-eabi-8-2019-q3-update/bin/../lib/gcc/arm-none-eabi/8.3.1/../../../../arm-none-eabi/lib/thumb/v7e-m+fp/hard/libc_nano.a(lib_a-closer.o)
                0x0000000000002994                _close_r
 .text.__sflush_r
                0x00000000000029b4      0x10c /home/mhardenburgh/gcc-arm-none-eabi-8-2019-q3-update/bin/../lib/gcc/arm-none-eabi/8.3.1/../../../../arm-none-eabi/lib/thumb/v7e-m+fp/hard/libc_nano.a(lib_a-fflush.o)
                0x00000000000029b4                __sflush_r
 .text._fflush_r
                0x0000000000002ac0       0x78 /home/mhardenburgh/gcc-arm-none-eabi-8-2019-q3-update/bin/../lib/gcc/arm-none-eabi/8.3.1/../../../../arm-none-eabi/lib/thumb/v7e-m+fp/hard/libc_nano.a(lib_a-fflush.o)
                0x0000000000002ac0                _fflush_r
 .text._lseek_r
                0x0000000000002b38       0x24 /home/mhardenburgh/gcc-arm-none-eabi-8-2019-q3-update/bin/../lib/gcc/arm-none-eabi/8.3.1/../../../../arm-none-eabi/lib/thumb/v7e-m+fp/hard/libc_nano.a(lib_a-lseekr.o)
                0x0000000000002b38                _lseek_r
 .text._read_r  0x0000000000002b5c       0x24 /home/mhardenburgh/gcc-arm-none-eabi-8-2019-q3-update/bin/../lib/gcc/arm-none-eabi/8.3.1/../../../../arm-none-eabi/lib/thumb/v7e-m+fp/hard/libc_nano.a(lib_a-readr.o)
                0x0000000000002b5c                _read_r
 *(.init)
 .init          0x0000000000002b80        0x4 /home/mhardenburgh/gcc-arm-none-eabi-8-2019-q3-update/bin/../lib/gcc/arm-none-eabi/8.3.1/thumb/v7e-m+fp/hard/crti.o
                0x0000000000002b80                _init
 .init          0x0000000000002b84        0x8 /home/mhardenburgh/gcc-arm-none-eabi-8-2019-q3-update/bin/../lib/gcc/arm-none-eabi/8.3.1/thumb/v7e-m+fp/hard/crtn.o
 *(.fini)
 .fini          0x0000000000002b8c        0x4 /home/mhardenburgh/gcc-arm-none-eabi-8-2019-q3-update/bin/../lib/gcc/arm-none-eabi/8.3.1/thumb/v7e-m+fp/hard/crti.o
                0x0000000000002b8c                _fini
 .fini          0x0000000000002b90        0x8 /home/mhardenburgh/gcc-arm-none-eabi-8-2019-q3-update/bin/../lib/gcc/arm-none-eabi/8.3.1/thumb/v7e-m+fp/hard/crtn.o
 *crtbegin.o(.ctors)
 *crtbegin?.o(.ctors)
 *(EXCLUDE_FILE(*crtend.o *crtend?.o) .ctors)
 *(SORT_BY_NAME(.ctors.*))
 *(.ctors)
 *crtbegin.o(.dtors)
 *crtbegin?.o(.dtors)
 *(EXCLUDE_FILE(*crtend.o *crtend?.o) .dtors)
 *(SORT_BY_NAME(.dtors.*))
 *(.dtors)
 *(.rodata*)
 .rodata        0x0000000000002b98       0xf4 corePeripherals/nvic/nvic.o
                0x0000000000002b9c                Nvic::ENn_OFFSET
                0x0000000000002bb0                Nvic::DISn_OFFSET
                0x0000000000002bc4                Nvic::PENDn_OFFSET
                0x0000000000002bd8                Nvic::UNPENDn_OFFSET
                0x0000000000002bec                Nvic::ACTIVEn_OFFSET
                0x0000000000002c00                Nvic::PRIn_OFFSET
 .rodata._global_impure_ptr
                0x0000000000002c8c        0x4 /home/mhardenburgh/gcc-arm-none-eabi-8-2019-q3-update/bin/../lib/gcc/arm-none-eabi/8.3.1/../../../../arm-none-eabi/lib/thumb/v7e-m+fp/hard/libg_nano.a(lib_a-impure.o)
                0x0000000000002c8c                _global_impure_ptr
 .rodata._get_semihosting_exts.str1.1
                0x0000000000002c90       0x16 /home/mhardenburgh/gcc-arm-none-eabi-8-2019-q3-update/bin/../lib/gcc/arm-none-eabi/8.3.1/../../../../arm-none-eabi/lib/thumb/v7e-m+fp/hard/librdimon_nano.a(rdimon-syscalls.o)
 *fill*         0x0000000000002ca6        0x2 
 .rodata.__sf_fake_stderr
                0x0000000000002ca8       0x20 /home/mhardenburgh/gcc-arm-none-eabi-8-2019-q3-update/bin/../lib/gcc/arm-none-eabi/8.3.1/../../../../arm-none-eabi/lib/thumb/v7e-m+fp/hard/libc_nano.a(lib_a-findfp.o)
                0x0000000000002ca8                __sf_fake_stderr
 .rodata.__sf_fake_stdin
                0x0000000000002cc8       0x20 /home/mhardenburgh/gcc-arm-none-eabi-8-2019-q3-update/bin/../lib/gcc/arm-none-eabi/8.3.1/../../../../arm-none-eabi/lib/thumb/v7e-m+fp/hard/libc_nano.a(lib_a-findfp.o)
                0x0000000000002cc8                __sf_fake_stdin
 .rodata.__sf_fake_stdout
                0x0000000000002ce8       0x20 /home/mhardenburgh/gcc-arm-none-eabi-8-2019-q3-update/bin/../lib/gcc/arm-none-eabi/8.3.1/../../../../arm-none-eabi/lib/thumb/v7e-m+fp/hard/libc_nano.a(lib_a-findfp.o)
                0x0000000000002ce8                __sf_fake_stdout
 *(.eh_frame*)
 .eh_frame      0x0000000000002d08        0x0 /home/mhardenburgh/gcc-arm-none-eabi-8-2019-q3-update/bin/../lib/gcc/arm-none-eabi/8.3.1/thumb/v7e-m+fp/hard/crtbegin.o
 .eh_frame      0x0000000000002d08        0x4 /home/mhardenburgh/gcc-arm-none-eabi-8-2019-q3-update/bin/../lib/gcc/arm-none-eabi/8.3.1/thumb/v7e-m+fp/hard/crtend.o

.glue_7         0x0000000000002d0c        0x0
 .glue_7        0x0000000000002d0c        0x0 linker stubs

.glue_7t        0x0000000000002d0c        0x0
 .glue_7t       0x0000000000002d0c        0x0 linker stubs

.vfp11_veneer   0x0000000000002d0c        0x0
 .vfp11_veneer  0x0000000000002d0c        0x0 linker stubs

.v4_bx          0x0000000000002d0c        0x0
 .v4_bx         0x0000000000002d0c        0x0 linker stubs

.iplt           0x0000000000002d0c        0x0
 .iplt          0x0000000000002d0c        0x0 /home/mhardenburgh/gcc-arm-none-eabi-8-2019-q3-update/bin/../lib/gcc/arm-none-eabi/8.3.1/thumb/v7e-m+fp/hard/crtbegin.o

.ARM.extab      0x0000000000002d0c       0x90
 *(.ARM.extab* .gnu.linkonce.armextab.*)
 .ARM.extab     0x0000000000002d0c        0xc corePeripherals/nvic/nvic.o
 .ARM.extab     0x0000000000002d18        0xc systemControl/systemControl.o
 .ARM.extab     0x0000000000002d24       0x3c gpio/gpio.o
 .ARM.extab     0x0000000000002d60       0x24 pwm/pwm.o
 .ARM.extab     0x0000000000002d84       0x18 /home/mhardenburgh/gcc-arm-none-eabi-8-2019-q3-update/bin/../lib/gcc/arm-none-eabi/8.3.1/thumb/v7e-m+fp/hard/libgcc.a(pr-support.o)
                0x0000000000002d9c                __exidx_start = .

.ARM.exidx      0x0000000000002d9c      0x140
 *(.ARM.exidx* .gnu.linkonce.armexidx.*)
 .ARM.exidx     0x0000000000002d9c       0x18 main.o
                                         0x38 (size before relaxing)
 .ARM.exidx     0x0000000000002db4        0x0 register/register.o
                                         0x60 (size before relaxing)
 .ARM.exidx     0x0000000000002db4       0x10 corePeripherals/nvic/nvic.o
                                         0x30 (size before relaxing)
 .ARM.exidx     0x0000000000002dc4       0x10 systemControl/systemControl.o
                                         0x20 (size before relaxing)
 .ARM.exidx     0x0000000000002dd4       0x30 gpio/gpio.o
                                         0x38 (size before relaxing)
 .ARM.exidx     0x0000000000002e04       0x28 pwm/pwm.o
 .ARM.exidx     0x0000000000002e2c       0x78 /home/mhardenburgh/gcc-arm-none-eabi-8-2019-q3-update/bin/../lib/gcc/arm-none-eabi/8.3.1/thumb/v7e-m+fp/hard/libgcc.a(unwind-arm.o)
                                         0xd8 (size before relaxing)
 .ARM.exidx     0x0000000000002ea4       0x38 /home/mhardenburgh/gcc-arm-none-eabi-8-2019-q3-update/bin/../lib/gcc/arm-none-eabi/8.3.1/thumb/v7e-m+fp/hard/libgcc.a(pr-support.o)
                0x0000000000002edc                __exidx_end = .
                0x0000000000002edc                __etext = ALIGN (0x4)

.rel.dyn        0x0000000000002edc        0x0
 .rel.iplt      0x0000000000002edc        0x0 /home/mhardenburgh/gcc-arm-none-eabi-8-2019-q3-update/bin/../lib/gcc/arm-none-eabi/8.3.1/thumb/v7e-m+fp/hard/crtbegin.o

.data           0x0000000020000000       0x80 load address 0x0000000000002edc
                0x0000000020000000                __data_start__ = .
 *(vtable)
 *(.data*)
 .data          0x0000000020000000        0x4 /home/mhardenburgh/gcc-arm-none-eabi-8-2019-q3-update/bin/../lib/gcc/arm-none-eabi/8.3.1/thumb/v7e-m+fp/hard/crtbegin.o
                0x0000000020000000                __dso_handle
 .data._impure_ptr
                0x0000000020000004        0x4 /home/mhardenburgh/gcc-arm-none-eabi-8-2019-q3-update/bin/../lib/gcc/arm-none-eabi/8.3.1/../../../../arm-none-eabi/lib/thumb/v7e-m+fp/hard/libg_nano.a(lib_a-impure.o)
                0x0000000020000004                _impure_ptr
 .data.impure_data
                0x0000000020000008       0x60 /home/mhardenburgh/gcc-arm-none-eabi-8-2019-q3-update/bin/../lib/gcc/arm-none-eabi/8.3.1/../../../../arm-none-eabi/lib/thumb/v7e-m+fp/hard/libg_nano.a(lib_a-impure.o)
 .data.__heap_limit
                0x0000000020000068        0x4 /home/mhardenburgh/gcc-arm-none-eabi-8-2019-q3-update/bin/../lib/gcc/arm-none-eabi/8.3.1/../../../../arm-none-eabi/lib/thumb/v7e-m+fp/hard/librdimon_nano.a(rdimon-syscalls.o)
                0x0000000020000068                __heap_limit
 .data.supports_ext_exit_extended
                0x000000002000006c        0x4 /home/mhardenburgh/gcc-arm-none-eabi-8-2019-q3-update/bin/../lib/gcc/arm-none-eabi/8.3.1/../../../../arm-none-eabi/lib/thumb/v7e-m+fp/hard/librdimon_nano.a(rdimon-syscalls.o)
 .data.supports_ext_stdout_stderr
                0x0000000020000070        0x4 /home/mhardenburgh/gcc-arm-none-eabi-8-2019-q3-update/bin/../lib/gcc/arm-none-eabi/8.3.1/../../../../arm-none-eabi/lib/thumb/v7e-m+fp/hard/librdimon_nano.a(rdimon-syscalls.o)
                0x0000000020000074                . = ALIGN (0x4)
                0x0000000020000074                PROVIDE (__preinit_array_start = .)
 *(.preinit_array)
                0x0000000020000074                PROVIDE (__preinit_array_end = .)
                0x0000000020000074                . = ALIGN (0x4)
                0x0000000020000074                PROVIDE (__init_array_start = .)
 *(SORT_BY_NAME(.init_array.*))
 *(.init_array)
 .init_array    0x0000000020000074        0x4 /home/mhardenburgh/gcc-arm-none-eabi-8-2019-q3-update/bin/../lib/gcc/arm-none-eabi/8.3.1/thumb/v7e-m+fp/hard/crtbegin.o
 .init_array    0x0000000020000078        0x4 main.o
                0x000000002000007c                PROVIDE (__init_array_end = .)
                0x000000002000007c                . = ALIGN (0x4)
                [!provide]                        PROVIDE (__fini_array_start = .)
 *(SORT_BY_NAME(.fini_array.*))
 *(.fini_array)
 .fini_array    0x000000002000007c        0x4 /home/mhardenburgh/gcc-arm-none-eabi-8-2019-q3-update/bin/../lib/gcc/arm-none-eabi/8.3.1/thumb/v7e-m+fp/hard/crtbegin.o
                [!provide]                        PROVIDE (__fini_array_end = .)
 *(.jcr*)
                0x0000000020000080                . = ALIGN (0x4)
                0x0000000020000080                __data_end__ = .

.igot.plt       0x0000000020000080        0x0 load address 0x0000000000002f5c
 .igot.plt      0x0000000020000080        0x0 /home/mhardenburgh/gcc-arm-none-eabi-8-2019-q3-update/bin/../lib/gcc/arm-none-eabi/8.3.1/thumb/v7e-m+fp/hard/crtbegin.o

.bss            0x0000000020000080      0x158 load address 0x0000000000002f5c
                0x0000000020000080                . = ALIGN (0x4)
                0x0000000020000080                __bss_start__ = .
 *(.bss*)
 .bss           0x0000000020000080       0x1c /home/mhardenburgh/gcc-arm-none-eabi-8-2019-q3-update/bin/../lib/gcc/arm-none-eabi/8.3.1/thumb/v7e-m+fp/hard/crtbegin.o
 .bss           0x000000002000009c       0x80 main.o
                0x000000002000009c                greenLed
                0x00000000200000b4                blueLed
                0x00000000200000cc                redLed
                0x00000000200000e4                swtich1
                0x00000000200000fc                swtich2
                0x0000000020000114                greenPwm
 .bss.__malloc_free_list
                0x000000002000011c        0x4 /home/mhardenburgh/gcc-arm-none-eabi-8-2019-q3-update/bin/../lib/gcc/arm-none-eabi/8.3.1/../../../../arm-none-eabi/lib/thumb/v7e-m+fp/hard/libg_nano.a(lib_a-nano-mallocr.o)
                0x000000002000011c                __malloc_free_list
 .bss.__malloc_sbrk_start
                0x0000000020000120        0x4 /home/mhardenburgh/gcc-arm-none-eabi-8-2019-q3-update/bin/../lib/gcc/arm-none-eabi/8.3.1/../../../../arm-none-eabi/lib/thumb/v7e-m+fp/hard/libg_nano.a(lib_a-nano-mallocr.o)
                0x0000000020000120                __malloc_sbrk_start
 .bss.heap_end.7697
                0x0000000020000124        0x4 /home/mhardenburgh/gcc-arm-none-eabi-8-2019-q3-update/bin/../lib/gcc/arm-none-eabi/8.3.1/../../../../arm-none-eabi/lib/thumb/v7e-m+fp/hard/librdimon_nano.a(rdimon-syscalls.o)
 .bss.openfiles
                0x0000000020000128       0xa0 /home/mhardenburgh/gcc-arm-none-eabi-8-2019-q3-update/bin/../lib/gcc/arm-none-eabi/8.3.1/../../../../arm-none-eabi/lib/thumb/v7e-m+fp/hard/librdimon_nano.a(rdimon-syscalls.o)
 *(COMMON)
 COMMON         0x00000000200001c8        0x4 /home/mhardenburgh/gcc-arm-none-eabi-8-2019-q3-update/bin/../lib/gcc/arm-none-eabi/8.3.1/../../../../arm-none-eabi/lib/thumb/v7e-m+fp/hard/libg_nano.a(lib_a-reent.o)
                0x00000000200001c8                errno
 COMMON         0x00000000200001cc        0x9 /home/mhardenburgh/gcc-arm-none-eabi-8-2019-q3-update/bin/../lib/gcc/arm-none-eabi/8.3.1/../../../../arm-none-eabi/lib/thumb/v7e-m+fp/hard/libg_nano.a(lib_a-lock.o)
                0x00000000200001cc                __lock___atexit_recursive_mutex
                0x00000000200001cd                __lock___arc4random_mutex
                0x00000000200001ce                __lock___env_recursive_mutex
                0x00000000200001cf                __lock___sinit_recursive_mutex
                0x00000000200001d0                __lock___malloc_recursive_mutex
                0x00000000200001d1                __lock___at_quick_exit_mutex
                0x00000000200001d2                __lock___dd_hash_mutex
                0x00000000200001d3                __lock___tz_mutex
                0x00000000200001d4                __lock___sfp_recursive_mutex
                0x00000000200001d8                . = ALIGN (0x4)
 *fill*         0x00000000200001d5        0x3 
                0x00000000200001d8                __bss_end__ = .

.heap           0x00000000200001d8        0x0
                0x00000000200001d8                __end__ = .
                0x00000000200001d8                PROVIDE (end = .)
 *(.heap*)
 .heap          0x00000000200001d8        0x0 startup_ARMCM4.o
                0x00000000200001d8                __HeapLimit = .

.stack_dummy    0x00000000200001d8      0x400
 *(.stack*)
 .stack         0x00000000200001d8      0x400 startup_ARMCM4.o
                0x0000000020008000                __StackTop = (ORIGIN (RAM) + LENGTH (RAM))
                0x0000000020007c00                __StackLimit = (__StackTop - SIZEOF (.stack_dummy))
                [!provide]                        PROVIDE (__stack = __StackTop)
                0x0000000000000001                ASSERT ((__StackLimit >= __HeapLimit), region RAM overflowed with stack)
OUTPUT(main.elf elf32-littlearm)

.ARM.attributes
                0x0000000000000000       0x30
 .ARM.attributes
                0x0000000000000000       0x1e /home/mhardenburgh/gcc-arm-none-eabi-8-2019-q3-update/bin/../lib/gcc/arm-none-eabi/8.3.1/thumb/v7e-m+fp/hard/crti.o
 .ARM.attributes
                0x000000000000001e       0x34 /home/mhardenburgh/gcc-arm-none-eabi-8-2019-q3-update/bin/../lib/gcc/arm-none-eabi/8.3.1/thumb/v7e-m+fp/hard/crtbegin.o
 .ARM.attributes
                0x0000000000000052       0x20 startup_ARMCM4.o
 .ARM.attributes
                0x0000000000000072       0x34 main.o
 .ARM.attributes
                0x00000000000000a6       0x34 register/register.o
 .ARM.attributes
                0x00000000000000da       0x34 corePeripherals/nvic/nvic.o
 .ARM.attributes
                0x000000000000010e       0x34 systemControl/systemControl.o
 .ARM.attributes
                0x0000000000000142       0x34 gpio/gpio.o
 .ARM.attributes
                0x0000000000000176       0x34 pwm/pwm.o
 .ARM.attributes
                0x00000000000001aa       0x34 /home/mhardenburgh/gcc-arm-none-eabi-8-2019-q3-update/bin/../lib/gcc/arm-none-eabi/8.3.1/../../../../arm-none-eabi/lib/thumb/v7e-m+fp/hard/libstdc++_nano.a(atexit_arm.o)
 .ARM.attributes
                0x00000000000001de       0x34 /home/mhardenburgh/gcc-arm-none-eabi-8-2019-q3-update/bin/../lib/gcc/arm-none-eabi/8.3.1/../../../../arm-none-eabi/lib/thumb/v7e-m+fp/hard/libg_nano.a(lib_a-cxa_atexit.o)
 .ARM.attributes
                0x0000000000000212       0x32 /home/mhardenburgh/gcc-arm-none-eabi-8-2019-q3-update/bin/../lib/gcc/arm-none-eabi/8.3.1/../../../../arm-none-eabi/lib/thumb/v7e-m+fp/hard/libg_nano.a(lib_a-impure.o)
 .ARM.attributes
                0x0000000000000244       0x34 /home/mhardenburgh/gcc-arm-none-eabi-8-2019-q3-update/bin/../lib/gcc/arm-none-eabi/8.3.1/../../../../arm-none-eabi/lib/thumb/v7e-m+fp/hard/libg_nano.a(lib_a-malloc.o)
 .ARM.attributes
                0x0000000000000278       0x34 /home/mhardenburgh/gcc-arm-none-eabi-8-2019-q3-update/bin/../lib/gcc/arm-none-eabi/8.3.1/../../../../arm-none-eabi/lib/thumb/v7e-m+fp/hard/libg_nano.a(lib_a-nano-freer.o)
 .ARM.attributes
                0x00000000000002ac       0x34 /home/mhardenburgh/gcc-arm-none-eabi-8-2019-q3-update/bin/../lib/gcc/arm-none-eabi/8.3.1/../../../../arm-none-eabi/lib/thumb/v7e-m+fp/hard/libg_nano.a(lib_a-nano-mallocr.o)
 .ARM.attributes
                0x00000000000002e0       0x34 /home/mhardenburgh/gcc-arm-none-eabi-8-2019-q3-update/bin/../lib/gcc/arm-none-eabi/8.3.1/../../../../arm-none-eabi/lib/thumb/v7e-m+fp/hard/libg_nano.a(lib_a-sbrkr.o)
 .ARM.attributes
                0x0000000000000314       0x34 /home/mhardenburgh/gcc-arm-none-eabi-8-2019-q3-update/bin/../lib/gcc/arm-none-eabi/8.3.1/../../../../arm-none-eabi/lib/thumb/v7e-m+fp/hard/libg_nano.a(lib_a-mlock.o)
 .ARM.attributes
                0x0000000000000348       0x34 /home/mhardenburgh/gcc-arm-none-eabi-8-2019-q3-update/bin/../lib/gcc/arm-none-eabi/8.3.1/../../../../arm-none-eabi/lib/thumb/v7e-m+fp/hard/libg_nano.a(lib_a-reent.o)
 .ARM.attributes
                0x000000000000037c       0x34 /home/mhardenburgh/gcc-arm-none-eabi-8-2019-q3-update/bin/../lib/gcc/arm-none-eabi/8.3.1/../../../../arm-none-eabi/lib/thumb/v7e-m+fp/hard/libg_nano.a(lib_a-lock.o)
 .ARM.attributes
                0x00000000000003b0       0x34 /home/mhardenburgh/gcc-arm-none-eabi-8-2019-q3-update/bin/../lib/gcc/arm-none-eabi/8.3.1/../../../../arm-none-eabi/lib/thumb/v7e-m+fp/hard/librdimon_nano.a(rdimon-syscalls.o)
 .ARM.attributes
                0x00000000000003e4       0x34 /home/mhardenburgh/gcc-arm-none-eabi-8-2019-q3-update/bin/../lib/gcc/arm-none-eabi/8.3.1/../../../../arm-none-eabi/lib/thumb/v7e-m+fp/hard/libc_nano.a(lib_a-errno.o)
 .ARM.attributes
                0x0000000000000418       0x34 /home/mhardenburgh/gcc-arm-none-eabi-8-2019-q3-update/bin/../lib/gcc/arm-none-eabi/8.3.1/../../../../arm-none-eabi/lib/thumb/v7e-m+fp/hard/libc_nano.a(lib_a-findfp.o)
 .ARM.attributes
                0x000000000000044c       0x32 /home/mhardenburgh/gcc-arm-none-eabi-8-2019-q3-update/bin/../lib/gcc/arm-none-eabi/8.3.1/thumb/v7e-m+fp/hard/crtend.o
 .ARM.attributes
                0x000000000000047e       0x1e /home/mhardenburgh/gcc-arm-none-eabi-8-2019-q3-update/bin/../lib/gcc/arm-none-eabi/8.3.1/thumb/v7e-m+fp/hard/crtn.o

.comment        0x0000000000000000       0x76
 .comment       0x0000000000000000       0x76 main.o
                                         0x77 (size before relaxing)
 .comment       0x0000000000000076       0x77 register/register.o
 .comment       0x0000000000000076       0x77 corePeripherals/nvic/nvic.o
 .comment       0x0000000000000076       0x77 systemControl/systemControl.o
 .comment       0x0000000000000076       0x77 gpio/gpio.o
 .comment       0x0000000000000076       0x77 pwm/pwm.o

.debug_line     0x0000000000000000     0x1c93
 .debug_line    0x0000000000000000       0x60 startup_ARMCM4.o
 .debug_line    0x0000000000000060      0x4ac main.o
 .debug_line    0x000000000000050c      0x452 register/register.o
 .debug_line    0x000000000000095e      0x43f corePeripherals/nvic/nvic.o
 .debug_line    0x0000000000000d9d      0x419 systemControl/systemControl.o
 .debug_line    0x00000000000011b6      0x5b3 gpio/gpio.o
 .debug_line    0x0000000000001769      0x52a pwm/pwm.o

.debug_info     0x0000000000000000     0xbdca
 .debug_info    0x0000000000000000       0x26 startup_ARMCM4.o
 .debug_info    0x0000000000000026     0x2750 main.o
 .debug_info    0x0000000000002776     0x1ab0 register/register.o
 .debug_info    0x0000000000004226     0x1f0a corePeripherals/nvic/nvic.o
 .debug_info    0x0000000000006130     0x1d3a systemControl/systemControl.o
 .debug_info    0x0000000000007e6a     0x1f0e gpio/gpio.o
 .debug_info    0x0000000000009d78     0x2052 pwm/pwm.o

.debug_abbrev   0x0000000000000000     0x20b6
 .debug_abbrev  0x0000000000000000       0x14 startup_ARMCM4.o
 .debug_abbrev  0x0000000000000014      0x5d7 main.o
 .debug_abbrev  0x00000000000005eb      0x54f register/register.o
 .debug_abbrev  0x0000000000000b3a      0x57c corePeripherals/nvic/nvic.o
 .debug_abbrev  0x00000000000010b6      0x529 systemControl/systemControl.o
 .debug_abbrev  0x00000000000015df      0x545 gpio/gpio.o
 .debug_abbrev  0x0000000000001b24      0x592 pwm/pwm.o

.debug_aranges  0x0000000000000000       0xe0
 .debug_aranges
                0x0000000000000000       0x20 startup_ARMCM4.o
 .debug_aranges
                0x0000000000000020       0x20 main.o
 .debug_aranges
                0x0000000000000040       0x20 register/register.o
 .debug_aranges
                0x0000000000000060       0x20 corePeripherals/nvic/nvic.o
 .debug_aranges
                0x0000000000000080       0x20 systemControl/systemControl.o
 .debug_aranges
                0x00000000000000a0       0x20 gpio/gpio.o
 .debug_aranges
                0x00000000000000c0       0x20 pwm/pwm.o

.debug_str      0x0000000000000000     0x305e
 .debug_str     0x0000000000000000       0x47 startup_ARMCM4.o
 .debug_str     0x0000000000000047     0x1e0b main.o
                                       0x206b (size before relaxing)
 .debug_str     0x0000000000001e52      0x201 register/register.o
                                       0x107a (size before relaxing)
 .debug_str     0x0000000000002053      0xc59 corePeripherals/nvic/nvic.o
                                       0x1b3f (size before relaxing)
 .debug_str     0x0000000000002cac      0x2ee systemControl/systemControl.o
                                       0x162b (size before relaxing)
 .debug_str     0x0000000000002f9a       0x28 gpio/gpio.o
                                       0x1a94 (size before relaxing)
 .debug_str     0x0000000000002fc2       0x9c pwm/pwm.o
                                       0x16ae (size before relaxing)

.debug_frame    0x0000000000000000      0xd9c
 .debug_frame   0x0000000000000000       0xdc main.o
 .debug_frame   0x00000000000000dc      0x1d0 register/register.o
 .debug_frame   0x00000000000002ac       0xf4 corePeripherals/nvic/nvic.o
 .debug_frame   0x00000000000003a0       0xac systemControl/systemControl.o
 .debug_frame   0x000000000000044c      0x11c gpio/gpio.o
 .debug_frame   0x0000000000000568       0xd8 pwm/pwm.o
 .debug_frame   0x0000000000000640       0x20 /home/mhardenburgh/gcc-arm-none-eabi-8-2019-q3-update/bin/../lib/gcc/arm-none-eabi/8.3.1/../../../../arm-none-eabi/lib/thumb/v7e-m+fp/hard/libstdc++_nano.a(atexit_arm.o)
 .debug_frame   0x0000000000000660       0x28 /home/mhardenburgh/gcc-arm-none-eabi-8-2019-q3-update/bin/../lib/gcc/arm-none-eabi/8.3.1/../../../../arm-none-eabi/lib/thumb/v7e-m+fp/hard/libg_nano.a(lib_a-cxa_atexit.o)
 .debug_frame   0x0000000000000688       0x30 /home/mhardenburgh/gcc-arm-none-eabi-8-2019-q3-update/bin/../lib/gcc/arm-none-eabi/8.3.1/../../../../arm-none-eabi/lib/thumb/v7e-m+fp/hard/libg_nano.a(lib_a-malloc.o)
 .debug_frame   0x00000000000006b8       0x38 /home/mhardenburgh/gcc-arm-none-eabi-8-2019-q3-update/bin/../lib/gcc/arm-none-eabi/8.3.1/../../../../arm-none-eabi/lib/thumb/v7e-m+fp/hard/libg_nano.a(lib_a-nano-freer.o)
 .debug_frame   0x00000000000006f0       0x30 /home/mhardenburgh/gcc-arm-none-eabi-8-2019-q3-update/bin/../lib/gcc/arm-none-eabi/8.3.1/../../../../arm-none-eabi/lib/thumb/v7e-m+fp/hard/libg_nano.a(lib_a-nano-mallocr.o)
 .debug_frame   0x0000000000000720       0x2c /home/mhardenburgh/gcc-arm-none-eabi-8-2019-q3-update/bin/../lib/gcc/arm-none-eabi/8.3.1/../../../../arm-none-eabi/lib/thumb/v7e-m+fp/hard/libg_nano.a(lib_a-sbrkr.o)
 .debug_frame   0x000000000000074c       0x30 /home/mhardenburgh/gcc-arm-none-eabi-8-2019-q3-update/bin/../lib/gcc/arm-none-eabi/8.3.1/../../../../arm-none-eabi/lib/thumb/v7e-m+fp/hard/libg_nano.a(lib_a-mlock.o)
 .debug_frame   0x000000000000077c       0x5c /home/mhardenburgh/gcc-arm-none-eabi-8-2019-q3-update/bin/../lib/gcc/arm-none-eabi/8.3.1/../../../../arm-none-eabi/lib/thumb/v7e-m+fp/hard/libg_nano.a(lib_a-reent.o)
 .debug_frame   0x00000000000007d8       0xb0 /home/mhardenburgh/gcc-arm-none-eabi-8-2019-q3-update/bin/../lib/gcc/arm-none-eabi/8.3.1/../../../../arm-none-eabi/lib/thumb/v7e-m+fp/hard/libg_nano.a(lib_a-lock.o)
 .debug_frame   0x0000000000000888      0x3a8 /home/mhardenburgh/gcc-arm-none-eabi-8-2019-q3-update/bin/../lib/gcc/arm-none-eabi/8.3.1/../../../../arm-none-eabi/lib/thumb/v7e-m+fp/hard/librdimon_nano.a(rdimon-syscalls.o)
 .debug_frame   0x0000000000000c30       0x20 /home/mhardenburgh/gcc-arm-none-eabi-8-2019-q3-update/bin/../lib/gcc/arm-none-eabi/8.3.1/../../../../arm-none-eabi/lib/thumb/v7e-m+fp/hard/libc_nano.a(lib_a-errno.o)
 .debug_frame   0x0000000000000c50      0x14c /home/mhardenburgh/gcc-arm-none-eabi-8-2019-q3-update/bin/../lib/gcc/arm-none-eabi/8.3.1/../../../../arm-none-eabi/lib/thumb/v7e-m+fp/hard/libc_nano.a(lib_a-findfp.o)

.debug_ranges   0x0000000000000000       0x18
 .debug_ranges  0x0000000000000000       0x18 register/register.o
