Archive member included to satisfy reference by file (symbol)

/home/mhardenburgh/gcc-arm-none-eabi-8-2019-q3-update/bin/../lib/gcc/arm-none-eabi/8.3.1/../../../../arm-none-eabi/lib/thumb/v7e-m+fp/hard/libstdc++_nano.a(atexit_arm.o)
                              main.o (__aeabi_atexit)
/home/mhardenburgh/gcc-arm-none-eabi-8-2019-q3-update/bin/../lib/gcc/arm-none-eabi/8.3.1/thumb/v7e-m+fp/hard/libgcc.a(unwind-arm.o)
                              main.o (__aeabi_unwind_cpp_pr0)
/home/mhardenburgh/gcc-arm-none-eabi-8-2019-q3-update/bin/../lib/gcc/arm-none-eabi/8.3.1/thumb/v7e-m+fp/hard/libgcc.a(libunwind.o)
                              /home/mhardenburgh/gcc-arm-none-eabi-8-2019-q3-update/bin/../lib/gcc/arm-none-eabi/8.3.1/thumb/v7e-m+fp/hard/libgcc.a(unwind-arm.o) (restore_core_regs)
/home/mhardenburgh/gcc-arm-none-eabi-8-2019-q3-update/bin/../lib/gcc/arm-none-eabi/8.3.1/thumb/v7e-m+fp/hard/libgcc.a(pr-support.o)
                              /home/mhardenburgh/gcc-arm-none-eabi-8-2019-q3-update/bin/../lib/gcc/arm-none-eabi/8.3.1/thumb/v7e-m+fp/hard/libgcc.a(unwind-arm.o) (__gnu_unwind_execute)
/home/mhardenburgh/gcc-arm-none-eabi-8-2019-q3-update/bin/../lib/gcc/arm-none-eabi/8.3.1/../../../../arm-none-eabi/lib/thumb/v7e-m+fp/hard/libg_nano.a(lib_a-abort.o)
                              /home/mhardenburgh/gcc-arm-none-eabi-8-2019-q3-update/bin/../lib/gcc/arm-none-eabi/8.3.1/thumb/v7e-m+fp/hard/libgcc.a(unwind-arm.o) (abort)
/home/mhardenburgh/gcc-arm-none-eabi-8-2019-q3-update/bin/../lib/gcc/arm-none-eabi/8.3.1/../../../../arm-none-eabi/lib/thumb/v7e-m+fp/hard/libg_nano.a(lib_a-cxa_atexit.o)
                              /home/mhardenburgh/gcc-arm-none-eabi-8-2019-q3-update/bin/../lib/gcc/arm-none-eabi/8.3.1/../../../../arm-none-eabi/lib/thumb/v7e-m+fp/hard/libstdc++_nano.a(atexit_arm.o) (__cxa_atexit)
/home/mhardenburgh/gcc-arm-none-eabi-8-2019-q3-update/bin/../lib/gcc/arm-none-eabi/8.3.1/../../../../arm-none-eabi/lib/thumb/v7e-m+fp/hard/libg_nano.a(lib_a-exit.o)
                              /home/mhardenburgh/gcc-arm-none-eabi-8-2019-q3-update/bin/../lib/gcc/arm-none-eabi/8.3.1/../../../../arm-none-eabi/lib/thumb/v7e-m+fp/hard/rdimon-crt0.o (exit)
/home/mhardenburgh/gcc-arm-none-eabi-8-2019-q3-update/bin/../lib/gcc/arm-none-eabi/8.3.1/../../../../arm-none-eabi/lib/thumb/v7e-m+fp/hard/libg_nano.a(lib_a-impure.o)
                              /home/mhardenburgh/gcc-arm-none-eabi-8-2019-q3-update/bin/../lib/gcc/arm-none-eabi/8.3.1/../../../../arm-none-eabi/lib/thumb/v7e-m+fp/hard/libg_nano.a(lib_a-exit.o) (_global_impure_ptr)
/home/mhardenburgh/gcc-arm-none-eabi-8-2019-q3-update/bin/../lib/gcc/arm-none-eabi/8.3.1/../../../../arm-none-eabi/lib/thumb/v7e-m+fp/hard/libg_nano.a(lib_a-init.o)
                              /home/mhardenburgh/gcc-arm-none-eabi-8-2019-q3-update/bin/../lib/gcc/arm-none-eabi/8.3.1/../../../../arm-none-eabi/lib/thumb/v7e-m+fp/hard/rdimon-crt0.o (__libc_init_array)
/home/mhardenburgh/gcc-arm-none-eabi-8-2019-q3-update/bin/../lib/gcc/arm-none-eabi/8.3.1/../../../../arm-none-eabi/lib/thumb/v7e-m+fp/hard/libg_nano.a(lib_a-malloc.o)
                              register/register.o (malloc)
/home/mhardenburgh/gcc-arm-none-eabi-8-2019-q3-update/bin/../lib/gcc/arm-none-eabi/8.3.1/../../../../arm-none-eabi/lib/thumb/v7e-m+fp/hard/libg_nano.a(lib_a-memcpy-stub.o)
                              /home/mhardenburgh/gcc-arm-none-eabi-8-2019-q3-update/bin/../lib/gcc/arm-none-eabi/8.3.1/thumb/v7e-m+fp/hard/libgcc.a(unwind-arm.o) (memcpy)
/home/mhardenburgh/gcc-arm-none-eabi-8-2019-q3-update/bin/../lib/gcc/arm-none-eabi/8.3.1/../../../../arm-none-eabi/lib/thumb/v7e-m+fp/hard/libg_nano.a(lib_a-memset.o)
                              /home/mhardenburgh/gcc-arm-none-eabi-8-2019-q3-update/bin/../lib/gcc/arm-none-eabi/8.3.1/../../../../arm-none-eabi/lib/thumb/v7e-m+fp/hard/rdimon-crt0.o (memset)
/home/mhardenburgh/gcc-arm-none-eabi-8-2019-q3-update/bin/../lib/gcc/arm-none-eabi/8.3.1/../../../../arm-none-eabi/lib/thumb/v7e-m+fp/hard/libg_nano.a(lib_a-nano-freer.o)
                              /home/mhardenburgh/gcc-arm-none-eabi-8-2019-q3-update/bin/../lib/gcc/arm-none-eabi/8.3.1/../../../../arm-none-eabi/lib/thumb/v7e-m+fp/hard/libg_nano.a(lib_a-malloc.o) (_free_r)
/home/mhardenburgh/gcc-arm-none-eabi-8-2019-q3-update/bin/../lib/gcc/arm-none-eabi/8.3.1/../../../../arm-none-eabi/lib/thumb/v7e-m+fp/hard/libg_nano.a(lib_a-nano-mallocr.o)
                              /home/mhardenburgh/gcc-arm-none-eabi-8-2019-q3-update/bin/../lib/gcc/arm-none-eabi/8.3.1/../../../../arm-none-eabi/lib/thumb/v7e-m+fp/hard/libg_nano.a(lib_a-malloc.o) (_malloc_r)
/home/mhardenburgh/gcc-arm-none-eabi-8-2019-q3-update/bin/../lib/gcc/arm-none-eabi/8.3.1/../../../../arm-none-eabi/lib/thumb/v7e-m+fp/hard/libg_nano.a(lib_a-on_exit_args.o)
[...]
Memory Configuration

Name             Origin             Length             Attributes
FLASH            0x0000000000000000 0x0000000000040000 xr
RAM              0x0000000020000000 0x0000000000008000 xrw
*default*        0x0000000000000000 0xffffffffffffffff

Linker script and memory map

LOAD /home/mhardenburgh/gcc-arm-none-eabi-8-2019-q3-update/bin/../lib/gcc/arm-none-eabi/8.3.1/thumb/v7e-m+fp/hard/crti.o
LOAD /home/mhardenburgh/gcc-arm-none-eabi-8-2019-q3-update/bin/../lib/gcc/arm-none-eabi/8.3.1/thumb/v7e-m+fp/hard/crtbegin.o
LOAD /home/mhardenburgh/gcc-arm-none-eabi-8-2019-q3-update/bin/../lib/gcc/arm-none-eabi/8.3.1/../../../../arm-none-eabi/lib/thumb/v7e-m+fp/hard/rdimon-crt0.o
LOAD startup_ARMCM4.o
LOAD main.o
LOAD register/register.o
LOAD corePeripherals/systick/systick.o
LOAD corePeripherals/nvic/nvic.o
LOAD corePeripherals/sbc/sbc.o
LOAD corePeripherals/mpu/mpu.o
LOAD corePeripherals/fpu/fpu.o
LOAD adc/adc.o
LOAD systemControl/systemControl.o
LOAD gpio/gpio.o
LOAD timer/generalPurposeTimer.o
LOAD pwm/pwm.o
LOAD /home/mhardenburgh/gcc-arm-none-eabi-8-2019-q3-update/bin/../lib/gcc/arm-none-eabi/8.3.1/../../../../arm-none-eabi/lib/thumb/v7e-m+fp/hard/libstdc++_nano.a
LOAD /home/mhardenburgh/gcc-arm-none-eabi-8-2019-q3-update/bin/../lib/gcc/arm-none-eabi/8.3.1/../../../../arm-none-eabi/lib/thumb/v7e-m+fp/hard/libm.a
START GROUP
LOAD /home/mhardenburgh/gcc-arm-none-eabi-8-2019-q3-update/bin/../lib/gcc/arm-none-eabi/8.3.1/thumb/v7e-m+fp/hard/libgcc.a
LOAD /home/mhardenburgh/gcc-arm-none-eabi-8-2019-q3-update/bin/../lib/gcc/arm-none-eabi/8.3.1/../../../../arm-none-eabi/lib/thumb/v7e-m+fp/hard/libg_nano.a
LOAD /home/mhardenburgh/gcc-arm-none-eabi-8-2019-q3-update/bin/../lib/gcc/arm-none-eabi/8.3.1/../../../../arm-none-eabi/lib/thumb/v7e-m+fp/hard/libc_nano.a
END GROUP
START GROUP
LOAD /home/mhardenburgh/gcc-arm-none-eabi-8-2019-q3-update/bin/../lib/gcc/arm-none-eabi/8.3.1/thumb/v7e-m+fp/hard/libgcc.a
LOAD /home/mhardenburgh/gcc-arm-none-eabi-8-2019-q3-update/bin/../lib/gcc/arm-none-eabi/8.3.1/../../../../arm-none-eabi/lib/thumb/v7e-m+fp/hard/libc_nano.a
LOAD /home/mhardenburgh/gcc-arm-none-eabi-8-2019-q3-update/bin/../lib/gcc/arm-none-eabi/8.3.1/../../../../arm-none-eabi/lib/thumb/v7e-m+fp/hard/librdimon_nano.a
END GROUP
START GROUP
LOAD /home/mhardenburgh/gcc-arm-none-eabi-8-2019-q3-update/bin/../lib/gcc/arm-none-eabi/8.3.1/thumb/v7e-m+fp/hard/libgcc.a
LOAD /home/mhardenburgh/gcc-arm-none-eabi-8-2019-q3-update/bin/../lib/gcc/arm-none-eabi/8.3.1/../../../../arm-none-eabi/lib/thumb/v7e-m+fp/hard/libc_nano.a
LOAD /home/mhardenburgh/gcc-arm-none-eabi-8-2019-q3-update/bin/../lib/gcc/arm-none-eabi/8.3.1/../../../../arm-none-eabi/lib/thumb/v7e-m+fp/hard/librdimon_nano.a
END GROUP
LOAD /home/mhardenburgh/gcc-arm-none-eabi-8-2019-q3-update/bin/../lib/gcc/arm-none-eabi/8.3.1/thumb/v7e-m+fp/hard/crtend.o
LOAD /home/mhardenburgh/gcc-arm-none-eabi-8-2019-q3-update/bin/../lib/gcc/arm-none-eabi/8.3.1/thumb/v7e-m+fp/hard/crtn.o

.text           0x0000000000000000     0x3604
 *(.isr_vector)
 .isr_vector    0x0000000000000000      0x26c startup_ARMCM4.o
                0x0000000000000000                __isr_vector
 *(.text*)
 .text          0x000000000000026c       0x40 /home/mhardenburgh/gcc-arm-none-eabi-8-2019-q3-update/bin/../lib/gcc/arm-none-eabi/8.3.1/thumb/v7e-m+fp/hard/crtbegin.o
 .text          0x00000000000002ac       0x44 startup_ARMCM4.o
                0x00000000000002ac                Reset_Handler
                0x00000000000002ec                GPIO_Port_B_Handler
                0x00000000000002ec                _16_32_Bit_Timer_5B_Handler
                0x00000000000002ec                DebugMon_Handler
                0x00000000000002ec                System_Exception_Handler
                0x00000000000002ec                UART_5_Handler
                0x00000000000002ec                HardFault_Handler
                0x00000000000002ec                I2C_2_Handler
                0x00000000000002ec                _32_64_Bit_Timer_0B_Handler
                0x00000000000002ec                _32_64_Bit_Timer_5B_Handler
                0x00000000000002ec                SysTick_Handler
                0x00000000000002ec                GPIO_Port_D_Handler
                0x00000000000002ec                PWM_1_Generator_1_Handler
                0x00000000000002ec                GPIO_Port_A_Handler
                0x00000000000002ec                PendSV_Handler
                0x00000000000002ec                NMI_Handler
                0x00000000000002ec                PWM_0_Generator_0_Handler
                0x00000000000002ec                Analog_Comparator_1_Handler
                0x00000000000002ec                _16_32_Bit_Timer_3A_Handler
                0x00000000000002ec                ADC_0_Sequence_2_Handler
                0x00000000000002ec                _32_64_Bit_Timer_0A_Handler
                0x00000000000002ec                ADC_0_Sequence_0_Handler
                0x00000000000002ec                UART_1_Handler
                0x00000000000002ec                SSI_0_Handler
                0x00000000000002ec                GPIO_Port_C_Handler
                0x00000000000002ec                ADC_1_Sequence_1_Handler
                0x00000000000002ec                PWM_1_Fault_Handler
                0x00000000000002ec                _16_32_Bit_Timer_0B_Handler
                0x00000000000002ec                I2C_0_Handler
                0x00000000000002ec                UsageFault_Handler
                0x00000000000002ec                System_Control_Handler
                0x00000000000002ec                UART_7_Handler
                0x00000000000002ec                PWM_1_Generator_3_Handler
                0x00000000000002ec                UART_3_Handler
                0x00000000000002ec                _16_32_Bit_Timer_2A_Handler
                0x00000000000002ec                _32_64_Bit_Timer_3B_Handler
                0x00000000000002ec                _16_32_Bit_Timer_5A_Handler
                0x00000000000002ec                _32_64_Bit_Timer_4A_Handler
                0x00000000000002ec                USB_Handler
                0x00000000000002ec                UART_6_Handler
                0x00000000000002ec                ADC_1_Sequence_0_Handler
                0x00000000000002ec                PWM_1_Generator_0_Handler
                0x00000000000002ec                SSI_2_Handler
                0x00000000000002ec                _32_64_Bit_Timer_1A_Handler
                0x00000000000002ec                Analog_Comparator_0_Handler
                0x00000000000002ec                PWM_0_Generator_2_Handler
                0x00000000000002ec                _16_32_Bit_Timer_2B_Handler
                0x00000000000002ec                I2C_1_Handler
                0x00000000000002ec                ADC_1_Sequence_3_Handler
                0x00000000000002ec                _16_32_Bit_Timer_0A_Handler
                0x00000000000002ec                SSI_3_Handler
                0x00000000000002ec                Default_Handler
                0x00000000000002ec                _32_64_Bit_Timer_2A_Handler
                0x00000000000002ec                _32_64_Bit_Timer_4B_Handler
                0x00000000000002ec                PWM_Generator_3_Handler
                0x00000000000002ec                Hibernation_Module_Handler
                0x00000000000002ec                ADC_0_Sequence_1_Handler
                0x00000000000002ec                _16_32_Bit_Timer_3B_Handler
                0x00000000000002ec                Flash_and_EEPROM_Control_Handler
                0x00000000000002ec                GPIO_Port_E_Handler
                0x00000000000002ec                MemManage_Handler
                0x00000000000002ec                _32_64_Bit_Timer_5A_Handler
                0x00000000000002ec                CAN_0_Handler
                0x00000000000002ec                _32_64_Bit_Timer_2B_Handler
                0x00000000000002ec                SVC_Handler
                0x00000000000002ec                UART_0_Handler
                0x00000000000002ec                QEI_0_Handler
                0x00000000000002ec                _16_32_Bit_Timer_1A_Handler
                0x00000000000002ec                _32_64_Bit_Timer_3A_Handler
                0x00000000000002ec                I2C_3_Handler
                0x00000000000002ec                SSI_1_Handler
                0x00000000000002ec                PWM_1_Generator_2_Handler
                0x00000000000002ec                ADC_1_Sequence_2_Handler
                0x00000000000002ec                PWM_0_Fault_Handler
                0x00000000000002ec                UART_4_Handler
                0x00000000000002ec                QEI_1_Handler
                0x00000000000002ec                uDMA_Error_Handler
                0x00000000000002ec                uDMA_Software_Handler
                0x00000000000002ec                _16_32_Bit_Timer_1B_Handler
                0x00000000000002ec                Watchdog_0_and_1_Handler
                0x00000000000002ec                BusFault_Handler
                0x00000000000002ec                PWM_0_Generator_1_Handler
                0x00000000000002ec                _16_32_Bit_Timer_4A_Handler
                0x00000000000002ec                UART_2_Handler
                0x00000000000002ec                _32_64_Bit_Timer_1B_Handler
                0x00000000000002ec                CAN_1_Handler
                0x00000000000002ec                _16_32_Bit_Timer_4B_Handler
 .text          0x00000000000002f0      0x2e0 main.o
                0x00000000000002f0                __cxa_pure_virtual
                0x00000000000002f6                __gnu_cxx::__verbose_terminate_handler()
                0x00000000000002fc                GPIO_Port_F_Handler
                0x00000000000003a4                ADC_0_Sequence_3_Handler
                0x00000000000003d0                SystemInit
                0x000000000000047c                main
 .text          0x00000000000005d0      0x1d4 register/register.o
                0x00000000000005d0                Register::Register()
                0x00000000000005d0                Register::Register()
                0x00000000000005e6                Register::~Register()
                0x00000000000005e6                Register::~Register()
                0x00000000000005fc                Register::getRegisterBitFieldStatus(unsigned long volatile*, unsigned long, unsigned long, bitFieldPermission)
                0x0000000000000650                Register::setRegisterBitFieldStatus(unsigned long volatile*, unsigned long, unsigned long, unsigned long, bitFieldPermission)
                0x00000000000006e4                operator new(unsigned int)
                0x00000000000006fc                operator delete(void*)
                0x0000000000000712                operator new[](unsigned int)
                0x000000000000072a                operator delete[](void*)
                0x0000000000000740                operator new(unsigned int, std::nothrow_t)
                0x000000000000075a                operator delete(void*, std::nothrow_t)
                0x0000000000000772                operator new[](unsigned int, std::nothrow_t)
                0x000000000000078c                operator delete[](void*, std::nothrow_t)
 .text          0x00000000000007a4       0xf8 corePeripherals/nvic/nvic.o
                0x00000000000007a4                Nvic::Nvic()
                0x00000000000007a4                Nvic::Nvic()
                0x00000000000007ba                Nvic::~Nvic()
                0x00000000000007ba                Nvic::~Nvic()
                0x00000000000007d0                Nvic::activateInterrupt(interrupt, unsigned long)
                0x000000000000084c                Nvic::disableInterrupts()
                0x000000000000086a                Nvic::enableInterrupts()
                0x0000000000000888                Nvic::wfi()
 .text          0x000000000000089c      0x86c adc/adc.o
                0x000000000000089c                Adc::Adc()
                0x000000000000089c                Adc::Adc()
                0x00000000000008be                Adc::~Adc()
                0x00000000000008be                Adc::~Adc()
                0x00000000000008d4                Adc::initializeModule(unsigned long, unsigned long, unsigned long, unsigned long)
                0x00000000000009b8                Adc::initializeForPolling(unsigned long, unsigned long, unsigned long, unsigned long, void (*)())
                0x00000000000009f2                Adc::initializeForPolling(unsigned long, unsigned long, unsigned long, unsigned long, void (*)(), unsigned long, unsigned long)
                0x0000000000000a28                Adc::initializeForInterrupt(unsigned long, unsigned long, unsigned long, unsigned long, unsigned long)
                0x0000000000000b0a                Adc::initializeForInterrupt(unsigned long, unsigned long, unsigned long, unsigned long, unsigned long, unsigned long, unsigned long)
                0x0000000000000b40                Adc::enableSampleSequencer()
                0x0000000000000b66                Adc::initializeDc(unsigned long, unsigned long, unsigned long, unsigned long)
                0x0000000000000c24                Adc::pollStatus()
                0x0000000000000c5e                Adc::pollDigitalComparator()
                0x0000000000000c96                Adc::initiateSampling()
                0x0000000000000cbe                Adc::getAdcSample()
                0x0000000000000cea                Adc::clearInterrupt()
                0x0000000000000d12                Adc::getDcInterruptStatus(unsigned long, unsigned long)
                0x0000000000000d3e                Adc::clearDcInterrupt(unsigned long, unsigned long)
                0x0000000000000d6c                Adc::getAdcResolution()
                0x0000000000000d88                Adc::initialization()
 .text          0x0000000000001108      0x174 systemControl/systemControl.o
                0x0000000000001108                SystemControl::SystemControl()
                0x0000000000001108                SystemControl::SystemControl()
                0x000000000000111e                SystemControl::~SystemControl()
                0x000000000000111e                SystemControl::~SystemControl()
                0x0000000000001134                SystemControl::initializeGPIOHB()
                0x00000000000011a4                SystemControl::initializeClock(SYSDIV2)
 .text          0x000000000000127c      0x3bc gpio/gpio.o
                0x000000000000127c                Gpio::Gpio()
                0x000000000000127c                Gpio::Gpio()
                0x000000000000129a                Gpio::~Gpio()
                0x000000000000129a                Gpio::~Gpio()
                0x00000000000012b0                Gpio::initialize(unsigned long, direction)
                0x00000000000014e4                Gpio::initialize(unsigned long, direction, unsigned long)
                0x00000000000015ae                Gpio::interruptClear()
                0x00000000000015d8                Gpio::write(unsigned long)
                0x0000000000001610                Gpio::read()
 .text          0x0000000000001638      0x33c pwm/pwm.o
                0x0000000000001638                Pwm::Pwm()
                0x0000000000001638                Pwm::Pwm()
                0x000000000000164e                Pwm::~Pwm()
                0x000000000000164e                Pwm::~Pwm()
                0x0000000000001664                Pwm::initializeSingle(unsigned long, pwmModule, unsigned long, unsigned long, unsigned long, countDirectionPwm, unsigned long, bool, unsigned long)
                0x0000000000001732                Pwm::initializePair(unsigned long, pwmModule, unsigned long, unsigned long, unsigned long, countDirectionPwm, unsigned long, unsigned long, bool, unsigned long)
                0x000000000000181c                Pwm::initialize(pwmModule, unsigned long, countDirectionPwm, bool, unsigned long)
 .text.__aeabi_atexit
                0x0000000000001974        0xa /home/mhardenburgh/gcc-arm-none-eabi-8-2019-q3-update/bin/../lib/gcc/arm-none-eabi/8.3.1/../../../../arm-none-eabi/lib/thumb/v7e-m+fp/hard/libstdc++_nano.a(atexit_arm.o)
                0x0000000000001974                __aeabi_atexit
 *fill*         0x000000000000197e        0x2 
 .text          0x0000000000001980      0x9e0 /home/mhardenburgh/gcc-arm-none-eabi-8-2019-q3-update/bin/../lib/gcc/arm-none-eabi/8.3.1/thumb/v7e-m+fp/hard/libgcc.a(unwind-arm.o)
                0x0000000000001c38                _Unwind_GetCFA
                0x0000000000001c3c                __gnu_Unwind_RaiseException
                0x0000000000001c9c                __gnu_Unwind_ForcedUnwind
                0x0000000000001cb0                __gnu_Unwind_Resume
                0x0000000000001cf4                __gnu_Unwind_Resume_or_Rethrow
                0x0000000000001d04                _Unwind_Complete
                0x0000000000001d08                _Unwind_DeleteException
                0x0000000000001d14                _Unwind_VRS_Get
                0x0000000000001d58                _Unwind_VRS_Set
                0x0000000000001d9c                __gnu_Unwind_Backtrace
                0x00000000000020d4                __aeabi_unwind_cpp_pr0
                0x00000000000020d8                __aeabi_unwind_cpp_pr1
                0x00000000000020dc                __aeabi_unwind_cpp_pr2
                0x00000000000020e0                _Unwind_VRS_Pop
 .text          0x0000000000002360      0x1ac /home/mhardenburgh/gcc-arm-none-eabi-8-2019-q3-update/bin/../lib/gcc/arm-none-eabi/8.3.1/thumb/v7e-m+fp/hard/libgcc.a(libunwind.o)
                0x0000000000002360                __restore_core_regs
                0x0000000000002360                restore_core_regs
                0x0000000000002378                __gnu_Unwind_Restore_VFP
                0x0000000000002380                __gnu_Unwind_Save_VFP
                0x0000000000002388                __gnu_Unwind_Restore_VFP_D
                0x0000000000002390                __gnu_Unwind_Save_VFP_D
                0x0000000000002398                __gnu_Unwind_Restore_VFP_D_16_to_31
                0x00000000000023a0                __gnu_Unwind_Save_VFP_D_16_to_31
                0x00000000000023a8                __gnu_Unwind_Restore_WMMXD
                0x00000000000023ec                __gnu_Unwind_Save_WMMXD
                0x0000000000002430                __gnu_Unwind_Restore_WMMXC
                0x0000000000002444                __gnu_Unwind_Save_WMMXC
                0x0000000000002458                ___Unwind_RaiseException
                0x0000000000002458                _Unwind_RaiseException
                0x000000000000247c                ___Unwind_Resume
                0x000000000000247c                _Unwind_Resume
                0x00000000000024a0                _Unwind_Resume_or_Rethrow
                0x00000000000024a0                ___Unwind_Resume_or_Rethrow
                0x00000000000024c4                ___Unwind_ForcedUnwind
                0x00000000000024c4                _Unwind_ForcedUnwind
                0x00000000000024e8                _Unwind_Backtrace
                0x00000000000024e8                ___Unwind_Backtrace
 .text          0x000000000000250c      0x368 /home/mhardenburgh/gcc-arm-none-eabi-8-2019-q3-update/bin/../lib/gcc/arm-none-eabi/8.3.1/thumb/v7e-m+fp/hard/libgcc.a(pr-support.o)
                0x0000000000002564                __gnu_unwind_execute
                0x000000000000282c                __gnu_unwind_frame
                0x0000000000002854                _Unwind_GetRegionStart
                0x0000000000002860                _Unwind_GetLanguageSpecificData
 .text.abort    0x0000000000002874        0xe /home/mhardenburgh/gcc-arm-none-eabi-8-2019-q3-update/bin/../lib/gcc/arm-none-eabi/8.3.1/../../../../arm-none-eabi/lib/thumb/v7e-m+fp/hard/libg_nano.a(lib_a-abort.o)
                0x0000000000002874                abort
 *fill*         0x0000000000002882        0x2 
 .text.__cxa_atexit
                0x0000000000002884       0x1c /home/mhardenburgh/gcc-arm-none-eabi-8-2019-q3-update/bin/../lib/gcc/arm-none-eabi/8.3.1/../../../../arm-none-eabi/lib/thumb/v7e-m+fp/hard/libg_nano.a(lib_a-cxa_atexit.o)
                0x0000000000002884                __cxa_atexit
 .text.malloc   0x00000000000028a0       0x10 /home/mhardenburgh/gcc-arm-none-eabi-8-2019-q3-update/bin/../lib/gcc/arm-none-eabi/8.3.1/../../../../arm-none-eabi/lib/thumb/v7e-m+fp/hard/libg_nano.a(lib_a-malloc.o)
                0x00000000000028a0                malloc
 .text.free     0x00000000000028b0       0x10 /home/mhardenburgh/gcc-arm-none-eabi-8-2019-q3-update/bin/../lib/gcc/arm-none-eabi/8.3.1/../../../../arm-none-eabi/lib/thumb/v7e-m+fp/hard/libg_nano.a(lib_a-malloc.o)
                0x00000000000028b0                free
 .text.memcpy   0x00000000000028c0       0x1c /home/mhardenburgh/gcc-arm-none-eabi-8-2019-q3-update/bin/../lib/gcc/arm-none-eabi/8.3.1/../../../../arm-none-eabi/lib/thumb/v7e-m+fp/hard/libg_nano.a(lib_a-memcpy-stub.o)
                0x00000000000028c0                memcpy
 .text.memset   0x00000000000028dc       0x10 /home/mhardenburgh/gcc-arm-none-eabi-8-2019-q3-update/bin/../lib/gcc/arm-none-eabi/8.3.1/../../../../arm-none-eabi/lib/thumb/v7e-m+fp/hard/libg_nano.a(lib_a-memset.o)
                0x00000000000028dc                memset
 .text._free_r  0x00000000000028ec       0x9c /home/mhardenburgh/gcc-arm-none-eabi-8-2019-q3-update/bin/../lib/gcc/arm-none-eabi/8.3.1/../../../../arm-none-eabi/lib/thumb/v7e-m+fp/hard/libg_nano.a(lib_a-nano-freer.o)
                0x00000000000028ec                _free_r
 .text._malloc_r
                0x0000000000002988       0xb4 /home/mhardenburgh/gcc-arm-none-eabi-8-2019-q3-update/bin/../lib/gcc/arm-none-eabi/8.3.1/../../../../arm-none-eabi/lib/thumb/v7e-m+fp/hard/libg_nano.a(lib_a-nano-mallocr.o)
                0x0000000000002988                _malloc_r
 .text._sbrk_r  0x0000000000002a3c       0x20 /home/mhardenburgh/gcc-arm-none-eabi-8-2019-q3-update/bin/../lib/gcc/arm-none-eabi/8.3.1/../../../../arm-none-eabi/lib/thumb/v7e-m+fp/hard/libg_nano.a(lib_a-sbrkr.o)
                0x0000000000002a3c                _sbrk_r
 .text._raise_r
                0x0000000000002a5c       0x50 /home/mhardenburgh/gcc-arm-none-eabi-8-2019-q3-update/bin/../lib/gcc/arm-none-eabi/8.3.1/../../../../arm-none-eabi/lib/thumb/v7e-m+fp/hard/libg_nano.a(lib_a-signal.o)
                0x0000000000002a5c                _raise_r
 .text.raise    0x0000000000002aac       0x10 /home/mhardenburgh/gcc-arm-none-eabi-8-2019-q3-update/bin/../lib/gcc/arm-none-eabi/8.3.1/../../../../arm-none-eabi/lib/thumb/v7e-m+fp/hard/libg_nano.a(lib_a-signal.o)
                0x0000000000002aac                raise
 .text._kill_r  0x0000000000002abc       0x24 /home/mhardenburgh/gcc-arm-none-eabi-8-2019-q3-update/bin/../lib/gcc/arm-none-eabi/8.3.1/../../../../arm-none-eabi/lib/thumb/v7e-m+fp/hard/libg_nano.a(lib_a-signalr.o)
                0x0000000000002abc                _kill_r
 .text._getpid_r
                0x0000000000002ae0        0x4 /home/mhardenburgh/gcc-arm-none-eabi-8-2019-q3-update/bin/../lib/gcc/arm-none-eabi/8.3.1/../../../../arm-none-eabi/lib/thumb/v7e-m+fp/hard/libg_nano.a(lib_a-signalr.o)
                0x0000000000002ae0                _getpid_r
 .text.__malloc_lock
                0x0000000000002ae4        0xc /home/mhardenburgh/gcc-arm-none-eabi-8-2019-q3-update/bin/../lib/gcc/arm-none-eabi/8.3.1/../../../../arm-none-eabi/lib/thumb/v7e-m+fp/hard/libg_nano.a(lib_a-mlock.o)
                0x0000000000002ae4                __malloc_lock
 .text.__malloc_unlock
                0x0000000000002af0        0xc /home/mhardenburgh/gcc-arm-none-eabi-8-2019-q3-update/bin/../lib/gcc/arm-none-eabi/8.3.1/../../../../arm-none-eabi/lib/thumb/v7e-m+fp/hard/libg_nano.a(lib_a-mlock.o)
                0x0000000000002af0                __malloc_unlock
 .text.__retarget_lock_init_recursive
                0x0000000000002afc        0x2 /home/mhardenburgh/gcc-arm-none-eabi-8-2019-q3-update/bin/../lib/gcc/arm-none-eabi/8.3.1/../../../../arm-none-eabi/lib/thumb/v7e-m+fp/hard/libg_nano.a(lib_a-lock.o)
                0x0000000000002afc                __retarget_lock_init_recursive
 .text.__retarget_lock_acquire_recursive
                0x0000000000002afe        0x2 /home/mhardenburgh/gcc-arm-none-eabi-8-2019-q3-update/bin/../lib/gcc/arm-none-eabi/8.3.1/../../../../arm-none-eabi/lib/thumb/v7e-m+fp/hard/libg_nano.a(lib_a-lock.o)
                0x0000000000002afe                __retarget_lock_acquire_recursive
 .text.__retarget_lock_release_recursive
                0x0000000000002b00        0x2 /home/mhardenburgh/gcc-arm-none-eabi-8-2019-q3-update/bin/../lib/gcc/arm-none-eabi/8.3.1/../../../../arm-none-eabi/lib/thumb/v7e-m+fp/hard/libg_nano.a(lib_a-lock.o)
                0x0000000000002b00                __retarget_lock_release_recursive
 *fill*         0x0000000000002b02        0x2 
 .text.findslot
                0x0000000000002b04       0x34 /home/mhardenburgh/gcc-arm-none-eabi-8-2019-q3-update/bin/../lib/gcc/arm-none-eabi/8.3.1/../../../../arm-none-eabi/lib/thumb/v7e-m+fp/hard/librdimon_nano.a(rdimon-syscalls.o)
 .text.checkerror
                0x0000000000002b38       0x20 /home/mhardenburgh/gcc-arm-none-eabi-8-2019-q3-update/bin/../lib/gcc/arm-none-eabi/8.3.1/../../../../arm-none-eabi/lib/thumb/v7e-m+fp/hard/librdimon_nano.a(rdimon-syscalls.o)
 .text.error    0x0000000000002b58       0x1c /home/mhardenburgh/gcc-arm-none-eabi-8-2019-q3-update/bin/../lib/gcc/arm-none-eabi/8.3.1/../../../../arm-none-eabi/lib/thumb/v7e-m+fp/hard/librdimon_nano.a(rdimon-syscalls.o)
 .text._swiread
                0x0000000000002b74       0x20 /home/mhardenburgh/gcc-arm-none-eabi-8-2019-q3-update/bin/../lib/gcc/arm-none-eabi/8.3.1/../../../../arm-none-eabi/lib/thumb/v7e-m+fp/hard/librdimon_nano.a(rdimon-syscalls.o)
                0x0000000000002b74                _swiread
 .text._read    0x0000000000002b94       0x34 /home/mhardenburgh/gcc-arm-none-eabi-8-2019-q3-update/bin/../lib/gcc/arm-none-eabi/8.3.1/../../../../arm-none-eabi/lib/thumb/v7e-m+fp/hard/librdimon_nano.a(rdimon-syscalls.o)
                0x0000000000002b94                _read
 .text._swilseek
                0x0000000000002bc8       0x78 /home/mhardenburgh/gcc-arm-none-eabi-8-2019-q3-update/bin/../lib/gcc/arm-none-eabi/8.3.1/../../../../arm-none-eabi/lib/thumb/v7e-m+fp/hard/librdimon_nano.a(rdimon-syscalls.o)
                0x0000000000002bc8                _swilseek
 .text._lseek   0x0000000000002c40        0x4 /home/mhardenburgh/gcc-arm-none-eabi-8-2019-q3-update/bin/../lib/gcc/arm-none-eabi/8.3.1/../../../../arm-none-eabi/lib/thumb/v7e-m+fp/hard/librdimon_nano.a(rdimon-syscalls.o)
                0x0000000000002c40                _lseek
 .text._swiwrite
                0x0000000000002c44       0x20 /home/mhardenburgh/gcc-arm-none-eabi-8-2019-q3-update/bin/../lib/gcc/arm-none-eabi/8.3.1/../../../../arm-none-eabi/lib/thumb/v7e-m+fp/hard/librdimon_nano.a(rdimon-syscalls.o)
                0x0000000000002c44                _swiwrite
 .text._write   0x0000000000002c64       0x40 /home/mhardenburgh/gcc-arm-none-eabi-8-2019-q3-update/bin/../lib/gcc/arm-none-eabi/8.3.1/../../../../arm-none-eabi/lib/thumb/v7e-m+fp/hard/librdimon_nano.a(rdimon-syscalls.o)
                0x0000000000002c64                _write
 .text._swiclose
                0x0000000000002ca4       0x1a /home/mhardenburgh/gcc-arm-none-eabi-8-2019-q3-update/bin/../lib/gcc/arm-none-eabi/8.3.1/../../../../arm-none-eabi/lib/thumb/v7e-m+fp/hard/librdimon_nano.a(rdimon-syscalls.o)
                0x0000000000002ca4                _swiclose
 *fill*         0x0000000000002cbe        0x2 
 .text._close   0x0000000000002cc0       0x4c /home/mhardenburgh/gcc-arm-none-eabi-8-2019-q3-update/bin/../lib/gcc/arm-none-eabi/8.3.1/../../../../arm-none-eabi/lib/thumb/v7e-m+fp/hard/librdimon_nano.a(rdimon-syscalls.o)
                0x0000000000002cc0                _close
 .text._getpid  0x0000000000002d0c        0x4 /home/mhardenburgh/gcc-arm-none-eabi-8-2019-q3-update/bin/../lib/gcc/arm-none-eabi/8.3.1/../../../../arm-none-eabi/lib/thumb/v7e-m+fp/hard/librdimon_nano.a(rdimon-syscalls.o)
                0x0000000000002d0c                _getpid
 .text._sbrk    0x0000000000002d10       0x48 /home/mhardenburgh/gcc-arm-none-eabi-8-2019-q3-update/bin/../lib/gcc/arm-none-eabi/8.3.1/../../../../arm-none-eabi/lib/thumb/v7e-m+fp/hard/librdimon_nano.a(rdimon-syscalls.o)
                0x0000000000002d10                _sbrk
 .text._swistat
                0x0000000000002d58       0x42 /home/mhardenburgh/gcc-arm-none-eabi-8-2019-q3-update/bin/../lib/gcc/arm-none-eabi/8.3.1/../../../../arm-none-eabi/lib/thumb/v7e-m+fp/hard/librdimon_nano.a(rdimon-syscalls.o)
                0x0000000000002d58                _swistat
 .text._stat    0x0000000000002d9a       0x3a /home/mhardenburgh/gcc-arm-none-eabi-8-2019-q3-update/bin/../lib/gcc/arm-none-eabi/8.3.1/../../../../arm-none-eabi/lib/thumb/v7e-m+fp/hard/librdimon_nano.a(rdimon-syscalls.o)
                0x0000000000002d9a                _stat
 .text._swiopen
                0x0000000000002dd4       0xb4 /home/mhardenburgh/gcc-arm-none-eabi-8-2019-q3-update/bin/../lib/gcc/arm-none-eabi/8.3.1/../../../../arm-none-eabi/lib/thumb/v7e-m+fp/hard/librdimon_nano.a(rdimon-syscalls.o)
                0x0000000000002dd4                _swiopen
 .text._get_semihosting_exts
                0x0000000000002e88       0xb4 /home/mhardenburgh/gcc-arm-none-eabi-8-2019-q3-update/bin/../lib/gcc/arm-none-eabi/8.3.1/../../../../arm-none-eabi/lib/thumb/v7e-m+fp/hard/librdimon_nano.a(rdimon-syscalls.o)
                0x0000000000002e88                _get_semihosting_exts
 .text.initialise_semihosting_exts
                0x0000000000002f3c       0x34 /home/mhardenburgh/gcc-arm-none-eabi-8-2019-q3-update/bin/../lib/gcc/arm-none-eabi/8.3.1/../../../../arm-none-eabi/lib/thumb/v7e-m+fp/hard/librdimon_nano.a(rdimon-syscalls.o)
 .text._has_ext_exit_extended
                0x0000000000002f70       0x18 /home/mhardenburgh/gcc-arm-none-eabi-8-2019-q3-update/bin/../lib/gcc/arm-none-eabi/8.3.1/../../../../arm-none-eabi/lib/thumb/v7e-m+fp/hard/librdimon_nano.a(rdimon-syscalls.o)
                0x0000000000002f70                _has_ext_exit_extended
 .text._exit    0x0000000000002f88       0x14 /home/mhardenburgh/gcc-arm-none-eabi-8-2019-q3-update/bin/../lib/gcc/arm-none-eabi/8.3.1/../../../../arm-none-eabi/lib/thumb/v7e-m+fp/hard/librdimon_nano.a(rdimon-_exit.o)
                0x0000000000002f88                _exit
 .text._kill_shared
                0x0000000000002f9c       0x26 /home/mhardenburgh/gcc-arm-none-eabi-8-2019-q3-update/bin/../lib/gcc/arm-none-eabi/8.3.1/../../../../arm-none-eabi/lib/thumb/v7e-m+fp/hard/librdimon_nano.a(rdimon-_kill.o)
                0x0000000000002f9c                _kill_shared
 *fill*         0x0000000000002fc2        0x2 
 .text._kill    0x0000000000002fc4       0x18 /home/mhardenburgh/gcc-arm-none-eabi-8-2019-q3-update/bin/../lib/gcc/arm-none-eabi/8.3.1/../../../../arm-none-eabi/lib/thumb/v7e-m+fp/hard/librdimon_nano.a(rdimon-_kill.o)
                0x0000000000002fc4                _kill
 .text.__errno  0x0000000000002fdc        0xc /home/mhardenburgh/gcc-arm-none-eabi-8-2019-q3-update/bin/../lib/gcc/arm-none-eabi/8.3.1/../../../../arm-none-eabi/lib/thumb/v7e-m+fp/hard/libc_nano.a(lib_a-errno.o)
                0x0000000000002fdc                __errno
 .text.std      0x0000000000002fe8       0x48 /home/mhardenburgh/gcc-arm-none-eabi-8-2019-q3-update/bin/../lib/gcc/arm-none-eabi/8.3.1/../../../../arm-none-eabi/lib/thumb/v7e-m+fp/hard/libc_nano.a(lib_a-findfp.o)
 .text._cleanup_r
                0x0000000000003030        0xc /home/mhardenburgh/gcc-arm-none-eabi-8-2019-q3-update/bin/../lib/gcc/arm-none-eabi/8.3.1/../../../../arm-none-eabi/lib/thumb/v7e-m+fp/hard/libc_nano.a(lib_a-findfp.o)
                0x0000000000003030                _cleanup_r
 .text.__sfmoreglue
                0x000000000000303c       0x2c /home/mhardenburgh/gcc-arm-none-eabi-8-2019-q3-update/bin/../lib/gcc/arm-none-eabi/8.3.1/../../../../arm-none-eabi/lib/thumb/v7e-m+fp/hard/libc_nano.a(lib_a-findfp.o)
                0x000000000000303c                __sfmoreglue
 .text.__sfp_lock_acquire
                0x0000000000003068        0xc /home/mhardenburgh/gcc-arm-none-eabi-8-2019-q3-update/bin/../lib/gcc/arm-none-eabi/8.3.1/../../../../arm-none-eabi/lib/thumb/v7e-m+fp/hard/libc_nano.a(lib_a-findfp.o)
                0x0000000000003068                __sfp_lock_acquire
 .text.__sfp_lock_release
                0x0000000000003074        0xc /home/mhardenburgh/gcc-arm-none-eabi-8-2019-q3-update/bin/../lib/gcc/arm-none-eabi/8.3.1/../../../../arm-none-eabi/lib/thumb/v7e-m+fp/hard/libc_nano.a(lib_a-findfp.o)
                0x0000000000003074                __sfp_lock_release
 .text.__sinit_lock_acquire
                0x0000000000003080        0xc /home/mhardenburgh/gcc-arm-none-eabi-8-2019-q3-update/bin/../lib/gcc/arm-none-eabi/8.3.1/../../../../arm-none-eabi/lib/thumb/v7e-m+fp/hard/libc_nano.a(lib_a-findfp.o)
                0x0000000000003080                __sinit_lock_acquire
 .text.__sinit_lock_release
                0x000000000000308c        0xc /home/mhardenburgh/gcc-arm-none-eabi-8-2019-q3-update/bin/../lib/gcc/arm-none-eabi/8.3.1/../../../../arm-none-eabi/lib/thumb/v7e-m+fp/hard/libc_nano.a(lib_a-findfp.o)
                0x000000000000308c                __sinit_lock_release
 .text.__sinit  0x0000000000003098       0x70 /home/mhardenburgh/gcc-arm-none-eabi-8-2019-q3-update/bin/../lib/gcc/arm-none-eabi/8.3.1/../../../../arm-none-eabi/lib/thumb/v7e-m+fp/hard/libc_nano.a(lib_a-findfp.o)
                0x0000000000003098                __sinit
 .text.__sfp    0x0000000000003108       0x8c /home/mhardenburgh/gcc-arm-none-eabi-8-2019-q3-update/bin/../lib/gcc/arm-none-eabi/8.3.1/../../../../arm-none-eabi/lib/thumb/v7e-m+fp/hard/libc_nano.a(lib_a-findfp.o)
                0x0000000000003108                __sfp
 .text._fwalk_reent
                0x0000000000003194       0x3c /home/mhardenburgh/gcc-arm-none-eabi-8-2019-q3-update/bin/../lib/gcc/arm-none-eabi/8.3.1/../../../../arm-none-eabi/lib/thumb/v7e-m+fp/hard/libc_nano.a(lib_a-fwalk.o)
                0x0000000000003194                _fwalk_reent
 .text.__sread  0x00000000000031d0       0x22 /home/mhardenburgh/gcc-arm-none-eabi-8-2019-q3-update/bin/../lib/gcc/arm-none-eabi/8.3.1/../../../../arm-none-eabi/lib/thumb/v7e-m+fp/hard/libc_nano.a(lib_a-stdio.o)
                0x00000000000031d0                __sread
 .text.__swrite
                0x00000000000031f2       0x38 /home/mhardenburgh/gcc-arm-none-eabi-8-2019-q3-update/bin/../lib/gcc/arm-none-eabi/8.3.1/../../../../arm-none-eabi/lib/thumb/v7e-m+fp/hard/libc_nano.a(lib_a-stdio.o)
                0x00000000000031f2                __swrite
 .text.__sseek  0x000000000000322a       0x24 /home/mhardenburgh/gcc-arm-none-eabi-8-2019-q3-update/bin/../lib/gcc/arm-none-eabi/8.3.1/../../../../arm-none-eabi/lib/thumb/v7e-m+fp/hard/libc_nano.a(lib_a-stdio.o)
                0x000000000000322a                __sseek
 .text.__sclose
                0x000000000000324e        0x8 /home/mhardenburgh/gcc-arm-none-eabi-8-2019-q3-update/bin/../lib/gcc/arm-none-eabi/8.3.1/../../../../arm-none-eabi/lib/thumb/v7e-m+fp/hard/libc_nano.a(lib_a-stdio.o)
                0x000000000000324e                __sclose
 .text          0x0000000000003256       0x10 /home/mhardenburgh/gcc-arm-none-eabi-8-2019-q3-update/bin/../lib/gcc/arm-none-eabi/8.3.1/../../../../arm-none-eabi/lib/thumb/v7e-m+fp/hard/libc_nano.a(lib_a-strlen.o)
                0x0000000000003256                strlen
 *fill*         0x0000000000003266        0x2 
 .text._write_r
                0x0000000000003268       0x24 /home/mhardenburgh/gcc-arm-none-eabi-8-2019-q3-update/bin/../lib/gcc/arm-none-eabi/8.3.1/../../../../arm-none-eabi/lib/thumb/v7e-m+fp/hard/libc_nano.a(lib_a-writer.o)
                0x0000000000003268                _write_r
 .text._close_r
                0x000000000000328c       0x20 /home/mhardenburgh/gcc-arm-none-eabi-8-2019-q3-update/bin/../lib/gcc/arm-none-eabi/8.3.1/../../../../arm-none-eabi/lib/thumb/v7e-m+fp/hard/libc_nano.a(lib_a-closer.o)
                0x000000000000328c                _close_r
 .text.__sflush_r
                0x00000000000032ac      0x10c /home/mhardenburgh/gcc-arm-none-eabi-8-2019-q3-update/bin/../lib/gcc/arm-none-eabi/8.3.1/../../../../arm-none-eabi/lib/thumb/v7e-m+fp/hard/libc_nano.a(lib_a-fflush.o)
                0x00000000000032ac                __sflush_r
 .text._fflush_r
                0x00000000000033b8       0x78 /home/mhardenburgh/gcc-arm-none-eabi-8-2019-q3-update/bin/../lib/gcc/arm-none-eabi/8.3.1/../../../../arm-none-eabi/lib/thumb/v7e-m+fp/hard/libc_nano.a(lib_a-fflush.o)
                0x00000000000033b8                _fflush_r
 .text._lseek_r
                0x0000000000003430       0x24 /home/mhardenburgh/gcc-arm-none-eabi-8-2019-q3-update/bin/../lib/gcc/arm-none-eabi/8.3.1/../../../../arm-none-eabi/lib/thumb/v7e-m+fp/hard/libc_nano.a(lib_a-lseekr.o)
                0x0000000000003430                _lseek_r
 .text._read_r  0x0000000000003454       0x24 /home/mhardenburgh/gcc-arm-none-eabi-8-2019-q3-update/bin/../lib/gcc/arm-none-eabi/8.3.1/../../../../arm-none-eabi/lib/thumb/v7e-m+fp/hard/libc_nano.a(lib_a-readr.o)
                0x0000000000003454                _read_r
 *(.init)
 .init          0x0000000000003478        0x4 /home/mhardenburgh/gcc-arm-none-eabi-8-2019-q3-update/bin/../lib/gcc/arm-none-eabi/8.3.1/thumb/v7e-m+fp/hard/crti.o
                0x0000000000003478                _init
 .init          0x000000000000347c        0x8 /home/mhardenburgh/gcc-arm-none-eabi-8-2019-q3-update/bin/../lib/gcc/arm-none-eabi/8.3.1/thumb/v7e-m+fp/hard/crtn.o
 *(.fini)
 .fini          0x0000000000003484        0x4 /home/mhardenburgh/gcc-arm-none-eabi-8-2019-q3-update/bin/../lib/gcc/arm-none-eabi/8.3.1/thumb/v7e-m+fp/hard/crti.o
                0x0000000000003484                _fini
 .fini          0x0000000000003488        0x8 /home/mhardenburgh/gcc-arm-none-eabi-8-2019-q3-update/bin/../lib/gcc/arm-none-eabi/8.3.1/thumb/v7e-m+fp/hard/crtn.o
 *crtbegin.o(.ctors)
 *crtbegin?.o(.ctors)
 *(EXCLUDE_FILE(*crtend.o *crtend?.o) .ctors)
 *(SORT_BY_NAME(.ctors.*))
 *(.ctors)
 *crtbegin.o(.dtors)
 *crtbegin?.o(.dtors)
 *(EXCLUDE_FILE(*crtend.o *crtend?.o) .dtors)
 *(SORT_BY_NAME(.dtors.*))
 *(.dtors)
 *(.rodata*)
 .rodata        0x0000000000003490       0xf4 corePeripherals/nvic/nvic.o
                0x0000000000003494                Nvic::ENn_OFFSET
                0x00000000000034a8                Nvic::DISn_OFFSET
                0x00000000000034bc                Nvic::PENDn_OFFSET
                0x00000000000034d0                Nvic::UNPENDn_OFFSET
                0x00000000000034e4                Nvic::ACTIVEn_OFFSET
                0x00000000000034f8                Nvic::PRIn_OFFSET
 .rodata._global_impure_ptr
                0x0000000000003584        0x4 /home/mhardenburgh/gcc-arm-none-eabi-8-2019-q3-update/bin/../lib/gcc/arm-none-eabi/8.3.1/../../../../arm-none-eabi/lib/thumb/v7e-m+fp/hard/libg_nano.a(lib_a-impure.o)
                0x0000000000003584                _global_impure_ptr
 .rodata._get_semihosting_exts.str1.1
                0x0000000000003588       0x16 /home/mhardenburgh/gcc-arm-none-eabi-8-2019-q3-update/bin/../lib/gcc/arm-none-eabi/8.3.1/../../../../arm-none-eabi/lib/thumb/v7e-m+fp/hard/librdimon_nano.a(rdimon-syscalls.o)
 *fill*         0x000000000000359e        0x2 
 .rodata.__sf_fake_stderr
                0x00000000000035a0       0x20 /home/mhardenburgh/gcc-arm-none-eabi-8-2019-q3-update/bin/../lib/gcc/arm-none-eabi/8.3.1/../../../../arm-none-eabi/lib/thumb/v7e-m+fp/hard/libc_nano.a(lib_a-findfp.o)
                0x00000000000035a0                __sf_fake_stderr
 .rodata.__sf_fake_stdin
                0x00000000000035c0       0x20 /home/mhardenburgh/gcc-arm-none-eabi-8-2019-q3-update/bin/../lib/gcc/arm-none-eabi/8.3.1/../../../../arm-none-eabi/lib/thumb/v7e-m+fp/hard/libc_nano.a(lib_a-findfp.o)
                0x00000000000035c0                __sf_fake_stdin
 .rodata.__sf_fake_stdout
                0x00000000000035e0       0x20 /home/mhardenburgh/gcc-arm-none-eabi-8-2019-q3-update/bin/../lib/gcc/arm-none-eabi/8.3.1/../../../../arm-none-eabi/lib/thumb/v7e-m+fp/hard/libc_nano.a(lib_a-findfp.o)
                0x00000000000035e0                __sf_fake_stdout
 *(.eh_frame*)
 .eh_frame      0x0000000000003600        0x0 /home/mhardenburgh/gcc-arm-none-eabi-8-2019-q3-update/bin/../lib/gcc/arm-none-eabi/8.3.1/thumb/v7e-m+fp/hard/crtbegin.o
 .eh_frame      0x0000000000003600        0x4 /home/mhardenburgh/gcc-arm-none-eabi-8-2019-q3-update/bin/../lib/gcc/arm-none-eabi/8.3.1/thumb/v7e-m+fp/hard/crtend.o

.glue_7         0x0000000000003604        0x0
 .glue_7        0x0000000000003604        0x0 linker stubs

.glue_7t        0x0000000000003604        0x0
 .glue_7t       0x0000000000003604        0x0 linker stubs

.vfp11_veneer   0x0000000000003604        0x0
 .vfp11_veneer  0x0000000000003604        0x0 linker stubs

.v4_bx          0x0000000000003604        0x0
 .v4_bx         0x0000000000003604        0x0 linker stubs

.iplt           0x0000000000003604        0x0
 .iplt          0x0000000000003604        0x0 /home/mhardenburgh/gcc-arm-none-eabi-8-2019-q3-update/bin/../lib/gcc/arm-none-eabi/8.3.1/thumb/v7e-m+fp/hard/crtbegin.o

.ARM.extab      0x0000000000003604      0x144
 *(.ARM.extab* .gnu.linkonce.armextab.*)
 .ARM.extab     0x0000000000003604        0xc corePeripherals/nvic/nvic.o
 .ARM.extab     0x0000000000003610       0xb4 adc/adc.o
 .ARM.extab     0x00000000000036c4        0xc systemControl/systemControl.o
 .ARM.extab     0x00000000000036d0       0x3c gpio/gpio.o
 .ARM.extab     0x000000000000370c       0x24 pwm/pwm.o
 .ARM.extab     0x0000000000003730       0x18 /home/mhardenburgh/gcc-arm-none-eabi-8-2019-q3-update/bin/../lib/gcc/arm-none-eabi/8.3.1/thumb/v7e-m+fp/hard/libgcc.a(pr-support.o)
                0x0000000000003748                __exidx_start = .

.ARM.exidx      0x0000000000003748      0x1c8
 *(.ARM.exidx* .gnu.linkonce.armexidx.*)
 .ARM.exidx     0x0000000000003748       0x18 main.o
                                         0x40 (size before relaxing)
 .ARM.exidx     0x0000000000003760        0x0 register/register.o
                                         0x60 (size before relaxing)
 .ARM.exidx     0x0000000000003760       0x10 corePeripherals/nvic/nvic.o
                                         0x30 (size before relaxing)
 .ARM.exidx     0x0000000000003770       0x80 adc/adc.o
                                         0x90 (size before relaxing)
 .ARM.exidx     0x00000000000037f0       0x18 systemControl/systemControl.o
                                         0x20 (size before relaxing)
 .ARM.exidx     0x0000000000003808       0x30 gpio/gpio.o
                                         0x38 (size before relaxing)
 .ARM.exidx     0x0000000000003838       0x28 pwm/pwm.o
 .ARM.exidx     0x0000000000003860       0x78 /home/mhardenburgh/gcc-arm-none-eabi-8-2019-q3-update/bin/../lib/gcc/arm-none-eabi/8.3.1/thumb/v7e-m+fp/hard/libgcc.a(unwind-arm.o)
                                         0xd8 (size before relaxing)
 .ARM.exidx     0x00000000000038d8       0x38 /home/mhardenburgh/gcc-arm-none-eabi-8-2019-q3-update/bin/../lib/gcc/arm-none-eabi/8.3.1/thumb/v7e-m+fp/hard/libgcc.a(pr-support.o)
                0x0000000000003910                __exidx_end = .
                0x0000000000003910                __etext = ALIGN (0x4)

.rel.dyn        0x0000000000003910        0x0
 .rel.iplt      0x0000000000003910        0x0 /home/mhardenburgh/gcc-arm-none-eabi-8-2019-q3-update/bin/../lib/gcc/arm-none-eabi/8.3.1/thumb/v7e-m+fp/hard/crtbegin.o

.data           0x0000000020000000       0x8c load address 0x0000000000003910
                0x0000000020000000                __data_start__ = .
 *(vtable)
 *(.data*)
 .data          0x0000000020000000        0x4 /home/mhardenburgh/gcc-arm-none-eabi-8-2019-q3-update/bin/../lib/gcc/arm-none-eabi/8.3.1/thumb/v7e-m+fp/hard/crtbegin.o
                0x0000000020000000                __dso_handle
 .data          0x0000000020000004        0xc main.o
                0x0000000020000004                readme
                0x0000000020000008                voltageValue
                0x000000002000000c                sequencerPriority
 .data._impure_ptr
                0x0000000020000010        0x4 /home/mhardenburgh/gcc-arm-none-eabi-8-2019-q3-update/bin/../lib/gcc/arm-none-eabi/8.3.1/../../../../arm-none-eabi/lib/thumb/v7e-m+fp/hard/libg_nano.a(lib_a-impure.o)
                0x0000000020000010                _impure_ptr
 .data.impure_data
                0x0000000020000014       0x60 /home/mhardenburgh/gcc-arm-none-eabi-8-2019-q3-update/bin/../lib/gcc/arm-none-eabi/8.3.1/../../../../arm-none-eabi/lib/thumb/v7e-m+fp/hard/libg_nano.a(lib_a-impure.o)
 .data.__heap_limit
                0x0000000020000074        0x4 /home/mhardenburgh/gcc-arm-none-eabi-8-2019-q3-update/bin/../lib/gcc/arm-none-eabi/8.3.1/../../../../arm-none-eabi/lib/thumb/v7e-m+fp/hard/librdimon_nano.a(rdimon-syscalls.o)
                0x0000000020000074                __heap_limit
 .data.supports_ext_exit_extended
                0x0000000020000078        0x4 /home/mhardenburgh/gcc-arm-none-eabi-8-2019-q3-update/bin/../lib/gcc/arm-none-eabi/8.3.1/../../../../arm-none-eabi/lib/thumb/v7e-m+fp/hard/librdimon_nano.a(rdimon-syscalls.o)
 .data.supports_ext_stdout_stderr
                0x000000002000007c        0x4 /home/mhardenburgh/gcc-arm-none-eabi-8-2019-q3-update/bin/../lib/gcc/arm-none-eabi/8.3.1/../../../../arm-none-eabi/lib/thumb/v7e-m+fp/hard/librdimon_nano.a(rdimon-syscalls.o)
                0x0000000020000080                . = ALIGN (0x4)
                0x0000000020000080                PROVIDE (__preinit_array_start = .)
 *(.preinit_array)
                0x0000000020000080                PROVIDE (__preinit_array_end = .)
                0x0000000020000080                . = ALIGN (0x4)
                0x0000000020000080                PROVIDE (__init_array_start = .)
 *(SORT_BY_NAME(.init_array.*))
 *(.init_array)
 .init_array    0x0000000020000080        0x4 /home/mhardenburgh/gcc-arm-none-eabi-8-2019-q3-update/bin/../lib/gcc/arm-none-eabi/8.3.1/thumb/v7e-m+fp/hard/crtbegin.o
 .init_array    0x0000000020000084        0x4 main.o
                0x0000000020000088                PROVIDE (__init_array_end = .)
                0x0000000020000088                . = ALIGN (0x4)
                [!provide]                        PROVIDE (__fini_array_start = .)
 *(SORT_BY_NAME(.fini_array.*))
 *(.fini_array)
 .fini_array    0x0000000020000088        0x4 /home/mhardenburgh/gcc-arm-none-eabi-8-2019-q3-update/bin/../lib/gcc/arm-none-eabi/8.3.1/thumb/v7e-m+fp/hard/crtbegin.o
                [!provide]                        PROVIDE (__fini_array_end = .)
 *(.jcr*)
                0x000000002000008c                . = ALIGN (0x4)
                0x000000002000008c                __data_end__ = .

.igot.plt       0x000000002000008c        0x0 load address 0x000000000000399c
 .igot.plt      0x000000002000008c        0x0 /home/mhardenburgh/gcc-arm-none-eabi-8-2019-q3-update/bin/../lib/gcc/arm-none-eabi/8.3.1/thumb/v7e-m+fp/hard/crtbegin.o

.bss            0x000000002000008c      0x19c load address 0x000000000000399c
                0x000000002000008c                . = ALIGN (0x4)
                0x000000002000008c                __bss_start__ = .
 *(.bss*)
 .bss           0x000000002000008c       0x1c /home/mhardenburgh/gcc-arm-none-eabi-8-2019-q3-update/bin/../lib/gcc/arm-none-eabi/8.3.1/thumb/v7e-m+fp/hard/crtbegin.o
 .bss           0x00000000200000a8       0xc4 main.o
                0x00000000200000a8                adcResolution
                0x00000000200000ac                greenLed
                0x00000000200000c4                blueLed
                0x00000000200000dc                redLed
                0x00000000200000f4                swtich1
                0x000000002000010c                swtich2
                0x0000000020000124                adcPin
                0x000000002000013c                greenPwm
                0x0000000020000144                testAdc
 .bss.__malloc_free_list
                0x000000002000016c        0x4 /home/mhardenburgh/gcc-arm-none-eabi-8-2019-q3-update/bin/../lib/gcc/arm-none-eabi/8.3.1/../../../../arm-none-eabi/lib/thumb/v7e-m+fp/hard/libg_nano.a(lib_a-nano-mallocr.o)
                0x000000002000016c                __malloc_free_list
 .bss.__malloc_sbrk_start
                0x0000000020000170        0x4 /home/mhardenburgh/gcc-arm-none-eabi-8-2019-q3-update/bin/../lib/gcc/arm-none-eabi/8.3.1/../../../../arm-none-eabi/lib/thumb/v7e-m+fp/hard/libg_nano.a(lib_a-nano-mallocr.o)
                0x0000000020000170                __malloc_sbrk_start
 .bss.heap_end.7697
                0x0000000020000174        0x4 /home/mhardenburgh/gcc-arm-none-eabi-8-2019-q3-update/bin/../lib/gcc/arm-none-eabi/8.3.1/../../../../arm-none-eabi/lib/thumb/v7e-m+fp/hard/librdimon_nano.a(rdimon-syscalls.o)
 .bss.openfiles
                0x0000000020000178       0xa0 /home/mhardenburgh/gcc-arm-none-eabi-8-2019-q3-update/bin/../lib/gcc/arm-none-eabi/8.3.1/../../../../arm-none-eabi/lib/thumb/v7e-m+fp/hard/librdimon_nano.a(rdimon-syscalls.o)
 *(COMMON)
 COMMON         0x0000000020000218        0x4 /home/mhardenburgh/gcc-arm-none-eabi-8-2019-q3-update/bin/../lib/gcc/arm-none-eabi/8.3.1/../../../../arm-none-eabi/lib/thumb/v7e-m+fp/hard/libg_nano.a(lib_a-reent.o)
                0x0000000020000218                errno
 COMMON         0x000000002000021c        0x9 /home/mhardenburgh/gcc-arm-none-eabi-8-2019-q3-update/bin/../lib/gcc/arm-none-eabi/8.3.1/../../../../arm-none-eabi/lib/thumb/v7e-m+fp/hard/libg_nano.a(lib_a-lock.o)
                0x000000002000021c                __lock___atexit_recursive_mutex
                0x000000002000021d                __lock___arc4random_mutex
                0x000000002000021e                __lock___env_recursive_mutex
                0x000000002000021f                __lock___sinit_recursive_mutex
                0x0000000020000220                __lock___malloc_recursive_mutex
                0x0000000020000221                __lock___at_quick_exit_mutex
                0x0000000020000222                __lock___dd_hash_mutex
                0x0000000020000223                __lock___tz_mutex
                0x0000000020000224                __lock___sfp_recursive_mutex
                0x0000000020000228                . = ALIGN (0x4)
 *fill*         0x0000000020000225        0x3 
                0x0000000020000228                __bss_end__ = .

.heap           0x0000000020000228        0x0
                0x0000000020000228                __end__ = .
                0x0000000020000228                PROVIDE (end = .)
 *(.heap*)
 .heap          0x0000000020000228        0x0 startup_ARMCM4.o
                0x0000000020000228                __HeapLimit = .

.stack_dummy    0x0000000020000228      0x400
 *(.stack*)
 .stack         0x0000000020000228      0x400 startup_ARMCM4.o
                0x0000000020008000                __StackTop = (ORIGIN (RAM) + LENGTH (RAM))
                0x0000000020007c00                __StackLimit = (__StackTop - SIZEOF (.stack_dummy))
                [!provide]                        PROVIDE (__stack = __StackTop)
                0x0000000000000001                ASSERT ((__StackLimit >= __HeapLimit), region RAM overflowed with stack)
OUTPUT(main.elf elf32-littlearm)

.ARM.attributes
                0x0000000000000000       0x30
 .ARM.attributes
                0x0000000000000000       0x1e /home/mhardenburgh/gcc-arm-none-eabi-8-2019-q3-update/bin/../lib/gcc/arm-none-eabi/8.3.1/thumb/v7e-m+fp/hard/crti.o
 .ARM.attributes
                0x000000000000001e       0x34 /home/mhardenburgh/gcc-arm-none-eabi-8-2019-q3-update/bin/../lib/gcc/arm-none-eabi/8.3.1/thumb/v7e-m+fp/hard/crtbegin.o
 .ARM.attributes
                0x0000000000000052       0x20 startup_ARMCM4.o
 .ARM.attributes
                0x0000000000000072       0x34 main.o
 .ARM.attributes
                0x00000000000000a6       0x34 register/register.o
 .ARM.attributes
                0x00000000000000da       0x34 corePeripherals/nvic/nvic.o
 .ARM.attributes
                0x000000000000010e       0x34 adc/adc.o
 .ARM.attributes
                0x0000000000000142       0x34 systemControl/systemControl.o
 .ARM.attributes
                0x0000000000000176       0x34 gpio/gpio.o
 .ARM.attributes
                0x00000000000001aa       0x34 pwm/pwm.o
 .ARM.attributes
                0x00000000000001de       0x34 /home/mhardenburgh/gcc-arm-none-eabi-8-2019-q3-update/bin/../lib/gcc/arm-none-eabi/8.3.1/../../../../arm-none-eabi/lib/thumb/v7e-m+fp/hard/libstdc++_nano.a(atexit_arm.o)
 .ARM.attributes
                0x0000000000000212       0x34 /home/mhardenburgh/gcc-arm-none-eabi-8-2019-q3-update/bin/../lib/gcc/arm-none-eabi/8.3.1/../../../../arm-none-eabi/lib/thumb/v7e-m+fp/hard/libg_nano.a(lib_a-cxa_atexit.o)
 .ARM.attributes
                0x0000000000000246       0x32 /home/mhardenburgh/gcc-arm-none-eabi-8-2019-q3-update/bin/../lib/gcc/arm-none-eabi/8.3.1/../../../../arm-none-eabi/lib/thumb/v7e-m+fp/hard/libg_nano.a(lib_a-impure.o)
 .ARM.attributes
                0x0000000000000278       0x34 /home/mhardenburgh/gcc-arm-none-eabi-8-2019-q3-update/bin/../lib/gcc/arm-none-eabi/8.3.1/../../../../arm-none-eabi/lib/thumb/v7e-m+fp/hard/libg_nano.a(lib_a-malloc.o)
 .ARM.attributes
                0x00000000000002ac       0x34 /home/mhardenburgh/gcc-arm-none-eabi-8-2019-q3-update/bin/../lib/gcc/arm-none-eabi/8.3.1/../../../../arm-none-eabi/lib/thumb/v7e-m+fp/hard/libg_nano.a(lib_a-nano-freer.o)
 .ARM.attributes
                0x00000000000002e0       0x34 /home/mhardenburgh/gcc-arm-none-eabi-8-2019-q3-update/bin/../lib/gcc/arm-none-eabi/8.3.1/../../../../arm-none-eabi/lib/thumb/v7e-m+fp/hard/libg_nano.a(lib_a-nano-mallocr.o)
 .ARM.attributes
                0x0000000000000314       0x34 /home/mhardenburgh/gcc-arm-none-eabi-8-2019-q3-update/bin/../lib/gcc/arm-none-eabi/8.3.1/../../../../arm-none-eabi/lib/thumb/v7e-m+fp/hard/libg_nano.a(lib_a-sbrkr.o)
 .ARM.attributes
                0x0000000000000348       0x34 /home/mhardenburgh/gcc-arm-none-eabi-8-2019-q3-update/bin/../lib/gcc/arm-none-eabi/8.3.1/../../../../arm-none-eabi/lib/thumb/v7e-m+fp/hard/libg_nano.a(lib_a-mlock.o)
 .ARM.attributes
                0x000000000000037c       0x34 /home/mhardenburgh/gcc-arm-none-eabi-8-2019-q3-update/bin/../lib/gcc/arm-none-eabi/8.3.1/../../../../arm-none-eabi/lib/thumb/v7e-m+fp/hard/libg_nano.a(lib_a-reent.o)
 .ARM.attributes
                0x00000000000003b0       0x34 /home/mhardenburgh/gcc-arm-none-eabi-8-2019-q3-update/bin/../lib/gcc/arm-none-eabi/8.3.1/../../../../arm-none-eabi/lib/thumb/v7e-m+fp/hard/libg_nano.a(lib_a-lock.o)
 .ARM.attributes
                0x00000000000003e4       0x34 /home/mhardenburgh/gcc-arm-none-eabi-8-2019-q3-update/bin/../lib/gcc/arm-none-eabi/8.3.1/../../../../arm-none-eabi/lib/thumb/v7e-m+fp/hard/librdimon_nano.a(rdimon-syscalls.o)
 .ARM.attributes
                0x0000000000000418       0x34 /home/mhardenburgh/gcc-arm-none-eabi-8-2019-q3-update/bin/../lib/gcc/arm-none-eabi/8.3.1/../../../../arm-none-eabi/lib/thumb/v7e-m+fp/hard/libc_nano.a(lib_a-errno.o)
 .ARM.attributes
                0x000000000000044c       0x34 /home/mhardenburgh/gcc-arm-none-eabi-8-2019-q3-update/bin/../lib/gcc/arm-none-eabi/8.3.1/../../../../arm-none-eabi/lib/thumb/v7e-m+fp/hard/libc_nano.a(lib_a-findfp.o)
 .ARM.attributes
                0x0000000000000480       0x32 /home/mhardenburgh/gcc-arm-none-eabi-8-2019-q3-update/bin/../lib/gcc/arm-none-eabi/8.3.1/thumb/v7e-m+fp/hard/crtend.o
 .ARM.attributes
                0x00000000000004b2       0x1e /home/mhardenburgh/gcc-arm-none-eabi-8-2019-q3-update/bin/../lib/gcc/arm-none-eabi/8.3.1/thumb/v7e-m+fp/hard/crtn.o

.comment        0x0000000000000000       0x76
 .comment       0x0000000000000000       0x76 main.o
                                         0x77 (size before relaxing)
 .comment       0x0000000000000076       0x77 register/register.o
 .comment       0x0000000000000076       0x77 corePeripherals/nvic/nvic.o
 .comment       0x0000000000000076       0x77 adc/adc.o
 .comment       0x0000000000000076       0x77 systemControl/systemControl.o
 .comment       0x0000000000000076       0x77 gpio/gpio.o
 .comment       0x0000000000000076       0x77 pwm/pwm.o

.debug_line     0x0000000000000000     0x26c7
 .debug_line    0x0000000000000000       0x60 startup_ARMCM4.o
 .debug_line    0x0000000000000060      0x4e1 main.o
 .debug_line    0x0000000000000541      0x455 register/register.o
 .debug_line    0x0000000000000996      0x43f corePeripherals/nvic/nvic.o
 .debug_line    0x0000000000000dd5      0xa08 adc/adc.o
 .debug_line    0x00000000000017dd      0x419 systemControl/systemControl.o
 .debug_line    0x0000000000001bf6      0x5b4 gpio/gpio.o
 .debug_line    0x00000000000021aa      0x51d pwm/pwm.o

.debug_info     0x0000000000000000     0xeccc
 .debug_info    0x0000000000000000       0x26 startup_ARMCM4.o
 .debug_info    0x0000000000000026     0x306a main.o
 .debug_info    0x0000000000003090     0x1ab0 register/register.o
 .debug_info    0x0000000000004b40     0x1f0a corePeripherals/nvic/nvic.o
 .debug_info    0x0000000000006a4a     0x25fc adc/adc.o
 .debug_info    0x0000000000009046     0x1d3a systemControl/systemControl.o
 .debug_info    0x000000000000ad80     0x1f0e gpio/gpio.o
 .debug_info    0x000000000000cc8e     0x203e pwm/pwm.o

.debug_abbrev   0x0000000000000000     0x279d
 .debug_abbrev  0x0000000000000000       0x14 startup_ARMCM4.o
 .debug_abbrev  0x0000000000000014      0x61e main.o
 .debug_abbrev  0x0000000000000632      0x54f register/register.o
 .debug_abbrev  0x0000000000000b81      0x593 corePeripherals/nvic/nvic.o
 .debug_abbrev  0x0000000000001114      0x65b adc/adc.o
 .debug_abbrev  0x000000000000176f      0x540 systemControl/systemControl.o
 .debug_abbrev  0x0000000000001caf      0x55c gpio/gpio.o
 .debug_abbrev  0x000000000000220b      0x592 pwm/pwm.o

.debug_aranges  0x0000000000000000      0x100
 .debug_aranges
                0x0000000000000000       0x20 startup_ARMCM4.o
 .debug_aranges
                0x0000000000000020       0x20 main.o
 .debug_aranges
                0x0000000000000040       0x20 register/register.o
 .debug_aranges
                0x0000000000000060       0x20 corePeripherals/nvic/nvic.o
 .debug_aranges
                0x0000000000000080       0x20 adc/adc.o
 .debug_aranges
                0x00000000000000a0       0x20 systemControl/systemControl.o
 .debug_aranges
                0x00000000000000c0       0x20 gpio/gpio.o
 .debug_aranges
                0x00000000000000e0       0x20 pwm/pwm.o

.debug_str      0x0000000000000000     0x39e2
 .debug_str     0x0000000000000000       0x47 startup_ARMCM4.o
 .debug_str     0x0000000000000047     0x2719 main.o
                                       0x297a (size before relaxing)
 .debug_str     0x0000000000002760      0x201 register/register.o
                                       0x107a (size before relaxing)
 .debug_str     0x0000000000002961      0xc59 corePeripherals/nvic/nvic.o
                                       0x1b3f (size before relaxing)
 .debug_str     0x00000000000035ba       0x8c adc/adc.o
                                       0x1e9d (size before relaxing)
 .debug_str     0x0000000000003646      0x2ee systemControl/systemControl.o
                                       0x162b (size before relaxing)
 .debug_str     0x0000000000003934       0x28 gpio/gpio.o
                                       0x1a89 (size before relaxing)
 .debug_str     0x000000000000395c       0x86 pwm/pwm.o
                                       0x1697 (size before relaxing)

.debug_frame    0x0000000000000000     0x1064
 .debug_frame   0x0000000000000000       0xfc main.o
 .debug_frame   0x00000000000000fc      0x1d0 register/register.o
 .debug_frame   0x00000000000002cc       0xf4 corePeripherals/nvic/nvic.o
 .debug_frame   0x00000000000003c0      0x2a8 adc/adc.o
 .debug_frame   0x0000000000000668       0xac systemControl/systemControl.o
 .debug_frame   0x0000000000000714      0x11c gpio/gpio.o
 .debug_frame   0x0000000000000830       0xd8 pwm/pwm.o
 .debug_frame   0x0000000000000908       0x20 /home/mhardenburgh/gcc-arm-none-eabi-8-2019-q3-update/bin/../lib/gcc/arm-none-eabi/8.3.1/../../../../arm-none-eabi/lib/thumb/v7e-m+fp/hard/libstdc++_nano.a(atexit_arm.o)
 .debug_frame   0x0000000000000928       0x28 /home/mhardenburgh/gcc-arm-none-eabi-8-2019-q3-update/bin/../lib/gcc/arm-none-eabi/8.3.1/../../../../arm-none-eabi/lib/thumb/v7e-m+fp/hard/libg_nano.a(lib_a-cxa_atexit.o)
 .debug_frame   0x0000000000000950       0x30 /home/mhardenburgh/gcc-arm-none-eabi-8-2019-q3-update/bin/../lib/gcc/arm-none-eabi/8.3.1/../../../../arm-none-eabi/lib/thumb/v7e-m+fp/hard/libg_nano.a(lib_a-malloc.o)
 .debug_frame   0x0000000000000980       0x38 /home/mhardenburgh/gcc-arm-none-eabi-8-2019-q3-update/bin/../lib/gcc/arm-none-eabi/8.3.1/../../../../arm-none-eabi/lib/thumb/v7e-m+fp/hard/libg_nano.a(lib_a-nano-freer.o)
 .debug_frame   0x00000000000009b8       0x30 /home/mhardenburgh/gcc-arm-none-eabi-8-2019-q3-update/bin/../lib/gcc/arm-none-eabi/8.3.1/../../../../arm-none-eabi/lib/thumb/v7e-m+fp/hard/libg_nano.a(lib_a-nano-mallocr.o)
 .debug_frame   0x00000000000009e8       0x2c /home/mhardenburgh/gcc-arm-none-eabi-8-2019-q3-update/bin/../lib/gcc/arm-none-eabi/8.3.1/../../../../arm-none-eabi/lib/thumb/v7e-m+fp/hard/libg_nano.a(lib_a-sbrkr.o)
 .debug_frame   0x0000000000000a14       0x30 /home/mhardenburgh/gcc-arm-none-eabi-8-2019-q3-update/bin/../lib/gcc/arm-none-eabi/8.3.1/../../../../arm-none-eabi/lib/thumb/v7e-m+fp/hard/libg_nano.a(lib_a-mlock.o)
 .debug_frame   0x0000000000000a44       0x5c /home/mhardenburgh/gcc-arm-none-eabi-8-2019-q3-update/bin/../lib/gcc/arm-none-eabi/8.3.1/../../../../arm-none-eabi/lib/thumb/v7e-m+fp/hard/libg_nano.a(lib_a-reent.o)
 .debug_frame   0x0000000000000aa0       0xb0 /home/mhardenburgh/gcc-arm-none-eabi-8-2019-q3-update/bin/../lib/gcc/arm-none-eabi/8.3.1/../../../../arm-none-eabi/lib/thumb/v7e-m+fp/hard/libg_nano.a(lib_a-lock.o)
 .debug_frame   0x0000000000000b50      0x3a8 /home/mhardenburgh/gcc-arm-none-eabi-8-2019-q3-update/bin/../lib/gcc/arm-none-eabi/8.3.1/../../../../arm-none-eabi/lib/thumb/v7e-m+fp/hard/librdimon_nano.a(rdimon-syscalls.o)
 .debug_frame   0x0000000000000ef8       0x20 /home/mhardenburgh/gcc-arm-none-eabi-8-2019-q3-update/bin/../lib/gcc/arm-none-eabi/8.3.1/../../../../arm-none-eabi/lib/thumb/v7e-m+fp/hard/libc_nano.a(lib_a-errno.o)
 .debug_frame   0x0000000000000f18      0x14c /home/mhardenburgh/gcc-arm-none-eabi-8-2019-q3-update/bin/../lib/gcc/arm-none-eabi/8.3.1/../../../../arm-none-eabi/lib/thumb/v7e-m+fp/hard/libc_nano.a(lib_a-findfp.o)

.debug_ranges   0x0000000000000000       0x18
 .debug_ranges  0x0000000000000000       0x18 register/register.o
