Archive member included to satisfy reference by file (symbol)

/home/mhardenburgh/gcc-arm-none-eabi-8-2019-q3-update/bin/../lib/gcc/arm-none-eabi/8.3.1/../../../../arm-none-eabi/lib/thumb/v7e-m+fp/hard/libstdc++_nano.a(atexit_arm.o)
                              main.o (__aeabi_atexit)
/home/mhardenburgh/gcc-arm-none-eabi-8-2019-q3-update/bin/../lib/gcc/arm-none-eabi/8.3.1/thumb/v7e-m+fp/hard/libgcc.a(_arm_addsubdf3.o)
                              main.o (__aeabi_i2d)
/home/mhardenburgh/gcc-arm-none-eabi-8-2019-q3-update/bin/../lib/gcc/arm-none-eabi/8.3.1/thumb/v7e-m+fp/hard/libgcc.a(_arm_muldivdf3.o)
                              main.o (__aeabi_dmul)
/home/mhardenburgh/gcc-arm-none-eabi-8-2019-q3-update/bin/../lib/gcc/arm-none-eabi/8.3.1/thumb/v7e-m+fp/hard/libgcc.a(_arm_truncdfsf2.o)
                              main.o (__aeabi_d2f)
/home/mhardenburgh/gcc-arm-none-eabi-8-2019-q3-update/bin/../lib/gcc/arm-none-eabi/8.3.1/thumb/v7e-m+fp/hard/libgcc.a(unwind-arm.o)
                              main.o (__aeabi_unwind_cpp_pr0)
/home/mhardenburgh/gcc-arm-none-eabi-8-2019-q3-update/bin/../lib/gcc/arm-none-eabi/8.3.1/thumb/v7e-m+fp/hard/libgcc.a(libunwind.o)
                              /home/mhardenburgh/gcc-arm-none-eabi-8-2019-q3-update/bin/../lib/gcc/arm-none-eabi/8.3.1/thumb/v7e-m+fp/hard/libgcc.a(unwind-arm.o) (restore_core_regs)
/home/mhardenburgh/gcc-arm-none-eabi-8-2019-q3-update/bin/../lib/gcc/arm-none-eabi/8.3.1/thumb/v7e-m+fp/hard/libgcc.a(pr-support.o)
                              /home/mhardenburgh/gcc-arm-none-eabi-8-2019-q3-update/bin/../lib/gcc/arm-none-eabi/8.3.1/thumb/v7e-m+fp/hard/libgcc.a(unwind-arm.o) (__gnu_unwind_execute)
/home/mhardenburgh/gcc-arm-none-eabi-8-2019-q3-update/bin/../lib/gcc/arm-none-eabi/8.3.1/../../../../arm-none-eabi/lib/thumb/v7e-m+fp/hard/libg_nano.a(lib_a-abort.o)
                              /home/mhardenburgh/gcc-arm-none-eabi-8-2019-q3-update/bin/../lib/gcc/arm-none-eabi/8.3.1/thumb/v7e-m+fp/hard/libgcc.a(unwind-arm.o) (abort)
/home/mhardenburgh/gcc-arm-none-eabi-8-2019-q3-update/bin/../lib/gcc/arm-none-eabi/8.3.1/../../../../arm-none-eabi/lib/thumb/v7e-m+fp/hard/libg_nano.a(lib_a-cxa_atexit.o)
                              /home/mhardenburgh/gcc-arm-none-eabi-8-2019-q3-update/bin/../lib/gcc/arm-none-eabi/8.3.1/../../../../arm-none-eabi/lib/thumb/v7e-m+fp/hard/libstdc++_nano.a(atexit_arm.o) (__cxa_atexit)
/home/mhardenburgh/gcc-arm-none-eabi-8-2019-q3-update/bin/../lib/gcc/arm-none-eabi/8.3.1/../../../../arm-none-eabi/lib/thumb/v7e-m+fp/hard/libg_nano.a(lib_a-exit.o)
                              /home/mhardenburgh/gcc-arm-none-eabi-8-2019-q3-update/bin/../lib/gcc/arm-none-eabi/8.3.1/../../../../arm-none-eabi/lib/thumb/v7e-m+fp/hard/rdimon-crt0.o (exit)
/home/mhardenburgh/gcc-arm-none-eabi-8-2019-q3-update/bin/../lib/gcc/arm-none-eabi/8.3.1/../../../../arm-none-eabi/lib/thumb/v7e-m+fp/hard/libg_nano.a(lib_a-impure.o)
                              /home/mhardenburgh/gcc-arm-none-eabi-8-2019-q3-update/bin/../lib/gcc/arm-none-eabi/8.3.1/../../../../arm-none-eabi/lib/thumb/v7e-m+fp/hard/libg_nano.a(lib_a-exit.o) (_global_impure_ptr)
/home/mhardenburgh/gcc-arm-none-eabi-8-2019-q3-update/bin/../lib/gcc/arm-none-eabi/8.3.1/../../../../arm-none-eabi/lib/thumb/v7e-m+fp/hard/libg_nano.a(lib_a-init.o)
                              /home/mhardenburgh/gcc-arm-none-eabi-8-2019-q3-update/bin/../lib/gcc/arm-none-eabi/8.3.1/../../../../arm-none-eabi/lib/thumb/v7e-m+fp/hard/rdimon-crt0.o (__libc_init_array)
/home/mhardenburgh/gcc-arm-none-eabi-8-2019-q3-update/bin/../lib/gcc/arm-none-eabi/8.3.1/../../../../arm-none-eabi/lib/thumb/v7e-m+fp/hard/libg_nano.a(lib_a-malloc.o)
                              register/register.o (malloc)
/home/mhardenburgh/gcc-arm-none-eabi-8-2019-q3-update/bin/../lib/gcc/arm-none-eabi/8.3.1/../../../../arm-none-eabi/lib/thumb/v7e-m+fp/hard/libg_nano.a(lib_a-memcpy-stub.o)
                              /home/mhardenburgh/gcc-arm-none-eabi-8-2019-q3-update/bin/../lib/gcc/arm-none-eabi/8.3.1/thumb/v7e-m+fp/hard/libgcc.a(unwind-arm.o) (memcpy)
/home/mhardenburgh/gcc-arm-none-eabi-8-2019-q3-update/bin/../lib/gcc/arm-none-eabi/8.3.1/../../../../arm-none-eabi/lib/thumb/v7e-m+fp/hard/libg_nano.a(lib_a-memset.o)
                              /home/mhardenburgh/gcc-arm-none-eabi-8-2019-q3-update/bin/../lib/gcc/arm-none-eabi/8.3.1/../../../../arm-none-eabi/lib/thumb/v7e-m+fp/hard/rdimon-crt0.o (memset)
/home/mhardenburgh/gcc-arm-none-eabi-8-2019-q3-update/bin/../lib/gcc/arm-none-eabi/8.3.1/../../../../arm-none-eabi/lib/thumb/v7e-m+fp/hard/libg_nano.a(lib_a-nano-freer.o)
                              /home/mhardenburgh/gcc-arm-none-eabi-8-2019-q3-update/bin/../lib/gcc/arm-none-eabi/8.3.1/../../../../arm-none-eabi/lib/thumb/v7e-m+fp/hard/libg_nano.a(lib_a-malloc.o) (_free_r)
/home/mhardenburgh/gcc-arm-none-eabi-8-2019-q3-update/bin/../lib/gcc/arm-none-eabi/8.3.1/../../../../arm-none-eabi/lib/thumb/v7e-m+fp/hard/libg_nano.a(lib_a-nano-mallocr.o)
[...]
Memory Configuration

Name             Origin             Length             Attributes
FLASH            0x0000000000000000 0x0000000000040000 xr
RAM              0x0000000020000000 0x0000000000008000 xrw
*default*        0x0000000000000000 0xffffffffffffffff

Linker script and memory map

LOAD /home/mhardenburgh/gcc-arm-none-eabi-8-2019-q3-update/bin/../lib/gcc/arm-none-eabi/8.3.1/thumb/v7e-m+fp/hard/crti.o
LOAD /home/mhardenburgh/gcc-arm-none-eabi-8-2019-q3-update/bin/../lib/gcc/arm-none-eabi/8.3.1/thumb/v7e-m+fp/hard/crtbegin.o
LOAD /home/mhardenburgh/gcc-arm-none-eabi-8-2019-q3-update/bin/../lib/gcc/arm-none-eabi/8.3.1/../../../../arm-none-eabi/lib/thumb/v7e-m+fp/hard/rdimon-crt0.o
LOAD startup_ARMCM4.o
LOAD main.o
LOAD register/register.o
LOAD corePeripherals/systick/systick.o
LOAD corePeripherals/nvic/nvic.o
LOAD corePeripherals/sbc/sbc.o
LOAD corePeripherals/mpu/mpu.o
LOAD corePeripherals/fpu/fpu.o
LOAD adc/adc.o
LOAD systemControl/systemControl.o
LOAD gpio/gpio.o
LOAD timer/generalPurposeTimer.o
LOAD pwm/pwm.o
LOAD /home/mhardenburgh/gcc-arm-none-eabi-8-2019-q3-update/bin/../lib/gcc/arm-none-eabi/8.3.1/../../../../arm-none-eabi/lib/thumb/v7e-m+fp/hard/libstdc++_nano.a
LOAD /home/mhardenburgh/gcc-arm-none-eabi-8-2019-q3-update/bin/../lib/gcc/arm-none-eabi/8.3.1/../../../../arm-none-eabi/lib/thumb/v7e-m+fp/hard/libm.a
START GROUP
LOAD /home/mhardenburgh/gcc-arm-none-eabi-8-2019-q3-update/bin/../lib/gcc/arm-none-eabi/8.3.1/thumb/v7e-m+fp/hard/libgcc.a
LOAD /home/mhardenburgh/gcc-arm-none-eabi-8-2019-q3-update/bin/../lib/gcc/arm-none-eabi/8.3.1/../../../../arm-none-eabi/lib/thumb/v7e-m+fp/hard/libg_nano.a
LOAD /home/mhardenburgh/gcc-arm-none-eabi-8-2019-q3-update/bin/../lib/gcc/arm-none-eabi/8.3.1/../../../../arm-none-eabi/lib/thumb/v7e-m+fp/hard/libc_nano.a
END GROUP
START GROUP
LOAD /home/mhardenburgh/gcc-arm-none-eabi-8-2019-q3-update/bin/../lib/gcc/arm-none-eabi/8.3.1/thumb/v7e-m+fp/hard/libgcc.a
LOAD /home/mhardenburgh/gcc-arm-none-eabi-8-2019-q3-update/bin/../lib/gcc/arm-none-eabi/8.3.1/../../../../arm-none-eabi/lib/thumb/v7e-m+fp/hard/libc_nano.a
LOAD /home/mhardenburgh/gcc-arm-none-eabi-8-2019-q3-update/bin/../lib/gcc/arm-none-eabi/8.3.1/../../../../arm-none-eabi/lib/thumb/v7e-m+fp/hard/librdimon_nano.a
END GROUP
START GROUP
LOAD /home/mhardenburgh/gcc-arm-none-eabi-8-2019-q3-update/bin/../lib/gcc/arm-none-eabi/8.3.1/thumb/v7e-m+fp/hard/libgcc.a
LOAD /home/mhardenburgh/gcc-arm-none-eabi-8-2019-q3-update/bin/../lib/gcc/arm-none-eabi/8.3.1/../../../../arm-none-eabi/lib/thumb/v7e-m+fp/hard/libc_nano.a
LOAD /home/mhardenburgh/gcc-arm-none-eabi-8-2019-q3-update/bin/../lib/gcc/arm-none-eabi/8.3.1/../../../../arm-none-eabi/lib/thumb/v7e-m+fp/hard/librdimon_nano.a
END GROUP
LOAD /home/mhardenburgh/gcc-arm-none-eabi-8-2019-q3-update/bin/../lib/gcc/arm-none-eabi/8.3.1/thumb/v7e-m+fp/hard/crtend.o
LOAD /home/mhardenburgh/gcc-arm-none-eabi-8-2019-q3-update/bin/../lib/gcc/arm-none-eabi/8.3.1/thumb/v7e-m+fp/hard/crtn.o

.text           0x0000000000000000     0x3e7c
 *(.isr_vector)
 .isr_vector    0x0000000000000000      0x26c startup_ARMCM4.o
                0x0000000000000000                __isr_vector
 *(.text*)
 .text          0x000000000000026c       0x40 /home/mhardenburgh/gcc-arm-none-eabi-8-2019-q3-update/bin/../lib/gcc/arm-none-eabi/8.3.1/thumb/v7e-m+fp/hard/crtbegin.o
 .text          0x00000000000002ac       0x44 startup_ARMCM4.o
                0x00000000000002ac                Reset_Handler
                0x00000000000002ec                GPIO_Port_B_Handler
                0x00000000000002ec                _16_32_Bit_Timer_5B_Handler
                0x00000000000002ec                DebugMon_Handler
                0x00000000000002ec                System_Exception_Handler
                0x00000000000002ec                UART_5_Handler
                0x00000000000002ec                HardFault_Handler
                0x00000000000002ec                I2C_2_Handler
                0x00000000000002ec                _32_64_Bit_Timer_0B_Handler
                0x00000000000002ec                _32_64_Bit_Timer_5B_Handler
                0x00000000000002ec                SysTick_Handler
                0x00000000000002ec                GPIO_Port_D_Handler
                0x00000000000002ec                PWM_1_Generator_1_Handler
                0x00000000000002ec                GPIO_Port_A_Handler
                0x00000000000002ec                PendSV_Handler
                0x00000000000002ec                NMI_Handler
                0x00000000000002ec                PWM_0_Generator_0_Handler
                0x00000000000002ec                Analog_Comparator_1_Handler
                0x00000000000002ec                _16_32_Bit_Timer_3A_Handler
                0x00000000000002ec                ADC_0_Sequence_2_Handler
                0x00000000000002ec                _32_64_Bit_Timer_0A_Handler
                0x00000000000002ec                ADC_0_Sequence_0_Handler
                0x00000000000002ec                UART_1_Handler
                0x00000000000002ec                SSI_0_Handler
                0x00000000000002ec                GPIO_Port_C_Handler
                0x00000000000002ec                ADC_1_Sequence_1_Handler
                0x00000000000002ec                PWM_1_Fault_Handler
                0x00000000000002ec                _16_32_Bit_Timer_0B_Handler
                0x00000000000002ec                I2C_0_Handler
                0x00000000000002ec                UsageFault_Handler
                0x00000000000002ec                System_Control_Handler
                0x00000000000002ec                UART_7_Handler
                0x00000000000002ec                PWM_1_Generator_3_Handler
                0x00000000000002ec                UART_3_Handler
                0x00000000000002ec                _16_32_Bit_Timer_2A_Handler
                0x00000000000002ec                _32_64_Bit_Timer_3B_Handler
                0x00000000000002ec                _16_32_Bit_Timer_5A_Handler
                0x00000000000002ec                _32_64_Bit_Timer_4A_Handler
                0x00000000000002ec                USB_Handler
                0x00000000000002ec                UART_6_Handler
                0x00000000000002ec                ADC_1_Sequence_0_Handler
                0x00000000000002ec                PWM_1_Generator_0_Handler
                0x00000000000002ec                SSI_2_Handler
                0x00000000000002ec                _32_64_Bit_Timer_1A_Handler
                0x00000000000002ec                Analog_Comparator_0_Handler
                0x00000000000002ec                PWM_0_Generator_2_Handler
                0x00000000000002ec                _16_32_Bit_Timer_2B_Handler
                0x00000000000002ec                I2C_1_Handler
                0x00000000000002ec                ADC_1_Sequence_3_Handler
                0x00000000000002ec                _16_32_Bit_Timer_0A_Handler
                0x00000000000002ec                SSI_3_Handler
                0x00000000000002ec                Default_Handler
                0x00000000000002ec                _32_64_Bit_Timer_2A_Handler
                0x00000000000002ec                _32_64_Bit_Timer_4B_Handler
                0x00000000000002ec                PWM_Generator_3_Handler
                0x00000000000002ec                Hibernation_Module_Handler
                0x00000000000002ec                ADC_0_Sequence_1_Handler
                0x00000000000002ec                ADC_0_Sequence_3_Handler
                0x00000000000002ec                _16_32_Bit_Timer_3B_Handler
                0x00000000000002ec                Flash_and_EEPROM_Control_Handler
                0x00000000000002ec                GPIO_Port_E_Handler
                0x00000000000002ec                MemManage_Handler
                0x00000000000002ec                _32_64_Bit_Timer_5A_Handler
                0x00000000000002ec                CAN_0_Handler
                0x00000000000002ec                _32_64_Bit_Timer_2B_Handler
                0x00000000000002ec                SVC_Handler
                0x00000000000002ec                UART_0_Handler
                0x00000000000002ec                QEI_0_Handler
                0x00000000000002ec                _16_32_Bit_Timer_1A_Handler
                0x00000000000002ec                _32_64_Bit_Timer_3A_Handler
                0x00000000000002ec                I2C_3_Handler
                0x00000000000002ec                SSI_1_Handler
                0x00000000000002ec                PWM_1_Generator_2_Handler
                0x00000000000002ec                ADC_1_Sequence_2_Handler
                0x00000000000002ec                PWM_0_Fault_Handler
                0x00000000000002ec                UART_4_Handler
                0x00000000000002ec                QEI_1_Handler
                0x00000000000002ec                uDMA_Error_Handler
                0x00000000000002ec                uDMA_Software_Handler
                0x00000000000002ec                _16_32_Bit_Timer_1B_Handler
                0x00000000000002ec                Watchdog_0_and_1_Handler
                0x00000000000002ec                BusFault_Handler
                0x00000000000002ec                PWM_0_Generator_1_Handler
                0x00000000000002ec                _16_32_Bit_Timer_4A_Handler
                0x00000000000002ec                UART_2_Handler
                0x00000000000002ec                _32_64_Bit_Timer_1B_Handler
                0x00000000000002ec                CAN_1_Handler
                0x00000000000002ec                _16_32_Bit_Timer_4B_Handler
 .text          0x00000000000002f0      0x358 main.o
                0x00000000000002f0                __cxa_pure_virtual
                0x00000000000002f6                __gnu_cxx::__verbose_terminate_handler()
                0x00000000000002fc                GPIO_Port_F_Handler
                0x00000000000003a4                pollTest()
                0x00000000000003d0                SystemInit
                0x000000000000047c                main
 .text          0x0000000000000648      0x1d0 register/register.o
                0x0000000000000648                Register::Register()
                0x0000000000000648                Register::Register()
                0x000000000000065e                Register::~Register()
                0x000000000000065e                Register::~Register()
                0x0000000000000674                Register::getRegisterBitFieldStatus(unsigned long volatile*, unsigned long, unsigned long, bitFieldPermission)
                0x00000000000006c8                Register::setRegisterBitFieldStatus(unsigned long volatile*, unsigned long, unsigned long, unsigned long, bitFieldPermission)
                0x0000000000000758                operator new(unsigned int)
                0x0000000000000770                operator delete(void*)
                0x0000000000000786                operator new[](unsigned int)
                0x000000000000079e                operator delete[](void*)
                0x00000000000007b4                operator new(unsigned int, std::nothrow_t)
                0x00000000000007ce                operator delete(void*, std::nothrow_t)
                0x00000000000007e6                operator new[](unsigned int, std::nothrow_t)
                0x0000000000000800                operator delete[](void*, std::nothrow_t)
 .text          0x0000000000000818       0xf8 corePeripherals/nvic/nvic.o
                0x0000000000000818                Nvic::Nvic()
                0x0000000000000818                Nvic::Nvic()
                0x000000000000082e                Nvic::~Nvic()
                0x000000000000082e                Nvic::~Nvic()
                0x0000000000000844                Nvic::activateInterrupt(interrupt, unsigned long)
                0x00000000000008c0                Nvic::disableInterrupts()
                0x00000000000008de                Nvic::enableInterrupts()
                0x00000000000008fc                Nvic::wfi()
 .text          0x0000000000000910      0x834 adc/adc.o
                0x0000000000000910                Adc::Adc()
                0x0000000000000910                Adc::Adc()
                0x0000000000000926                Adc::~Adc()
                0x0000000000000926                Adc::~Adc()
                0x000000000000093c                Adc::initializeModule(unsigned long, unsigned long, unsigned long, unsigned long)
                0x0000000000000a20                Adc::initializeForPolling(unsigned long, unsigned long, unsigned long, unsigned long, void (*)())
                0x0000000000000a5a                Adc::initializeForInterrupt(unsigned long, unsigned long, unsigned long, unsigned long, unsigned long)
                0x0000000000000b3a                Adc::enableSampleSequencer()
                0x0000000000000b60                Adc::enableSampleSequencerDc(unsigned long, unsigned long)
                0x0000000000000cb8                Adc::initializeDc(unsigned long, unsigned long, unsigned long, unsigned long, unsigned long)
                0x0000000000000d84                Adc::pollStatus()
                0x0000000000000dbe                Adc::pollDigitalComparator()
                0x0000000000000df6                Adc::initiateSampling()
                0x0000000000000e1e                Adc::getAdcSample()
                0x0000000000000e4a                Adc::clearInterrupt()
                0x0000000000000e72                Adc::getDcInterruptStatus(unsigned long, unsigned long)
                0x0000000000000e9e                Adc::clearDcInterrupt(unsigned long, unsigned long)
                0x0000000000000ecc                Adc::getAdcResolution()
                0x0000000000000ee8                Adc::initialization()
 .text          0x0000000000001144      0x174 systemControl/systemControl.o
                0x0000000000001144                SystemControl::SystemControl()
                0x0000000000001144                SystemControl::SystemControl()
                0x000000000000115a                SystemControl::~SystemControl()
                0x000000000000115a                SystemControl::~SystemControl()
                0x0000000000001170                SystemControl::initializeGPIOHB()
                0x00000000000011e0                SystemControl::initializeClock(SYSDIV2)
 .text          0x00000000000012b8      0x3bc gpio/gpio.o
                0x00000000000012b8                Gpio::Gpio()
                0x00000000000012b8                Gpio::Gpio()
                0x00000000000012d6                Gpio::~Gpio()
                0x00000000000012d6                Gpio::~Gpio()
                0x00000000000012ec                Gpio::initialize(unsigned long, direction)
                0x0000000000001520                Gpio::initialize(unsigned long, direction, unsigned long)
                0x00000000000015ea                Gpio::interruptClear()
                0x0000000000001614                Gpio::write(unsigned long)
                0x000000000000164c                Gpio::read()
 .text          0x0000000000001674      0x33c pwm/pwm.o
                0x0000000000001674                Pwm::Pwm()
                0x0000000000001674                Pwm::Pwm()
                0x000000000000168a                Pwm::~Pwm()
                0x000000000000168a                Pwm::~Pwm()
                0x00000000000016a0                Pwm::initializeSingle(unsigned long, pwmModule, unsigned long, unsigned long, unsigned long, countDirectionPwm, unsigned long, bool, unsigned long)
                0x000000000000176e                Pwm::initializePair(unsigned long, pwmModule, unsigned long, unsigned long, unsigned long, countDirectionPwm, unsigned long, unsigned long, bool, unsigned long)
                0x0000000000001858                Pwm::initialize(pwmModule, unsigned long, countDirectionPwm, bool, unsigned long)
 .text.__aeabi_atexit
                0x00000000000019b0        0xa /home/mhardenburgh/gcc-arm-none-eabi-8-2019-q3-update/bin/../lib/gcc/arm-none-eabi/8.3.1/../../../../arm-none-eabi/lib/thumb/v7e-m+fp/hard/libstdc++_nano.a(atexit_arm.o)
                0x00000000000019b0                __aeabi_atexit
 *fill*         0x00000000000019ba        0x2 
 .text          0x00000000000019bc      0x378 /home/mhardenburgh/gcc-arm-none-eabi-8-2019-q3-update/bin/../lib/gcc/arm-none-eabi/8.3.1/thumb/v7e-m+fp/hard/libgcc.a(_arm_addsubdf3.o)
                0x00000000000019bc                __aeabi_drsub
                0x00000000000019c4                __aeabi_dsub
                0x00000000000019c4                __subdf3
                0x00000000000019c8                __adddf3
                0x00000000000019c8                __aeabi_dadd
                0x0000000000001c40                __aeabi_ui2d
                0x0000000000001c40                __floatunsidf
                0x0000000000001c60                __floatsidf
                0x0000000000001c60                __aeabi_i2d
                0x0000000000001c84                __extendsfdf2
                0x0000000000001c84                __aeabi_f2d
                0x0000000000001cc8                __aeabi_ul2d
                0x0000000000001cc8                __floatundidf
                0x0000000000001cd8                __floatdidf
                0x0000000000001cd8                __aeabi_l2d
 .text          0x0000000000001d34      0x424 /home/mhardenburgh/gcc-arm-none-eabi-8-2019-q3-update/bin/../lib/gcc/arm-none-eabi/8.3.1/thumb/v7e-m+fp/hard/libgcc.a(_arm_muldivdf3.o)
                0x0000000000001d34                __aeabi_dmul
                0x0000000000001d34                __muldf3
                0x0000000000001f88                __aeabi_ddiv
                0x0000000000001f88                __divdf3
 .text          0x0000000000002158       0xa0 /home/mhardenburgh/gcc-arm-none-eabi-8-2019-q3-update/bin/../lib/gcc/arm-none-eabi/8.3.1/thumb/v7e-m+fp/hard/libgcc.a(_arm_truncdfsf2.o)
                0x0000000000002158                __aeabi_d2f
                0x0000000000002158                __truncdfsf2
 .text          0x00000000000021f8      0x9e0 /home/mhardenburgh/gcc-arm-none-eabi-8-2019-q3-update/bin/../lib/gcc/arm-none-eabi/8.3.1/thumb/v7e-m+fp/hard/libgcc.a(unwind-arm.o)
                0x00000000000024b0                _Unwind_GetCFA
                0x00000000000024b4                __gnu_Unwind_RaiseException
                0x0000000000002514                __gnu_Unwind_ForcedUnwind
                0x0000000000002528                __gnu_Unwind_Resume
                0x000000000000256c                __gnu_Unwind_Resume_or_Rethrow
                0x000000000000257c                _Unwind_Complete
                0x0000000000002580                _Unwind_DeleteException
                0x000000000000258c                _Unwind_VRS_Get
                0x00000000000025d0                _Unwind_VRS_Set
                0x0000000000002614                __gnu_Unwind_Backtrace
                0x000000000000294c                __aeabi_unwind_cpp_pr0
                0x0000000000002950                __aeabi_unwind_cpp_pr1
                0x0000000000002954                __aeabi_unwind_cpp_pr2
                0x0000000000002958                _Unwind_VRS_Pop
 .text          0x0000000000002bd8      0x1ac /home/mhardenburgh/gcc-arm-none-eabi-8-2019-q3-update/bin/../lib/gcc/arm-none-eabi/8.3.1/thumb/v7e-m+fp/hard/libgcc.a(libunwind.o)
                0x0000000000002bd8                __restore_core_regs
                0x0000000000002bd8                restore_core_regs
                0x0000000000002bf0                __gnu_Unwind_Restore_VFP
                0x0000000000002bf8                __gnu_Unwind_Save_VFP
                0x0000000000002c00                __gnu_Unwind_Restore_VFP_D
                0x0000000000002c08                __gnu_Unwind_Save_VFP_D
                0x0000000000002c10                __gnu_Unwind_Restore_VFP_D_16_to_31
                0x0000000000002c18                __gnu_Unwind_Save_VFP_D_16_to_31
                0x0000000000002c20                __gnu_Unwind_Restore_WMMXD
                0x0000000000002c64                __gnu_Unwind_Save_WMMXD
                0x0000000000002ca8                __gnu_Unwind_Restore_WMMXC
                0x0000000000002cbc                __gnu_Unwind_Save_WMMXC
                0x0000000000002cd0                ___Unwind_RaiseException
                0x0000000000002cd0                _Unwind_RaiseException
                0x0000000000002cf4                ___Unwind_Resume
                0x0000000000002cf4                _Unwind_Resume
                0x0000000000002d18                _Unwind_Resume_or_Rethrow
                0x0000000000002d18                ___Unwind_Resume_or_Rethrow
                0x0000000000002d3c                ___Unwind_ForcedUnwind
                0x0000000000002d3c                _Unwind_ForcedUnwind
                0x0000000000002d60                _Unwind_Backtrace
                0x0000000000002d60                ___Unwind_Backtrace
 .text          0x0000000000002d84      0x368 /home/mhardenburgh/gcc-arm-none-eabi-8-2019-q3-update/bin/../lib/gcc/arm-none-eabi/8.3.1/thumb/v7e-m+fp/hard/libgcc.a(pr-support.o)
                0x0000000000002ddc                __gnu_unwind_execute
                0x00000000000030a4                __gnu_unwind_frame
                0x00000000000030cc                _Unwind_GetRegionStart
                0x00000000000030d8                _Unwind_GetLanguageSpecificData
 .text.abort    0x00000000000030ec        0xe /home/mhardenburgh/gcc-arm-none-eabi-8-2019-q3-update/bin/../lib/gcc/arm-none-eabi/8.3.1/../../../../arm-none-eabi/lib/thumb/v7e-m+fp/hard/libg_nano.a(lib_a-abort.o)
                0x00000000000030ec                abort
 *fill*         0x00000000000030fa        0x2 
 .text.__cxa_atexit
                0x00000000000030fc       0x1c /home/mhardenburgh/gcc-arm-none-eabi-8-2019-q3-update/bin/../lib/gcc/arm-none-eabi/8.3.1/../../../../arm-none-eabi/lib/thumb/v7e-m+fp/hard/libg_nano.a(lib_a-cxa_atexit.o)
                0x00000000000030fc                __cxa_atexit
 .text.malloc   0x0000000000003118       0x10 /home/mhardenburgh/gcc-arm-none-eabi-8-2019-q3-update/bin/../lib/gcc/arm-none-eabi/8.3.1/../../../../arm-none-eabi/lib/thumb/v7e-m+fp/hard/libg_nano.a(lib_a-malloc.o)
                0x0000000000003118                malloc
 .text.free     0x0000000000003128       0x10 /home/mhardenburgh/gcc-arm-none-eabi-8-2019-q3-update/bin/../lib/gcc/arm-none-eabi/8.3.1/../../../../arm-none-eabi/lib/thumb/v7e-m+fp/hard/libg_nano.a(lib_a-malloc.o)
                0x0000000000003128                free
 .text.memcpy   0x0000000000003138       0x1c /home/mhardenburgh/gcc-arm-none-eabi-8-2019-q3-update/bin/../lib/gcc/arm-none-eabi/8.3.1/../../../../arm-none-eabi/lib/thumb/v7e-m+fp/hard/libg_nano.a(lib_a-memcpy-stub.o)
                0x0000000000003138                memcpy
 .text.memset   0x0000000000003154       0x10 /home/mhardenburgh/gcc-arm-none-eabi-8-2019-q3-update/bin/../lib/gcc/arm-none-eabi/8.3.1/../../../../arm-none-eabi/lib/thumb/v7e-m+fp/hard/libg_nano.a(lib_a-memset.o)
                0x0000000000003154                memset
 .text._free_r  0x0000000000003164       0x9c /home/mhardenburgh/gcc-arm-none-eabi-8-2019-q3-update/bin/../lib/gcc/arm-none-eabi/8.3.1/../../../../arm-none-eabi/lib/thumb/v7e-m+fp/hard/libg_nano.a(lib_a-nano-freer.o)
                0x0000000000003164                _free_r
 .text._malloc_r
                0x0000000000003200       0xb4 /home/mhardenburgh/gcc-arm-none-eabi-8-2019-q3-update/bin/../lib/gcc/arm-none-eabi/8.3.1/../../../../arm-none-eabi/lib/thumb/v7e-m+fp/hard/libg_nano.a(lib_a-nano-mallocr.o)
                0x0000000000003200                _malloc_r
 .text._sbrk_r  0x00000000000032b4       0x20 /home/mhardenburgh/gcc-arm-none-eabi-8-2019-q3-update/bin/../lib/gcc/arm-none-eabi/8.3.1/../../../../arm-none-eabi/lib/thumb/v7e-m+fp/hard/libg_nano.a(lib_a-sbrkr.o)
                0x00000000000032b4                _sbrk_r
 .text._raise_r
                0x00000000000032d4       0x50 /home/mhardenburgh/gcc-arm-none-eabi-8-2019-q3-update/bin/../lib/gcc/arm-none-eabi/8.3.1/../../../../arm-none-eabi/lib/thumb/v7e-m+fp/hard/libg_nano.a(lib_a-signal.o)
                0x00000000000032d4                _raise_r
 .text.raise    0x0000000000003324       0x10 /home/mhardenburgh/gcc-arm-none-eabi-8-2019-q3-update/bin/../lib/gcc/arm-none-eabi/8.3.1/../../../../arm-none-eabi/lib/thumb/v7e-m+fp/hard/libg_nano.a(lib_a-signal.o)
                0x0000000000003324                raise
 .text._kill_r  0x0000000000003334       0x24 /home/mhardenburgh/gcc-arm-none-eabi-8-2019-q3-update/bin/../lib/gcc/arm-none-eabi/8.3.1/../../../../arm-none-eabi/lib/thumb/v7e-m+fp/hard/libg_nano.a(lib_a-signalr.o)
                0x0000000000003334                _kill_r
 .text._getpid_r
                0x0000000000003358        0x4 /home/mhardenburgh/gcc-arm-none-eabi-8-2019-q3-update/bin/../lib/gcc/arm-none-eabi/8.3.1/../../../../arm-none-eabi/lib/thumb/v7e-m+fp/hard/libg_nano.a(lib_a-signalr.o)
                0x0000000000003358                _getpid_r
 .text.__malloc_lock
                0x000000000000335c        0xc /home/mhardenburgh/gcc-arm-none-eabi-8-2019-q3-update/bin/../lib/gcc/arm-none-eabi/8.3.1/../../../../arm-none-eabi/lib/thumb/v7e-m+fp/hard/libg_nano.a(lib_a-mlock.o)
                0x000000000000335c                __malloc_lock
 .text.__malloc_unlock
                0x0000000000003368        0xc /home/mhardenburgh/gcc-arm-none-eabi-8-2019-q3-update/bin/../lib/gcc/arm-none-eabi/8.3.1/../../../../arm-none-eabi/lib/thumb/v7e-m+fp/hard/libg_nano.a(lib_a-mlock.o)
                0x0000000000003368                __malloc_unlock
 .text.__retarget_lock_init_recursive
                0x0000000000003374        0x2 /home/mhardenburgh/gcc-arm-none-eabi-8-2019-q3-update/bin/../lib/gcc/arm-none-eabi/8.3.1/../../../../arm-none-eabi/lib/thumb/v7e-m+fp/hard/libg_nano.a(lib_a-lock.o)
                0x0000000000003374                __retarget_lock_init_recursive
 .text.__retarget_lock_acquire_recursive
                0x0000000000003376        0x2 /home/mhardenburgh/gcc-arm-none-eabi-8-2019-q3-update/bin/../lib/gcc/arm-none-eabi/8.3.1/../../../../arm-none-eabi/lib/thumb/v7e-m+fp/hard/libg_nano.a(lib_a-lock.o)
                0x0000000000003376                __retarget_lock_acquire_recursive
 .text.__retarget_lock_release_recursive
                0x0000000000003378        0x2 /home/mhardenburgh/gcc-arm-none-eabi-8-2019-q3-update/bin/../lib/gcc/arm-none-eabi/8.3.1/../../../../arm-none-eabi/lib/thumb/v7e-m+fp/hard/libg_nano.a(lib_a-lock.o)
                0x0000000000003378                __retarget_lock_release_recursive
 *fill*         0x000000000000337a        0x2 
 .text.findslot
                0x000000000000337c       0x34 /home/mhardenburgh/gcc-arm-none-eabi-8-2019-q3-update/bin/../lib/gcc/arm-none-eabi/8.3.1/../../../../arm-none-eabi/lib/thumb/v7e-m+fp/hard/librdimon_nano.a(rdimon-syscalls.o)
 .text.checkerror
                0x00000000000033b0       0x20 /home/mhardenburgh/gcc-arm-none-eabi-8-2019-q3-update/bin/../lib/gcc/arm-none-eabi/8.3.1/../../../../arm-none-eabi/lib/thumb/v7e-m+fp/hard/librdimon_nano.a(rdimon-syscalls.o)
 .text.error    0x00000000000033d0       0x1c /home/mhardenburgh/gcc-arm-none-eabi-8-2019-q3-update/bin/../lib/gcc/arm-none-eabi/8.3.1/../../../../arm-none-eabi/lib/thumb/v7e-m+fp/hard/librdimon_nano.a(rdimon-syscalls.o)
 .text._swiread
                0x00000000000033ec       0x20 /home/mhardenburgh/gcc-arm-none-eabi-8-2019-q3-update/bin/../lib/gcc/arm-none-eabi/8.3.1/../../../../arm-none-eabi/lib/thumb/v7e-m+fp/hard/librdimon_nano.a(rdimon-syscalls.o)
                0x00000000000033ec                _swiread
 .text._read    0x000000000000340c       0x34 /home/mhardenburgh/gcc-arm-none-eabi-8-2019-q3-update/bin/../lib/gcc/arm-none-eabi/8.3.1/../../../../arm-none-eabi/lib/thumb/v7e-m+fp/hard/librdimon_nano.a(rdimon-syscalls.o)
                0x000000000000340c                _read
 .text._swilseek
                0x0000000000003440       0x78 /home/mhardenburgh/gcc-arm-none-eabi-8-2019-q3-update/bin/../lib/gcc/arm-none-eabi/8.3.1/../../../../arm-none-eabi/lib/thumb/v7e-m+fp/hard/librdimon_nano.a(rdimon-syscalls.o)
                0x0000000000003440                _swilseek
 .text._lseek   0x00000000000034b8        0x4 /home/mhardenburgh/gcc-arm-none-eabi-8-2019-q3-update/bin/../lib/gcc/arm-none-eabi/8.3.1/../../../../arm-none-eabi/lib/thumb/v7e-m+fp/hard/librdimon_nano.a(rdimon-syscalls.o)
                0x00000000000034b8                _lseek
 .text._swiwrite
                0x00000000000034bc       0x20 /home/mhardenburgh/gcc-arm-none-eabi-8-2019-q3-update/bin/../lib/gcc/arm-none-eabi/8.3.1/../../../../arm-none-eabi/lib/thumb/v7e-m+fp/hard/librdimon_nano.a(rdimon-syscalls.o)
                0x00000000000034bc                _swiwrite
 .text._write   0x00000000000034dc       0x40 /home/mhardenburgh/gcc-arm-none-eabi-8-2019-q3-update/bin/../lib/gcc/arm-none-eabi/8.3.1/../../../../arm-none-eabi/lib/thumb/v7e-m+fp/hard/librdimon_nano.a(rdimon-syscalls.o)
                0x00000000000034dc                _write
 .text._swiclose
                0x000000000000351c       0x1a /home/mhardenburgh/gcc-arm-none-eabi-8-2019-q3-update/bin/../lib/gcc/arm-none-eabi/8.3.1/../../../../arm-none-eabi/lib/thumb/v7e-m+fp/hard/librdimon_nano.a(rdimon-syscalls.o)
                0x000000000000351c                _swiclose
 *fill*         0x0000000000003536        0x2 
 .text._close   0x0000000000003538       0x4c /home/mhardenburgh/gcc-arm-none-eabi-8-2019-q3-update/bin/../lib/gcc/arm-none-eabi/8.3.1/../../../../arm-none-eabi/lib/thumb/v7e-m+fp/hard/librdimon_nano.a(rdimon-syscalls.o)
                0x0000000000003538                _close
 .text._getpid  0x0000000000003584        0x4 /home/mhardenburgh/gcc-arm-none-eabi-8-2019-q3-update/bin/../lib/gcc/arm-none-eabi/8.3.1/../../../../arm-none-eabi/lib/thumb/v7e-m+fp/hard/librdimon_nano.a(rdimon-syscalls.o)
                0x0000000000003584                _getpid
 .text._sbrk    0x0000000000003588       0x48 /home/mhardenburgh/gcc-arm-none-eabi-8-2019-q3-update/bin/../lib/gcc/arm-none-eabi/8.3.1/../../../../arm-none-eabi/lib/thumb/v7e-m+fp/hard/librdimon_nano.a(rdimon-syscalls.o)
                0x0000000000003588                _sbrk
 .text._swistat
                0x00000000000035d0       0x42 /home/mhardenburgh/gcc-arm-none-eabi-8-2019-q3-update/bin/../lib/gcc/arm-none-eabi/8.3.1/../../../../arm-none-eabi/lib/thumb/v7e-m+fp/hard/librdimon_nano.a(rdimon-syscalls.o)
                0x00000000000035d0                _swistat
 .text._stat    0x0000000000003612       0x3a /home/mhardenburgh/gcc-arm-none-eabi-8-2019-q3-update/bin/../lib/gcc/arm-none-eabi/8.3.1/../../../../arm-none-eabi/lib/thumb/v7e-m+fp/hard/librdimon_nano.a(rdimon-syscalls.o)
                0x0000000000003612                _stat
 .text._swiopen
                0x000000000000364c       0xb4 /home/mhardenburgh/gcc-arm-none-eabi-8-2019-q3-update/bin/../lib/gcc/arm-none-eabi/8.3.1/../../../../arm-none-eabi/lib/thumb/v7e-m+fp/hard/librdimon_nano.a(rdimon-syscalls.o)
                0x000000000000364c                _swiopen
 .text._get_semihosting_exts
                0x0000000000003700       0xb4 /home/mhardenburgh/gcc-arm-none-eabi-8-2019-q3-update/bin/../lib/gcc/arm-none-eabi/8.3.1/../../../../arm-none-eabi/lib/thumb/v7e-m+fp/hard/librdimon_nano.a(rdimon-syscalls.o)
                0x0000000000003700                _get_semihosting_exts
 .text.initialise_semihosting_exts
                0x00000000000037b4       0x34 /home/mhardenburgh/gcc-arm-none-eabi-8-2019-q3-update/bin/../lib/gcc/arm-none-eabi/8.3.1/../../../../arm-none-eabi/lib/thumb/v7e-m+fp/hard/librdimon_nano.a(rdimon-syscalls.o)
 .text._has_ext_exit_extended
                0x00000000000037e8       0x18 /home/mhardenburgh/gcc-arm-none-eabi-8-2019-q3-update/bin/../lib/gcc/arm-none-eabi/8.3.1/../../../../arm-none-eabi/lib/thumb/v7e-m+fp/hard/librdimon_nano.a(rdimon-syscalls.o)
                0x00000000000037e8                _has_ext_exit_extended
 .text._exit    0x0000000000003800       0x14 /home/mhardenburgh/gcc-arm-none-eabi-8-2019-q3-update/bin/../lib/gcc/arm-none-eabi/8.3.1/../../../../arm-none-eabi/lib/thumb/v7e-m+fp/hard/librdimon_nano.a(rdimon-_exit.o)
                0x0000000000003800                _exit
 .text._kill_shared
                0x0000000000003814       0x26 /home/mhardenburgh/gcc-arm-none-eabi-8-2019-q3-update/bin/../lib/gcc/arm-none-eabi/8.3.1/../../../../arm-none-eabi/lib/thumb/v7e-m+fp/hard/librdimon_nano.a(rdimon-_kill.o)
                0x0000000000003814                _kill_shared
 *fill*         0x000000000000383a        0x2 
 .text._kill    0x000000000000383c       0x18 /home/mhardenburgh/gcc-arm-none-eabi-8-2019-q3-update/bin/../lib/gcc/arm-none-eabi/8.3.1/../../../../arm-none-eabi/lib/thumb/v7e-m+fp/hard/librdimon_nano.a(rdimon-_kill.o)
                0x000000000000383c                _kill
 .text.__errno  0x0000000000003854        0xc /home/mhardenburgh/gcc-arm-none-eabi-8-2019-q3-update/bin/../lib/gcc/arm-none-eabi/8.3.1/../../../../arm-none-eabi/lib/thumb/v7e-m+fp/hard/libc_nano.a(lib_a-errno.o)
                0x0000000000003854                __errno
 .text.std      0x0000000000003860       0x48 /home/mhardenburgh/gcc-arm-none-eabi-8-2019-q3-update/bin/../lib/gcc/arm-none-eabi/8.3.1/../../../../arm-none-eabi/lib/thumb/v7e-m+fp/hard/libc_nano.a(lib_a-findfp.o)
 .text._cleanup_r
                0x00000000000038a8        0xc /home/mhardenburgh/gcc-arm-none-eabi-8-2019-q3-update/bin/../lib/gcc/arm-none-eabi/8.3.1/../../../../arm-none-eabi/lib/thumb/v7e-m+fp/hard/libc_nano.a(lib_a-findfp.o)
                0x00000000000038a8                _cleanup_r
 .text.__sfmoreglue
                0x00000000000038b4       0x2c /home/mhardenburgh/gcc-arm-none-eabi-8-2019-q3-update/bin/../lib/gcc/arm-none-eabi/8.3.1/../../../../arm-none-eabi/lib/thumb/v7e-m+fp/hard/libc_nano.a(lib_a-findfp.o)
                0x00000000000038b4                __sfmoreglue
 .text.__sfp_lock_acquire
                0x00000000000038e0        0xc /home/mhardenburgh/gcc-arm-none-eabi-8-2019-q3-update/bin/../lib/gcc/arm-none-eabi/8.3.1/../../../../arm-none-eabi/lib/thumb/v7e-m+fp/hard/libc_nano.a(lib_a-findfp.o)
                0x00000000000038e0                __sfp_lock_acquire
 .text.__sfp_lock_release
                0x00000000000038ec        0xc /home/mhardenburgh/gcc-arm-none-eabi-8-2019-q3-update/bin/../lib/gcc/arm-none-eabi/8.3.1/../../../../arm-none-eabi/lib/thumb/v7e-m+fp/hard/libc_nano.a(lib_a-findfp.o)
                0x00000000000038ec                __sfp_lock_release
 .text.__sinit_lock_acquire
                0x00000000000038f8        0xc /home/mhardenburgh/gcc-arm-none-eabi-8-2019-q3-update/bin/../lib/gcc/arm-none-eabi/8.3.1/../../../../arm-none-eabi/lib/thumb/v7e-m+fp/hard/libc_nano.a(lib_a-findfp.o)
                0x00000000000038f8                __sinit_lock_acquire
 .text.__sinit_lock_release
                0x0000000000003904        0xc /home/mhardenburgh/gcc-arm-none-eabi-8-2019-q3-update/bin/../lib/gcc/arm-none-eabi/8.3.1/../../../../arm-none-eabi/lib/thumb/v7e-m+fp/hard/libc_nano.a(lib_a-findfp.o)
                0x0000000000003904                __sinit_lock_release
 .text.__sinit  0x0000000000003910       0x70 /home/mhardenburgh/gcc-arm-none-eabi-8-2019-q3-update/bin/../lib/gcc/arm-none-eabi/8.3.1/../../../../arm-none-eabi/lib/thumb/v7e-m+fp/hard/libc_nano.a(lib_a-findfp.o)
                0x0000000000003910                __sinit
 .text.__sfp    0x0000000000003980       0x8c /home/mhardenburgh/gcc-arm-none-eabi-8-2019-q3-update/bin/../lib/gcc/arm-none-eabi/8.3.1/../../../../arm-none-eabi/lib/thumb/v7e-m+fp/hard/libc_nano.a(lib_a-findfp.o)
                0x0000000000003980                __sfp
 .text._fwalk_reent
                0x0000000000003a0c       0x3c /home/mhardenburgh/gcc-arm-none-eabi-8-2019-q3-update/bin/../lib/gcc/arm-none-eabi/8.3.1/../../../../arm-none-eabi/lib/thumb/v7e-m+fp/hard/libc_nano.a(lib_a-fwalk.o)
                0x0000000000003a0c                _fwalk_reent
 .text.__sread  0x0000000000003a48       0x22 /home/mhardenburgh/gcc-arm-none-eabi-8-2019-q3-update/bin/../lib/gcc/arm-none-eabi/8.3.1/../../../../arm-none-eabi/lib/thumb/v7e-m+fp/hard/libc_nano.a(lib_a-stdio.o)
                0x0000000000003a48                __sread
 .text.__swrite
                0x0000000000003a6a       0x38 /home/mhardenburgh/gcc-arm-none-eabi-8-2019-q3-update/bin/../lib/gcc/arm-none-eabi/8.3.1/../../../../arm-none-eabi/lib/thumb/v7e-m+fp/hard/libc_nano.a(lib_a-stdio.o)
                0x0000000000003a6a                __swrite
 .text.__sseek  0x0000000000003aa2       0x24 /home/mhardenburgh/gcc-arm-none-eabi-8-2019-q3-update/bin/../lib/gcc/arm-none-eabi/8.3.1/../../../../arm-none-eabi/lib/thumb/v7e-m+fp/hard/libc_nano.a(lib_a-stdio.o)
                0x0000000000003aa2                __sseek
 .text.__sclose
                0x0000000000003ac6        0x8 /home/mhardenburgh/gcc-arm-none-eabi-8-2019-q3-update/bin/../lib/gcc/arm-none-eabi/8.3.1/../../../../arm-none-eabi/lib/thumb/v7e-m+fp/hard/libc_nano.a(lib_a-stdio.o)
                0x0000000000003ac6                __sclose
 .text          0x0000000000003ace       0x10 /home/mhardenburgh/gcc-arm-none-eabi-8-2019-q3-update/bin/../lib/gcc/arm-none-eabi/8.3.1/../../../../arm-none-eabi/lib/thumb/v7e-m+fp/hard/libc_nano.a(lib_a-strlen.o)
                0x0000000000003ace                strlen
 *fill*         0x0000000000003ade        0x2 
 .text._write_r
                0x0000000000003ae0       0x24 /home/mhardenburgh/gcc-arm-none-eabi-8-2019-q3-update/bin/../lib/gcc/arm-none-eabi/8.3.1/../../../../arm-none-eabi/lib/thumb/v7e-m+fp/hard/libc_nano.a(lib_a-writer.o)
                0x0000000000003ae0                _write_r
 .text._close_r
                0x0000000000003b04       0x20 /home/mhardenburgh/gcc-arm-none-eabi-8-2019-q3-update/bin/../lib/gcc/arm-none-eabi/8.3.1/../../../../arm-none-eabi/lib/thumb/v7e-m+fp/hard/libc_nano.a(lib_a-closer.o)
                0x0000000000003b04                _close_r
 .text.__sflush_r
                0x0000000000003b24      0x10c /home/mhardenburgh/gcc-arm-none-eabi-8-2019-q3-update/bin/../lib/gcc/arm-none-eabi/8.3.1/../../../../arm-none-eabi/lib/thumb/v7e-m+fp/hard/libc_nano.a(lib_a-fflush.o)
                0x0000000000003b24                __sflush_r
 .text._fflush_r
                0x0000000000003c30       0x78 /home/mhardenburgh/gcc-arm-none-eabi-8-2019-q3-update/bin/../lib/gcc/arm-none-eabi/8.3.1/../../../../arm-none-eabi/lib/thumb/v7e-m+fp/hard/libc_nano.a(lib_a-fflush.o)
                0x0000000000003c30                _fflush_r
 .text._lseek_r
                0x0000000000003ca8       0x24 /home/mhardenburgh/gcc-arm-none-eabi-8-2019-q3-update/bin/../lib/gcc/arm-none-eabi/8.3.1/../../../../arm-none-eabi/lib/thumb/v7e-m+fp/hard/libc_nano.a(lib_a-lseekr.o)
                0x0000000000003ca8                _lseek_r
 .text._read_r  0x0000000000003ccc       0x24 /home/mhardenburgh/gcc-arm-none-eabi-8-2019-q3-update/bin/../lib/gcc/arm-none-eabi/8.3.1/../../../../arm-none-eabi/lib/thumb/v7e-m+fp/hard/libc_nano.a(lib_a-readr.o)
                0x0000000000003ccc                _read_r
 *(.init)
 .init          0x0000000000003cf0        0x4 /home/mhardenburgh/gcc-arm-none-eabi-8-2019-q3-update/bin/../lib/gcc/arm-none-eabi/8.3.1/thumb/v7e-m+fp/hard/crti.o
                0x0000000000003cf0                _init
 .init          0x0000000000003cf4        0x8 /home/mhardenburgh/gcc-arm-none-eabi-8-2019-q3-update/bin/../lib/gcc/arm-none-eabi/8.3.1/thumb/v7e-m+fp/hard/crtn.o
 *(.fini)
 .fini          0x0000000000003cfc        0x4 /home/mhardenburgh/gcc-arm-none-eabi-8-2019-q3-update/bin/../lib/gcc/arm-none-eabi/8.3.1/thumb/v7e-m+fp/hard/crti.o
                0x0000000000003cfc                _fini
 .fini          0x0000000000003d00        0x8 /home/mhardenburgh/gcc-arm-none-eabi-8-2019-q3-update/bin/../lib/gcc/arm-none-eabi/8.3.1/thumb/v7e-m+fp/hard/crtn.o
 *crtbegin.o(.ctors)
 *crtbegin?.o(.ctors)
 *(EXCLUDE_FILE(*crtend.o *crtend?.o) .ctors)
 *(SORT_BY_NAME(.ctors.*))
 *(.ctors)
 *crtbegin.o(.dtors)
 *crtbegin?.o(.dtors)
 *(EXCLUDE_FILE(*crtend.o *crtend?.o) .dtors)
 *(SORT_BY_NAME(.dtors.*))
 *(.dtors)
 *(.rodata*)
 .rodata        0x0000000000003d08       0xf4 corePeripherals/nvic/nvic.o
                0x0000000000003d0c                Nvic::ENn_OFFSET
                0x0000000000003d20                Nvic::DISn_OFFSET
                0x0000000000003d34                Nvic::PENDn_OFFSET
                0x0000000000003d48                Nvic::UNPENDn_OFFSET
                0x0000000000003d5c                Nvic::ACTIVEn_OFFSET
                0x0000000000003d70                Nvic::PRIn_OFFSET
 .rodata._global_impure_ptr
                0x0000000000003dfc        0x4 /home/mhardenburgh/gcc-arm-none-eabi-8-2019-q3-update/bin/../lib/gcc/arm-none-eabi/8.3.1/../../../../arm-none-eabi/lib/thumb/v7e-m+fp/hard/libg_nano.a(lib_a-impure.o)
                0x0000000000003dfc                _global_impure_ptr
 .rodata._get_semihosting_exts.str1.1
                0x0000000000003e00       0x16 /home/mhardenburgh/gcc-arm-none-eabi-8-2019-q3-update/bin/../lib/gcc/arm-none-eabi/8.3.1/../../../../arm-none-eabi/lib/thumb/v7e-m+fp/hard/librdimon_nano.a(rdimon-syscalls.o)
 *fill*         0x0000000000003e16        0x2 
 .rodata.__sf_fake_stderr
                0x0000000000003e18       0x20 /home/mhardenburgh/gcc-arm-none-eabi-8-2019-q3-update/bin/../lib/gcc/arm-none-eabi/8.3.1/../../../../arm-none-eabi/lib/thumb/v7e-m+fp/hard/libc_nano.a(lib_a-findfp.o)
                0x0000000000003e18                __sf_fake_stderr
 .rodata.__sf_fake_stdin
                0x0000000000003e38       0x20 /home/mhardenburgh/gcc-arm-none-eabi-8-2019-q3-update/bin/../lib/gcc/arm-none-eabi/8.3.1/../../../../arm-none-eabi/lib/thumb/v7e-m+fp/hard/libc_nano.a(lib_a-findfp.o)
                0x0000000000003e38                __sf_fake_stdin
 .rodata.__sf_fake_stdout
                0x0000000000003e58       0x20 /home/mhardenburgh/gcc-arm-none-eabi-8-2019-q3-update/bin/../lib/gcc/arm-none-eabi/8.3.1/../../../../arm-none-eabi/lib/thumb/v7e-m+fp/hard/libc_nano.a(lib_a-findfp.o)
                0x0000000000003e58                __sf_fake_stdout
 *(.eh_frame*)
 .eh_frame      0x0000000000003e78        0x0 /home/mhardenburgh/gcc-arm-none-eabi-8-2019-q3-update/bin/../lib/gcc/arm-none-eabi/8.3.1/thumb/v7e-m+fp/hard/crtbegin.o
 .eh_frame      0x0000000000003e78        0x4 /home/mhardenburgh/gcc-arm-none-eabi-8-2019-q3-update/bin/../lib/gcc/arm-none-eabi/8.3.1/thumb/v7e-m+fp/hard/crtend.o

.glue_7         0x0000000000003e7c        0x0
 .glue_7        0x0000000000003e7c        0x0 linker stubs

.glue_7t        0x0000000000003e7c        0x0
 .glue_7t       0x0000000000003e7c        0x0 linker stubs

.vfp11_veneer   0x0000000000003e7c        0x0
 .vfp11_veneer  0x0000000000003e7c        0x0 linker stubs

.v4_bx          0x0000000000003e7c        0x0
 .v4_bx         0x0000000000003e7c        0x0 linker stubs

.iplt           0x0000000000003e7c        0x0
 .iplt          0x0000000000003e7c        0x0 /home/mhardenburgh/gcc-arm-none-eabi-8-2019-q3-update/bin/../lib/gcc/arm-none-eabi/8.3.1/thumb/v7e-m+fp/hard/crtbegin.o

.ARM.extab      0x0000000000003e7c      0x138
 *(.ARM.extab* .gnu.linkonce.armextab.*)
 .ARM.extab     0x0000000000003e7c        0xc corePeripherals/nvic/nvic.o
 .ARM.extab     0x0000000000003e88       0xa8 adc/adc.o
 .ARM.extab     0x0000000000003f30        0xc systemControl/systemControl.o
 .ARM.extab     0x0000000000003f3c       0x3c gpio/gpio.o
 .ARM.extab     0x0000000000003f78       0x24 pwm/pwm.o
 .ARM.extab     0x0000000000003f9c       0x18 /home/mhardenburgh/gcc-arm-none-eabi-8-2019-q3-update/bin/../lib/gcc/arm-none-eabi/8.3.1/thumb/v7e-m+fp/hard/libgcc.a(pr-support.o)
                0x0000000000003fb4                __exidx_start = .

.ARM.exidx      0x0000000000003fb4      0x1c8
 *(.ARM.exidx* .gnu.linkonce.armexidx.*)
 .ARM.exidx     0x0000000000003fb4       0x20 main.o
                                         0x40 (size before relaxing)
 .ARM.exidx     0x0000000000003fd4        0x0 register/register.o
                                         0x60 (size before relaxing)
 .ARM.exidx     0x0000000000003fd4       0x10 corePeripherals/nvic/nvic.o
                                         0x30 (size before relaxing)
 .ARM.exidx     0x0000000000003fe4       0x78 adc/adc.o
                                         0x88 (size before relaxing)
 .ARM.exidx     0x000000000000405c       0x18 systemControl/systemControl.o
                                         0x20 (size before relaxing)
 .ARM.exidx     0x0000000000004074       0x30 gpio/gpio.o
                                         0x38 (size before relaxing)
 .ARM.exidx     0x00000000000040a4       0x28 pwm/pwm.o
 .ARM.exidx     0x00000000000040cc       0x78 /home/mhardenburgh/gcc-arm-none-eabi-8-2019-q3-update/bin/../lib/gcc/arm-none-eabi/8.3.1/thumb/v7e-m+fp/hard/libgcc.a(unwind-arm.o)
                                         0xd8 (size before relaxing)
 .ARM.exidx     0x0000000000004144       0x38 /home/mhardenburgh/gcc-arm-none-eabi-8-2019-q3-update/bin/../lib/gcc/arm-none-eabi/8.3.1/thumb/v7e-m+fp/hard/libgcc.a(pr-support.o)
                0x000000000000417c                __exidx_end = .
                0x000000000000417c                __etext = ALIGN (0x4)

.rel.dyn        0x000000000000417c        0x0
 .rel.iplt      0x000000000000417c        0x0 /home/mhardenburgh/gcc-arm-none-eabi-8-2019-q3-update/bin/../lib/gcc/arm-none-eabi/8.3.1/thumb/v7e-m+fp/hard/crtbegin.o

.data           0x0000000020000000       0x8c load address 0x000000000000417c
                0x0000000020000000                __data_start__ = .
 *(vtable)
 *(.data*)
 .data          0x0000000020000000        0x4 /home/mhardenburgh/gcc-arm-none-eabi-8-2019-q3-update/bin/../lib/gcc/arm-none-eabi/8.3.1/thumb/v7e-m+fp/hard/crtbegin.o
                0x0000000020000000                __dso_handle
 .data          0x0000000020000004        0xc main.o
                0x0000000020000004                readme
                0x0000000020000008                voltageValue
                0x000000002000000c                sequencerPriority
 .data._impure_ptr
                0x0000000020000010        0x4 /home/mhardenburgh/gcc-arm-none-eabi-8-2019-q3-update/bin/../lib/gcc/arm-none-eabi/8.3.1/../../../../arm-none-eabi/lib/thumb/v7e-m+fp/hard/libg_nano.a(lib_a-impure.o)
                0x0000000020000010                _impure_ptr
 .data.impure_data
                0x0000000020000014       0x60 /home/mhardenburgh/gcc-arm-none-eabi-8-2019-q3-update/bin/../lib/gcc/arm-none-eabi/8.3.1/../../../../arm-none-eabi/lib/thumb/v7e-m+fp/hard/libg_nano.a(lib_a-impure.o)
 .data.__heap_limit
                0x0000000020000074        0x4 /home/mhardenburgh/gcc-arm-none-eabi-8-2019-q3-update/bin/../lib/gcc/arm-none-eabi/8.3.1/../../../../arm-none-eabi/lib/thumb/v7e-m+fp/hard/librdimon_nano.a(rdimon-syscalls.o)
                0x0000000020000074                __heap_limit
 .data.supports_ext_exit_extended
                0x0000000020000078        0x4 /home/mhardenburgh/gcc-arm-none-eabi-8-2019-q3-update/bin/../lib/gcc/arm-none-eabi/8.3.1/../../../../arm-none-eabi/lib/thumb/v7e-m+fp/hard/librdimon_nano.a(rdimon-syscalls.o)
 .data.supports_ext_stdout_stderr
                0x000000002000007c        0x4 /home/mhardenburgh/gcc-arm-none-eabi-8-2019-q3-update/bin/../lib/gcc/arm-none-eabi/8.3.1/../../../../arm-none-eabi/lib/thumb/v7e-m+fp/hard/librdimon_nano.a(rdimon-syscalls.o)
                0x0000000020000080                . = ALIGN (0x4)
                0x0000000020000080                PROVIDE (__preinit_array_start = .)
 *(.preinit_array)
                0x0000000020000080                PROVIDE (__preinit_array_end = .)
                0x0000000020000080                . = ALIGN (0x4)
                0x0000000020000080                PROVIDE (__init_array_start = .)
 *(SORT_BY_NAME(.init_array.*))
 *(.init_array)
 .init_array    0x0000000020000080        0x4 /home/mhardenburgh/gcc-arm-none-eabi-8-2019-q3-update/bin/../lib/gcc/arm-none-eabi/8.3.1/thumb/v7e-m+fp/hard/crtbegin.o
 .init_array    0x0000000020000084        0x4 main.o
                0x0000000020000088                PROVIDE (__init_array_end = .)
                0x0000000020000088                . = ALIGN (0x4)
                [!provide]                        PROVIDE (__fini_array_start = .)
 *(SORT_BY_NAME(.fini_array.*))
 *(.fini_array)
 .fini_array    0x0000000020000088        0x4 /home/mhardenburgh/gcc-arm-none-eabi-8-2019-q3-update/bin/../lib/gcc/arm-none-eabi/8.3.1/thumb/v7e-m+fp/hard/crtbegin.o
                [!provide]                        PROVIDE (__fini_array_end = .)
 *(.jcr*)
                0x000000002000008c                . = ALIGN (0x4)
                0x000000002000008c                __data_end__ = .

.igot.plt       0x000000002000008c        0x0 load address 0x0000000000004208
 .igot.plt      0x000000002000008c        0x0 /home/mhardenburgh/gcc-arm-none-eabi-8-2019-q3-update/bin/../lib/gcc/arm-none-eabi/8.3.1/thumb/v7e-m+fp/hard/crtbegin.o

.bss            0x000000002000008c      0x194 load address 0x0000000000004208
                0x000000002000008c                . = ALIGN (0x4)
                0x000000002000008c                __bss_start__ = .
 *(.bss*)
 .bss           0x000000002000008c       0x1c /home/mhardenburgh/gcc-arm-none-eabi-8-2019-q3-update/bin/../lib/gcc/arm-none-eabi/8.3.1/thumb/v7e-m+fp/hard/crtbegin.o
 .bss           0x00000000200000a8       0xbc main.o
                0x00000000200000a8                adcResolution
                0x00000000200000ac                greenLed
                0x00000000200000c4                blueLed
                0x00000000200000dc                redLed
                0x00000000200000f4                swtich1
                0x000000002000010c                swtich2
                0x0000000020000124                adcPin
                0x000000002000013c                greenPwm
                0x0000000020000144                testAdc
 .bss.__malloc_free_list
                0x0000000020000164        0x4 /home/mhardenburgh/gcc-arm-none-eabi-8-2019-q3-update/bin/../lib/gcc/arm-none-eabi/8.3.1/../../../../arm-none-eabi/lib/thumb/v7e-m+fp/hard/libg_nano.a(lib_a-nano-mallocr.o)
                0x0000000020000164                __malloc_free_list
 .bss.__malloc_sbrk_start
                0x0000000020000168        0x4 /home/mhardenburgh/gcc-arm-none-eabi-8-2019-q3-update/bin/../lib/gcc/arm-none-eabi/8.3.1/../../../../arm-none-eabi/lib/thumb/v7e-m+fp/hard/libg_nano.a(lib_a-nano-mallocr.o)
                0x0000000020000168                __malloc_sbrk_start
 .bss.heap_end.7697
                0x000000002000016c        0x4 /home/mhardenburgh/gcc-arm-none-eabi-8-2019-q3-update/bin/../lib/gcc/arm-none-eabi/8.3.1/../../../../arm-none-eabi/lib/thumb/v7e-m+fp/hard/librdimon_nano.a(rdimon-syscalls.o)
 .bss.openfiles
                0x0000000020000170       0xa0 /home/mhardenburgh/gcc-arm-none-eabi-8-2019-q3-update/bin/../lib/gcc/arm-none-eabi/8.3.1/../../../../arm-none-eabi/lib/thumb/v7e-m+fp/hard/librdimon_nano.a(rdimon-syscalls.o)
 *(COMMON)
 COMMON         0x0000000020000210        0x4 /home/mhardenburgh/gcc-arm-none-eabi-8-2019-q3-update/bin/../lib/gcc/arm-none-eabi/8.3.1/../../../../arm-none-eabi/lib/thumb/v7e-m+fp/hard/libg_nano.a(lib_a-reent.o)
                0x0000000020000210                errno
 COMMON         0x0000000020000214        0x9 /home/mhardenburgh/gcc-arm-none-eabi-8-2019-q3-update/bin/../lib/gcc/arm-none-eabi/8.3.1/../../../../arm-none-eabi/lib/thumb/v7e-m+fp/hard/libg_nano.a(lib_a-lock.o)
                0x0000000020000214                __lock___atexit_recursive_mutex
                0x0000000020000215                __lock___arc4random_mutex
                0x0000000020000216                __lock___env_recursive_mutex
                0x0000000020000217                __lock___sinit_recursive_mutex
                0x0000000020000218                __lock___malloc_recursive_mutex
                0x0000000020000219                __lock___at_quick_exit_mutex
                0x000000002000021a                __lock___dd_hash_mutex
                0x000000002000021b                __lock___tz_mutex
                0x000000002000021c                __lock___sfp_recursive_mutex
                0x0000000020000220                . = ALIGN (0x4)
 *fill*         0x000000002000021d        0x3 
                0x0000000020000220                __bss_end__ = .

.heap           0x0000000020000220        0x0
                0x0000000020000220                __end__ = .
                0x0000000020000220                PROVIDE (end = .)
 *(.heap*)
 .heap          0x0000000020000220        0x0 startup_ARMCM4.o
                0x0000000020000220                __HeapLimit = .

.stack_dummy    0x0000000020000220      0x400
 *(.stack*)
 .stack         0x0000000020000220      0x400 startup_ARMCM4.o
                0x0000000020008000                __StackTop = (ORIGIN (RAM) + LENGTH (RAM))
                0x0000000020007c00                __StackLimit = (__StackTop - SIZEOF (.stack_dummy))
                [!provide]                        PROVIDE (__stack = __StackTop)
                0x0000000000000001                ASSERT ((__StackLimit >= __HeapLimit), region RAM overflowed with stack)
OUTPUT(main.elf elf32-littlearm)

.ARM.attributes
                0x0000000000000000       0x30
 .ARM.attributes
                0x0000000000000000       0x1e /home/mhardenburgh/gcc-arm-none-eabi-8-2019-q3-update/bin/../lib/gcc/arm-none-eabi/8.3.1/thumb/v7e-m+fp/hard/crti.o
 .ARM.attributes
                0x000000000000001e       0x34 /home/mhardenburgh/gcc-arm-none-eabi-8-2019-q3-update/bin/../lib/gcc/arm-none-eabi/8.3.1/thumb/v7e-m+fp/hard/crtbegin.o
 .ARM.attributes
                0x0000000000000052       0x20 startup_ARMCM4.o
 .ARM.attributes
                0x0000000000000072       0x34 main.o
 .ARM.attributes
                0x00000000000000a6       0x34 register/register.o
 .ARM.attributes
                0x00000000000000da       0x34 corePeripherals/nvic/nvic.o
 .ARM.attributes
                0x000000000000010e       0x34 adc/adc.o
 .ARM.attributes
                0x0000000000000142       0x34 systemControl/systemControl.o
 .ARM.attributes
                0x0000000000000176       0x34 gpio/gpio.o
 .ARM.attributes
                0x00000000000001aa       0x34 pwm/pwm.o
 .ARM.attributes
                0x00000000000001de       0x34 /home/mhardenburgh/gcc-arm-none-eabi-8-2019-q3-update/bin/../lib/gcc/arm-none-eabi/8.3.1/../../../../arm-none-eabi/lib/thumb/v7e-m+fp/hard/libstdc++_nano.a(atexit_arm.o)
 .ARM.attributes
                0x0000000000000212       0x1e /home/mhardenburgh/gcc-arm-none-eabi-8-2019-q3-update/bin/../lib/gcc/arm-none-eabi/8.3.1/thumb/v7e-m+fp/hard/libgcc.a(_arm_addsubdf3.o)
 .ARM.attributes
                0x0000000000000230       0x1e /home/mhardenburgh/gcc-arm-none-eabi-8-2019-q3-update/bin/../lib/gcc/arm-none-eabi/8.3.1/thumb/v7e-m+fp/hard/libgcc.a(_arm_muldivdf3.o)
 .ARM.attributes
                0x000000000000024e       0x1e /home/mhardenburgh/gcc-arm-none-eabi-8-2019-q3-update/bin/../lib/gcc/arm-none-eabi/8.3.1/thumb/v7e-m+fp/hard/libgcc.a(_arm_truncdfsf2.o)
 .ARM.attributes
                0x000000000000026c       0x34 /home/mhardenburgh/gcc-arm-none-eabi-8-2019-q3-update/bin/../lib/gcc/arm-none-eabi/8.3.1/../../../../arm-none-eabi/lib/thumb/v7e-m+fp/hard/libg_nano.a(lib_a-cxa_atexit.o)
 .ARM.attributes
                0x00000000000002a0       0x32 /home/mhardenburgh/gcc-arm-none-eabi-8-2019-q3-update/bin/../lib/gcc/arm-none-eabi/8.3.1/../../../../arm-none-eabi/lib/thumb/v7e-m+fp/hard/libg_nano.a(lib_a-impure.o)
 .ARM.attributes
                0x00000000000002d2       0x34 /home/mhardenburgh/gcc-arm-none-eabi-8-2019-q3-update/bin/../lib/gcc/arm-none-eabi/8.3.1/../../../../arm-none-eabi/lib/thumb/v7e-m+fp/hard/libg_nano.a(lib_a-malloc.o)
 .ARM.attributes
                0x0000000000000306       0x34 /home/mhardenburgh/gcc-arm-none-eabi-8-2019-q3-update/bin/../lib/gcc/arm-none-eabi/8.3.1/../../../../arm-none-eabi/lib/thumb/v7e-m+fp/hard/libg_nano.a(lib_a-nano-freer.o)
 .ARM.attributes
                0x000000000000033a       0x34 /home/mhardenburgh/gcc-arm-none-eabi-8-2019-q3-update/bin/../lib/gcc/arm-none-eabi/8.3.1/../../../../arm-none-eabi/lib/thumb/v7e-m+fp/hard/libg_nano.a(lib_a-nano-mallocr.o)
 .ARM.attributes
                0x000000000000036e       0x34 /home/mhardenburgh/gcc-arm-none-eabi-8-2019-q3-update/bin/../lib/gcc/arm-none-eabi/8.3.1/../../../../arm-none-eabi/lib/thumb/v7e-m+fp/hard/libg_nano.a(lib_a-sbrkr.o)
 .ARM.attributes
                0x00000000000003a2       0x34 /home/mhardenburgh/gcc-arm-none-eabi-8-2019-q3-update/bin/../lib/gcc/arm-none-eabi/8.3.1/../../../../arm-none-eabi/lib/thumb/v7e-m+fp/hard/libg_nano.a(lib_a-mlock.o)
 .ARM.attributes
                0x00000000000003d6       0x34 /home/mhardenburgh/gcc-arm-none-eabi-8-2019-q3-update/bin/../lib/gcc/arm-none-eabi/8.3.1/../../../../arm-none-eabi/lib/thumb/v7e-m+fp/hard/libg_nano.a(lib_a-reent.o)
 .ARM.attributes
                0x000000000000040a       0x34 /home/mhardenburgh/gcc-arm-none-eabi-8-2019-q3-update/bin/../lib/gcc/arm-none-eabi/8.3.1/../../../../arm-none-eabi/lib/thumb/v7e-m+fp/hard/libg_nano.a(lib_a-lock.o)
 .ARM.attributes
                0x000000000000043e       0x34 /home/mhardenburgh/gcc-arm-none-eabi-8-2019-q3-update/bin/../lib/gcc/arm-none-eabi/8.3.1/../../../../arm-none-eabi/lib/thumb/v7e-m+fp/hard/librdimon_nano.a(rdimon-syscalls.o)
 .ARM.attributes
                0x0000000000000472       0x34 /home/mhardenburgh/gcc-arm-none-eabi-8-2019-q3-update/bin/../lib/gcc/arm-none-eabi/8.3.1/../../../../arm-none-eabi/lib/thumb/v7e-m+fp/hard/libc_nano.a(lib_a-errno.o)
 .ARM.attributes
                0x00000000000004a6       0x34 /home/mhardenburgh/gcc-arm-none-eabi-8-2019-q3-update/bin/../lib/gcc/arm-none-eabi/8.3.1/../../../../arm-none-eabi/lib/thumb/v7e-m+fp/hard/libc_nano.a(lib_a-findfp.o)
 .ARM.attributes
                0x00000000000004da       0x32 /home/mhardenburgh/gcc-arm-none-eabi-8-2019-q3-update/bin/../lib/gcc/arm-none-eabi/8.3.1/thumb/v7e-m+fp/hard/crtend.o
 .ARM.attributes
                0x000000000000050c       0x1e /home/mhardenburgh/gcc-arm-none-eabi-8-2019-q3-update/bin/../lib/gcc/arm-none-eabi/8.3.1/thumb/v7e-m+fp/hard/crtn.o

.comment        0x0000000000000000       0x76
 .comment       0x0000000000000000       0x76 main.o
                                         0x77 (size before relaxing)
 .comment       0x0000000000000076       0x77 register/register.o
 .comment       0x0000000000000076       0x77 corePeripherals/nvic/nvic.o
 .comment       0x0000000000000076       0x77 adc/adc.o
 .comment       0x0000000000000076       0x77 systemControl/systemControl.o
 .comment       0x0000000000000076       0x77 gpio/gpio.o
 .comment       0x0000000000000076       0x77 pwm/pwm.o

.debug_line     0x0000000000000000     0x267c
 .debug_line    0x0000000000000000       0x60 startup_ARMCM4.o
 .debug_line    0x0000000000000060      0x509 main.o
 .debug_line    0x0000000000000569      0x452 register/register.o
 .debug_line    0x00000000000009bb      0x43f corePeripherals/nvic/nvic.o
 .debug_line    0x0000000000000dfa      0x998 adc/adc.o
 .debug_line    0x0000000000001792      0x419 systemControl/systemControl.o
 .debug_line    0x0000000000001bab      0x5b4 gpio/gpio.o
 .debug_line    0x000000000000215f      0x51d pwm/pwm.o

.debug_info     0x0000000000000000     0xeb6c
 .debug_info    0x0000000000000000       0x26 startup_ARMCM4.o
 .debug_info    0x0000000000000026     0x2ffd main.o
 .debug_info    0x0000000000003023     0x1ab0 register/register.o
 .debug_info    0x0000000000004ad3     0x1f0a corePeripherals/nvic/nvic.o
 .debug_info    0x00000000000069dd     0x2509 adc/adc.o
 .debug_info    0x0000000000008ee6     0x1d3a systemControl/systemControl.o
 .debug_info    0x000000000000ac20     0x1f0e gpio/gpio.o
 .debug_info    0x000000000000cb2e     0x203e pwm/pwm.o

.debug_abbrev   0x0000000000000000     0x2795
 .debug_abbrev  0x0000000000000000       0x14 startup_ARMCM4.o
 .debug_abbrev  0x0000000000000014      0x638 main.o
 .debug_abbrev  0x000000000000064c      0x54f register/register.o
 .debug_abbrev  0x0000000000000b9b      0x593 corePeripherals/nvic/nvic.o
 .debug_abbrev  0x000000000000112e      0x639 adc/adc.o
 .debug_abbrev  0x0000000000001767      0x540 systemControl/systemControl.o
 .debug_abbrev  0x0000000000001ca7      0x55c gpio/gpio.o
 .debug_abbrev  0x0000000000002203      0x592 pwm/pwm.o

.debug_aranges  0x0000000000000000      0x100
 .debug_aranges
                0x0000000000000000       0x20 startup_ARMCM4.o
 .debug_aranges
                0x0000000000000020       0x20 main.o
 .debug_aranges
                0x0000000000000040       0x20 register/register.o
 .debug_aranges
                0x0000000000000060       0x20 corePeripherals/nvic/nvic.o
 .debug_aranges
                0x0000000000000080       0x20 adc/adc.o
 .debug_aranges
                0x00000000000000a0       0x20 systemControl/systemControl.o
 .debug_aranges
                0x00000000000000c0       0x20 gpio/gpio.o
 .debug_aranges
                0x00000000000000e0       0x20 pwm/pwm.o

.debug_str      0x0000000000000000     0x39b9
 .debug_str     0x0000000000000000       0x47 startup_ARMCM4.o
 .debug_str     0x0000000000000047     0x26e0 main.o
                                       0x2941 (size before relaxing)
 .debug_str     0x0000000000002727      0x201 register/register.o
                                       0x107a (size before relaxing)
 .debug_str     0x0000000000002928      0xc59 corePeripherals/nvic/nvic.o
                                       0x1b3f (size before relaxing)
 .debug_str     0x0000000000003581       0x9c adc/adc.o
                                       0x1e77 (size before relaxing)
 .debug_str     0x000000000000361d      0x2ee systemControl/systemControl.o
                                       0x162b (size before relaxing)
 .debug_str     0x000000000000390b       0x28 gpio/gpio.o
                                       0x1a89 (size before relaxing)
 .debug_str     0x0000000000003933       0x86 pwm/pwm.o
                                       0x1697 (size before relaxing)

.debug_frame    0x0000000000000000     0x1168
 .debug_frame   0x0000000000000000      0x100 main.o
 .debug_frame   0x0000000000000100      0x1d0 register/register.o
 .debug_frame   0x00000000000002d0       0xf4 corePeripherals/nvic/nvic.o
 .debug_frame   0x00000000000003c4      0x288 adc/adc.o
 .debug_frame   0x000000000000064c       0xac systemControl/systemControl.o
 .debug_frame   0x00000000000006f8      0x11c gpio/gpio.o
 .debug_frame   0x0000000000000814       0xd8 pwm/pwm.o
 .debug_frame   0x00000000000008ec       0x20 /home/mhardenburgh/gcc-arm-none-eabi-8-2019-q3-update/bin/../lib/gcc/arm-none-eabi/8.3.1/../../../../arm-none-eabi/lib/thumb/v7e-m+fp/hard/libstdc++_nano.a(atexit_arm.o)
 .debug_frame   0x000000000000090c       0xac /home/mhardenburgh/gcc-arm-none-eabi-8-2019-q3-update/bin/../lib/gcc/arm-none-eabi/8.3.1/thumb/v7e-m+fp/hard/libgcc.a(_arm_addsubdf3.o)
 .debug_frame   0x00000000000009b8       0x50 /home/mhardenburgh/gcc-arm-none-eabi-8-2019-q3-update/bin/../lib/gcc/arm-none-eabi/8.3.1/thumb/v7e-m+fp/hard/libgcc.a(_arm_muldivdf3.o)
 .debug_frame   0x0000000000000a08       0x24 /home/mhardenburgh/gcc-arm-none-eabi-8-2019-q3-update/bin/../lib/gcc/arm-none-eabi/8.3.1/thumb/v7e-m+fp/hard/libgcc.a(_arm_truncdfsf2.o)
 .debug_frame   0x0000000000000a2c       0x28 /home/mhardenburgh/gcc-arm-none-eabi-8-2019-q3-update/bin/../lib/gcc/arm-none-eabi/8.3.1/../../../../arm-none-eabi/lib/thumb/v7e-m+fp/hard/libg_nano.a(lib_a-cxa_atexit.o)
 .debug_frame   0x0000000000000a54       0x30 /home/mhardenburgh/gcc-arm-none-eabi-8-2019-q3-update/bin/../lib/gcc/arm-none-eabi/8.3.1/../../../../arm-none-eabi/lib/thumb/v7e-m+fp/hard/libg_nano.a(lib_a-malloc.o)
 .debug_frame   0x0000000000000a84       0x38 /home/mhardenburgh/gcc-arm-none-eabi-8-2019-q3-update/bin/../lib/gcc/arm-none-eabi/8.3.1/../../../../arm-none-eabi/lib/thumb/v7e-m+fp/hard/libg_nano.a(lib_a-nano-freer.o)
 .debug_frame   0x0000000000000abc       0x30 /home/mhardenburgh/gcc-arm-none-eabi-8-2019-q3-update/bin/../lib/gcc/arm-none-eabi/8.3.1/../../../../arm-none-eabi/lib/thumb/v7e-m+fp/hard/libg_nano.a(lib_a-nano-mallocr.o)
 .debug_frame   0x0000000000000aec       0x2c /home/mhardenburgh/gcc-arm-none-eabi-8-2019-q3-update/bin/../lib/gcc/arm-none-eabi/8.3.1/../../../../arm-none-eabi/lib/thumb/v7e-m+fp/hard/libg_nano.a(lib_a-sbrkr.o)
 .debug_frame   0x0000000000000b18       0x30 /home/mhardenburgh/gcc-arm-none-eabi-8-2019-q3-update/bin/../lib/gcc/arm-none-eabi/8.3.1/../../../../arm-none-eabi/lib/thumb/v7e-m+fp/hard/libg_nano.a(lib_a-mlock.o)
 .debug_frame   0x0000000000000b48       0x5c /home/mhardenburgh/gcc-arm-none-eabi-8-2019-q3-update/bin/../lib/gcc/arm-none-eabi/8.3.1/../../../../arm-none-eabi/lib/thumb/v7e-m+fp/hard/libg_nano.a(lib_a-reent.o)
 .debug_frame   0x0000000000000ba4       0xb0 /home/mhardenburgh/gcc-arm-none-eabi-8-2019-q3-update/bin/../lib/gcc/arm-none-eabi/8.3.1/../../../../arm-none-eabi/lib/thumb/v7e-m+fp/hard/libg_nano.a(lib_a-lock.o)
 .debug_frame   0x0000000000000c54      0x3a8 /home/mhardenburgh/gcc-arm-none-eabi-8-2019-q3-update/bin/../lib/gcc/arm-none-eabi/8.3.1/../../../../arm-none-eabi/lib/thumb/v7e-m+fp/hard/librdimon_nano.a(rdimon-syscalls.o)
 .debug_frame   0x0000000000000ffc       0x20 /home/mhardenburgh/gcc-arm-none-eabi-8-2019-q3-update/bin/../lib/gcc/arm-none-eabi/8.3.1/../../../../arm-none-eabi/lib/thumb/v7e-m+fp/hard/libc_nano.a(lib_a-errno.o)
 .debug_frame   0x000000000000101c      0x14c /home/mhardenburgh/gcc-arm-none-eabi-8-2019-q3-update/bin/../lib/gcc/arm-none-eabi/8.3.1/../../../../arm-none-eabi/lib/thumb/v7e-m+fp/hard/libc_nano.a(lib_a-findfp.o)

.debug_ranges   0x0000000000000000       0x18
 .debug_ranges  0x0000000000000000       0x18 register/register.o
